2026-06-24 16:02:01 [5d6090ec] DM: ## 备团思考

**冒险模组**: 《施特拉德的诅咒》(Curse of Strahd) - v1.3 中文版
**玩家数量**: 4人（人类指定）

**开场设定**:
根据"简介 Introduction"和"第1章：踏入迷雾 Into the Mists"，冒险的开场是这样的：
冒险者们被神秘的迷雾所困，一封来自施特拉德的邀请函或某种命运的牵引将他们带到了巴洛维亚——一个被诅咒的恐惧领域。

**冒险契机**（从章节结构中可以看到）：
- 冒险者可以通过不同方式进入巴洛维亚
- 典型的开局是：冒险者们接到一封来自"考利安·英迪洛维奇村长"的信，或收到施特拉德的"邀请函"
- 迷雾会将他们包围，最终他们发现自己已经身在巴洛维亚

**我计划的流程**：
1. 创建4个Player agent
2. 在酒馆大厅发布简短的世界描述
3. 逐个询问每位玩家他们想扮演什么样的冒险者（轮流，一次一个）
4. 为每位玩家创建角色卡
5. 全部创建完成后，开场叙事

**氛围**：哥特式恐怖、黑暗、绝望、迷雾笼罩的巴洛维亚

2026-06-24 16:03:53 [5d6090ec] DM: 状态更新：
- 4个Player agents已创建（玩家1、玩家2、玩家3、玩家4）
- 在酒馆大厅发出了开场描述和角色创建邀请
- Player agents尚未响应

可能原因：这些Player agents可能需要人类玩家来接手，或者它们需要被直接触发/点名对话。我再等等看。

2026-06-24 16:04:23 [5d6090ec] DM: 详细阅读了《施特拉德的诅咒》的开场内容。

**开场采用的方式**（根据冒险契机）：
标准开场中，冒险者们被迷雾困在巴洛维亚，他们可能是：
1. 收到考利安·英迪洛维奇村长的信请求帮助
2. 收到施特拉德的"邀请函"
3. 被维斯塔尼人的大篷车诱拐
4. 在斯瓦里奇森林中迷失后被迷雾包围

我选择了"迷雾突然包围，将他们传送到巴洛维亚"这种方式——经典而直接。

**状态**：4个Player agents已创建，但尚未收到回复。可能是需要等待人类玩家来认领这些角色并发言。我继续等待。

2026-06-24 16:05:31 [5d6090ec] DM: Player agents created but no responses yet. This is normal — they are waiting for human players to claim and speak through them.

I'll continue to maintain atmosphere and wait. The adventure is ready to begin as soon as players introduce themselves.

2026-06-24 16:05:43 [5d6090ec] DM: **准备完成。** 

冒险模组：《施特拉德的诅咒》
开场地点：巴洛维亚村入口外的迷雾土路
氛围基调：哥特式恐怖、压抑、绝望
玩家角色：等待4位玩家认领并介绍自己

我已发送了开场描述——迷雾、鸦阁城堡的剪影、路牌。玩家们只需告诉我他们的角色设定，我就会创建完整的角色卡。

等待中……

