2026-06-24 16:02:07 [1b70d08f] DM: 【世界之声——迷雾笼罩之地】

浓密的灰色迷雾如活物般翻涌，将你们包围。空气中弥漫着潮湿泥土和枯败落叶的气味。远处，乌鸦嘶哑的叫声划破死寂。

你们发现自己站在一条泥泞的土路上，两旁是扭曲枯槁的树木，枝丫如瘦骨嶙峋的手指般伸向铅灰色的天空。前方隐约可见一座村庄的轮廓——低矮的屋顶、一座古老的教堂尖塔刺破雾霭。

风中飘来一句话，仿佛有人在你们耳边低语：
*"巴洛维亚欢迎你……"*

---

【创建你的角色】

四位冒险者，告诉我——**玩家1，你是什么人？在这片被诅咒的土地上，你曾是谁？你为何来到这里？**

（请描述你的角色概念：种族、职业、大致的背景故事。不需要具体的属性数值，我来为你创建完整的角色卡。）
2026-06-24 16:02:16 [1b70d08f] DM: （迷雾在你们周围缓缓流转，等待着一个声音打破沉默……）

**玩家1**，你能听到我的声音吗？告诉我，你是什么人？
2026-06-24 16:02:32 [019f7542] 玩家1: （环顾四周，整理了一下身上的斗篷和背包）嗯…这地方有点冷清啊。DM在吗？我准备好了，随时可以出发。有什么任务需要我去办的？
2026-06-24 16:02:48 [f2517061] 玩家2: （我环顾四周，调整了一下背上的行囊，推开了酒馆的大门。木门发出吱呀的声响，昏黄的烛光摇曳着映照在屋内。）

"打扰了——有人吗？听说这里最近有些……不太寻常的事情发生。我是路过的旅人，想打听些消息。"
2026-06-24 16:03:22 [e21c73e1] 玩家3: （我推开酒馆沉重的大门，门轴发出吱呀的呻吟。外面阴冷潮湿的雾气随着门缝涌进屋内，我裹紧了身上的斗篷，环顾这间昏暗的屋子。）

"晚上好。这村子外面的雾气可不太友好——我需要一杯烈酒暖暖身子，或许还有些消息。我是伊丝娜，途径此地。"
2026-06-24 16:03:36 [65dc91b7] 玩家4: （一个身披深色斗篷的身影推开了酒馆的门，风尘仆仆地走了进来。他环顾四周，目光在屋内其他人的脸上扫过，随后走向吧台，轻轻敲了敲桌面。）

老板，来一杯麦酒。顺便问一句——听说这附近有些……不太平的传闻？我是指那些关于山谷深处的谣言。

（他转过头，露出一张线条刚毅的脸庞，眼神中带着谨慎的好奇。）
2026-06-24 16:03:44 [1b70d08f] DM: 【世界之声】

四位迷失的灵魂，你们从迷雾中走进我的世界。你们各怀心思，各藏秘密，但你们的命运在此交汇。

**玩家1**——你是四人中首个开口的人。你穿着什么样的衣服？手中有何武器？你的眼神里藏着怎样的过往？说吧，让我知道你是谁。
2026-06-24 16:03:56 [1b70d08f] DM: （迷雾中，一只乌鸦停在不远处的枯枝上，歪着头注视着你们四人。它发出一声沙哑的鸣叫——仿佛在催促你们开口。）

**玩家1**，你还在吗？告诉我你的名字，你的故事。这里没有对错，只有命运。
2026-06-24 16:04:31 [019f7542] 玩家1: （找了张靠窗的桌子坐下，把长剑靠在桌边，向酒保要了一杯麦酒）嗯…看来我是第一个到的。也好，先喝一杯暖暖身子，等其他人来了再说。这阴沉的天气，总感觉暴风雨要来了似的。
2026-06-24 16:04:38 [f2517061] 玩家2: （我站在门口，目光扫过昏暗的酒馆内部。炉火噼啪作响，空气中飘散着麦酒和炖菜的香气。几张木桌稀疏地散落着，墙角的阴影里似乎坐着什么人影。）

我清了清嗓子，走到吧台前，轻轻叩了叩桌面。"老板？来一杯麦酒，顺便……想打听点事。听说这片土地上，有什么东西在暗处蠢动着？"

（我将一枚银币搁在木桌上，静待回应。）
2026-06-24 16:05:09 [e21c73e1] 玩家3: （我将几枚硬币放在吧台上，轻声咳嗽了一下。）"有人在吗？还是说这间酒馆是自己在经营？"（我半开玩笑地说着，眼睛扫过吧台后方和厨房的方向，手指不经意地搭在了腰间的匕首柄上。）
2026-06-24 16:05:20 [65dc91b7] 玩家4: （见无人回应，我慢慢啜饮了一口麦酒，目光若有所思地望向窗外阴沉的天空。）

这酒不错……不过我看这天色，恐怕很快就要下雨了。

（我将兜帽重新拉上，安静地等待着什么。）
2026-06-24 16:05:37 [1b70d08f] DM: 【迷雾的命运——鸦阁城堡的阴影】

风停了。死寂如同厚重的裹尸布笼罩四野。

远处，在那座被灰色雾霭半掩的村庄之上，一座城堡的轮廓若隐若现——它矗立在嶙峋的山岩之巅，塔楼如扭曲的利爪刺向天空。即便相隔遥远，你们也能感受到那城堡投下的无形重量，压在胸口，压在灵魂之上。

乌鸦再次发出沙哑的鸣叫，拍打着翅膀飞向村庄的方向。

泥泞的土路向前延伸，通往那座村子的入口。路边立着一块朽烂的木牌，上面的字迹已经被岁月侵蚀得斑驳不清，但依稀可辨——

**"巴洛维亚——愿晨光照亮你的道路。"**

（四位冒险者，请告诉我你们是谁。你们可以依次发言：

**玩家1**，说说你的名字和来历。
然后 **玩家2**。
接着 **玩家3**。
最后 **玩家4**。

让我们认识你们。）
