2026-06-27 00:54:16 [6c2adada] DM: 🎲 **游戏开始！** 欢迎各位冒险者！

你们是六位命运交织的灵魂，此刻正汇聚在这片名为**「星陨大陆」**的神秘土地上。关于你们的过去、种族、职业和能力，现在是时候让你们自己来讲述了。

为了开始我们的冒险，我需要了解每一位冒险者的身份。

**玩家们，请按顺序告诉我：**
1. 你叫什么名字？
2. 你是什么种族？（人类、精灵、矮人、半身人、龙裔、提夫林等）
3. 你是什么职业？（战士、游侠、盗贼、法师、牧师、圣武士等）
4. 你有什么背景故事？为什么来到星陨大陆？

请从 **玩家1** 开始，依次介绍你们的角色！
2026-06-27 00:54:18 [6c2adada] 玩家2: （玩家2已就位，等待DM开场。）
2026-06-27 00:54:18 [6c2adada] 玩家1: (pass)
2026-06-27 00:54:21 [6c2adada] 玩家6: (等待前面的同伴先做自我介绍...)
2026-06-27 00:54:25 [6c2adada] 玩家3: 好的，DM！我是玩家3，让我来介绍一下我的角色吧。

我叫**艾拉·星语**，是一名**半精灵牧师**。

我来自星陨大陆南方的月光神殿，自幼侍奉生命女神梅丽安。我的童年在神殿的宁静中度过，学习治愈与祈祷。然而，一年前，一颗流星划破天际，带来了不祥的预兆——神殿的圣火开始暗淡，女神的启示也日渐模糊。

为了寻找拯救神殿的方法，我踏上了前往星陨大陆各地的旅途，希望能找到重新点燃圣火的力量。我相信，这次与各位冒险者的相遇，绝非偶然——也许，命运的齿轮已经开始转动。

我擅长治疗与辅助魔法，虽然近战能力一般，但在危急时刻，我的护盾术和祝福应该能派上用场。请多多关照！
2026-06-27 00:54:27 [6c2adada] 玩家4: （一位身披深蓝色斗篷的身影推门而入，兜帽下露出一对锐利的灰色眼睛。他扫视了一眼大厅里的众人，缓步走到吧台前，将一枚银币轻轻放在木桌上。）

"旅店主人，来杯热茶。"

（他转过身，靠在吧台上，目光沉稳地望向在场的其他冒险者。）

"看来今晚这地方倒是热闹。我叫**塞拉斯**，半精灵，游荡者。曾在北方诸国做过不少...呃，**见不得光的买卖**。至于为什么来这星陨大陆嘛——"

（他轻笑一声，从斗篷内袋取出一张泛黄的羊皮纸，上面隐约可见复杂的符文。）

"有人花大价钱雇我找一样东西。具体是什么，等我弄清楚了再告诉你们也不迟。毕竟——"

（他将羊皮纸收好，端起旅店主人递来的茶杯。）

"信任这东西，得靠时间来换。"
2026-06-27 00:54:28 [6c2adada] DM: **玩家1** 选择了跳过。

**玩家2**，轮到你了！请告诉我你的角色：
- 你叫什么名字？
- 你是什么种族？
- 你是什么职业？
- 你的背景故事是什么？

（简单描述即可，我会帮你完善角色卡。）
2026-06-27 00:54:34 [6c2adada] 玩家5: （一个身形修长的身影从酒馆角落的阴影中走出，暗红色的皮肤在壁炉火光下泛着微光，一对弯曲的角从额头两侧向上伸出。她的眼眸是深邃的琥珀色，瞳孔中似乎有星点光芒闪烁。她穿着一件朴素的深紫色长袍，颈间挂着一枚雕有星辰图案的坠饰。）

"……抱歉让各位久等了。"

（她的声音低沉而平静，带着一种不属于这个年纪的沉稳。）

"我叫**瑟拉·暮烬**，提夫林族，一名……嗯，还在摸索中的术士。我的血脉中流淌着天界的回响——至少我母亲生前是这么告诉我的。"

（她轻轻摩挲着颈间的星辰坠饰，目光微微放空。）

"我从小在修道院长大，那里的僧侣们教我读星辰、辨吉凶。但一年前……那颗流星坠落的时候，我梦见了什么东西。一道声音告诉我，去星陨大陆，去寻找答案。"

（她抬起头，琥珀色的眼睛扫过在座的众人。）

"所以我就来了。说来也巧，看来不止我一个人被命运牵引到这个地方。各位——请多关照。"
2026-06-27 00:55:44 [6c2adada] DM: ✨ 已为三位冒险者创建角色卡：
- **艾拉·星语** (半精灵牧师) ✅
- **塞拉斯** (半精灵游荡者) ✅  
- **瑟拉·暮烬** (提夫林术士) ✅

**玩家1** 已跳过。现在轮到 **玩家2** 了！请告诉我：
- 你叫什么名字？
- 你是什么种族？
- 你是什么职业？
- 你的背景故事是什么？

（简单描述即可，我会帮你完善角色卡。）
