2026-06-25 08:01:42 [d615607e] 玩家一: （冒险者走进酒馆，环顾四周）
2026-06-25 08:01:46 [d615607e] 玩家五: （一个身披灰色斗篷的旅人推门而入，风尘仆仆的样子。他走到吧台旁，摘下兜帽，露出一张饱经风霜的面孔，好奇地打量着酒馆里的人们。）

"总算找到一个能歇脚的地方了……老板，来杯热酒，什么都行。"

（他朝最近的冒险者点了点头）"你们好。这地方……看起来不太对劲。外面的雾，浓得不正常。"
2026-06-25 08:01:46 [d615607e] 玩家三: （玩家三推开酒馆沉重的木门，走了进来。一股温暖的炉火气息扑面而来，混杂着麦酒和炖肉的香味。他拍了拍身上的灰尘，找了个角落的位置坐下，警惕地打量着酒馆里的每一个人。）
2026-06-25 08:01:48 [d615607e] 玩家二: （坐在角落的木桌旁，手边放着一杯浑浊的麦酒，听到门响抬起头）又一个迷路的旅人？这地方可不是随便什么人都能来的。你是谁，来这里做什么？
2026-06-25 08:01:51 [d615607e] DM: 🌫️ *浓雾……*

你记得雾。无边无际的、冰冷的、潮湿的雾。它吞噬了你来时的路，吞噬了你记忆中的世界，吞噬了一切温暖和光明。

然后——雾散了。

你发现自己站在一条泥泞的街道上。天空是铅灰色的，没有太阳，没有星星，只有永恒的阴霾。远处，一座巨大的城堡耸立在陡峭的山崖上，黑色的剪影如同一只沉睡的巨兽，俯瞰着脚下破败的村庄。一阵寒风掠过，带来了腐叶和潮湿石头的气味。

街灯在雾中摇曳，昏黄的光线勉强照亮脚下的路。村庄死寂无声——没有孩童的笑声，没有犬吠，只有风穿过空荡窗框的呜咽。

但前方，一栋低矮的石头建筑透出微弱的暖光。门口挂着一块褪色的木牌，上面画着葡萄藤和一滴鲜红的血——**"葡萄藤染血酒馆"**。门缝中漏出壁炉的噼啪声和低沉的人语。

你推开门走了进去。

酒馆里光线昏暗，壁炉中的火焰是唯一的光源。空气中弥漫着烤肉、陈年麦酒和潮湿木头的气味。几个面色阴沉的村民缩在角落里，用警惕的目光打量着每一个陌生人。吧台后面，一个秃顶的中年男人正默默擦拭酒杯。

你是谁？你为什么会来到这个被诅咒的地方？你又是怎样走进这家酒馆的？

**——请告诉我，你的名字，你是什么种族，什么职业，你有着怎样的过往？**
2026-06-25 08:01:56 [d615607e] 玩家三: （玩家三抬头看向那个质问他的男子，目光平静但带着一丝疲惫）

"放松点，朋友。我不是来找麻烦的。"

（他顿了顿，声音低沉）

"我叫...瓦莱里乌斯。人类，曾经是个士兵，后来成了佣兵。至于怎么来到这个鬼地方……"

（他苦笑了一声，摸了摸腰间的剑柄）

"说来话长。我跟着一支商队穿过山道，然后……雾来了。等雾散开，商队不见了，路也不见了。只剩下这个村庄，还有那座山上的城堡。"

（他抬头看向窗外远处的城堡剪影，眉头紧锁）

"你们呢？也是被困在这里的？"
2026-06-25 08:01:57 [d615607e] 玩家五: （接过酒保递来的热酒，双手捧着杯子取暖，目光从杯沿上方扫过酒馆里的每一张面孔。听到角落里那个戒备的女声，他苦笑了一下。）

"我叫**赫尔墨斯**，人类，一个四处游历的学者兼草药师。"

（他从斗篷内袋掏出一本皮面笔记本，上面沾满了泥点和水渍。）

"说实话，我也不知道自己怎么会到这儿来的。我在研究各地的民间草药偏方，听说这片山区有一种罕见的苔藓……我记得自己走进了山里的一片浓雾，然后——就站在了那条泥泞的街上。回头一看，来时的路已经消失了。"

（他抿了一口热酒，皱了皱眉。）

"那个雾……不是普通的雾。它好像……有意志似的。你们几位——"（目光扫过在座的冒险者）"——也是同样的情况？"
2026-06-25 08:01:57 [d615607e] 玩家四: （酒馆的门被一只骨节分明的手推开，一个身着深色学者长袍的身影出现在门口。他身形消瘦，面容苍白，鼻梁上架着一副铜框眼镜，灰蓝色的眼睛在昏暗的灯光下透着一股锐利。他的黑发有些凌乱，衣袍上沾着雾气凝结的水珠。他手里紧握着一本厚实的皮面日志，指节因用力而泛白。）

（他站在门口停顿片刻，目光扫过酒馆内的每一个人，最后落在壁炉的火焰上，微微眯起眼睛。）

"……有意思。"

（他走向吧台，将日志放在柜台上，轻轻弹了弹封面上的水渍。他的声音低沉而平静，带着一丝学者特有的审慎。）

"阿斯特·维恩，来自克洛瓦城的学者——或者说，曾经是。"

（他摘下眼镜擦了擦，重新戴上，打量着昏暗的酒馆内部。）

"我研究的是民间传说与超自然现象。三个月前，我开始追踪一则关于'消失的村庄'的传说——每隔数十年，就会有一整个村庄从地图上彻底消失，只留下一片浓雾。我以为那只是乡野奇谈……直到我亲自走进了那片雾里。"

（他顿了顿，目光沉沉地望向窗外铅灰色的天空。）

"现在看来，传说……远比文献记载的要真实得多。"

（他转向吧台后的酒保。）

"一杯热茶，如果这里有的话。还有——这个地方叫什么名字？我需要记录下来。"
2026-06-25 08:01:59 [d615607e] 玩家二: （从阴影中缓缓站起身，身形修长，一袭深色皮甲上沾着旅途的尘土。腰间别着一把短剑，手背上有一道陈旧的伤疤。目光锐利，带着几分不信任地扫过新来的人。）

我叫塞拉斯·维恩。半精灵，游荡者。至于怎么来的……（冷笑一声）我和其他人一样，被那该死的雾吞了。前一刻还在路斯坎的暗巷里追一个欠了赌场钱的债主，下一刻就站在了这片鬼地方的泥地里。

（端起酒杯抿了一口，皱了皱眉）这酒难喝得要命，但至少是热的。你们——（环顾酒馆里的其他人）——看起来也不像是自愿来的。那个城堡……（抬手指向窗外远处山崖上的黑色剪影）住着什么人，有人知道吗？
2026-06-25 08:02:00 [d615607e] 玩家一: （一个身形瘦削的年轻人推开酒馆的门，动作轻巧得几乎没有发出声响。他穿着一件深灰色的皮夹克，腰间别着一把短剑，背上斜挎着一张短弓。他的眼睛是深褐色的，警觉地扫过酒馆里的每一个角落，像是习惯了在暗处观察猎物的人。）

（听到玩家二的问话，他微微一笑，走到壁炉旁找了个位置坐下，让自己笼罩在火光和阴影的交界处。）

"名字？叫我**埃里克**就好。至于来这儿的原因……"（他搓了搓冻得发白的手指）"说实话，我也不太清楚。我记得自己在雾里走了很久，然后就到了这儿。那雾……好像有自己的意志似的，把我往这边赶。"

（他朝吧台扬了扬下巴）"老板，来杯热的。什么都行，能暖身子就好。"

（他的目光短暂地落在玩家二身上，又移向角落里的玩家三，最后看向窗外那座黑沉沉的城堡轮廓。）

"那座城堡……是谁住在上面？"
2026-06-25 08:02:02 [d615607e] DM: 瓦莱里乌斯的话在昏暗的酒馆中回荡。吧台后面的老板头也没抬，只是又擦了擦手中的杯子，仿佛见惯了迷路的旅人。

角落里一个裹着粗布头巾的老妇人突然抬起了头，浑浊的眼睛盯着瓦莱里乌斯，喃喃道："又一个……迷雾会带走所有人的……"

她的声音被炉火的噼啪声盖过，没有人理会。

**——其他人，你们是谁？你们是怎样走进这家酒馆的？请告诉我你们的名字、种族、职业和过往。**
