2026-06-27 00:56:25 [97a2c061] 凯恩: (等待中...)
2026-06-27 00:56:26 [97a2c061] 弗林特: (弗林特揉了揉眼睛，环顾四周，似乎刚从某种恍惚中清醒过来。他低声自语道："这是……哪儿？")
2026-06-27 00:56:27 [97a2c061] 索伦: (等待DM指令...)
2026-06-27 00:56:29 [97a2c061] 梅丽莎: 梅丽莎眨了眨眼，茫然地看着四周。她低头看了看自己身上的衣服——完全不是她睡觉前穿的那件。她紧张地咽了口唾沫，声音有些发颤："我……我也不记得怎么到这儿的。有人能告诉我们这是什么地方吗？"
2026-06-27 00:56:32 [97a2c061] 艾琳娜: （艾琳娜缓缓睁开眼睛，发现自己置身于一个陌生的地方。她警惕地环顾四周，右手不自觉地按住了腰间的匕首。当她看到周围还有其他人同样一脸茫然时，她稍微放松了一些，但仍保持着警觉。）

"看来……不只是我一个人被困在了这里。"

（她站起身，拍了拍衣服上的灰尘，用审视的目光打量着在场的每一个人。）

"你们谁能告诉我，这里是什么地方？我们又是怎么到这儿来的？"
2026-06-27 00:56:32 [97a2c061] DM: 【角色创建】

六位陌生人发现自己身处一间昏暗的酒馆中，窗外是一片陌生的土地，雾气弥漫，远处的山峦若隐若现。没有人记得自己是怎么来到这里的。

在开始冒险之前，我们需要了解每一位冒险者的来历。

艾琳娜，你先来——你是什么种族？什么职业？有什么样的过去和背景？请告诉我你的故事。
2026-06-27 00:56:35 [97a2c061] 薇拉: （薇拉缓缓坐起身，揉了揉太阳穴。她环顾四周，目光逐一扫过在场的每一个人，眉头微皱。）

"看来我们都遇到了同样的事情……被人莫名其妙地丢到了这个地方。"

（她站起身来，拍了拍衣袍上的尘土，深吸了一口气，声音沉稳。）

"我是薇拉。不管是谁把我们带到这儿来的，眼下最重要的是弄清楚我们在哪儿，以及……该怎么离开。"

（她的目光落在周围的环境上，试图寻找任何有用的线索——路标、建筑特征、或是任何能暗示方位的东西。）
2026-06-27 00:56:46 [97a2c061] DM: 薇拉说得对——眼下最重要的是先弄清楚状况。不过在那之前，我需要知道你们每一个人的来历。

**艾琳娜**，你刚才在观察四周——你是什么人？你来自哪里？是精灵还是人类？你靠什么技艺为生？战士、盗贼、还是别的什么？把你的故事告诉我。
2026-06-27 00:58:27 [97a2c061] 弗林特: (pass)
2026-06-27 00:58:31 [97a2c061] 梅丽莎: (pass)
2026-06-27 00:58:38 [97a2c061] 艾琳娜: （艾琳娜目光微微一沉，似乎在斟酌该透露多少。片刻后，她开口了，声音平静而克制。）

"我叫艾琳娜，半精灵。"

（她轻轻摩挲着匕首的刀柄，像是在回忆什么遥远的事情。）

"我在巴罗维亚的一座边境小镇长大——至少我以为那是我的故乡。我母亲是精灵，父亲……是一个人类商人，在我出生前就离开了。我从小跟着一个老盗贼学艺，靠手脚灵活混口饭吃。开锁、潜行、在暗巷里找活干——这就是我的本领。"

（她的目光扫过窗外弥漫的浓雾，眼中闪过一丝不安。）

"后来我接了一单委托，护送一个商人穿越山道……然后我就醒在了这里。记忆像被人用刀割过一样，中间的部分全是空白。"

（她环顾众人，语气变得认真。）

"不管我们是被什么力量弄到这里来的，我建议我们先搞清楚自己在哪。互相猜疑没有意义——至少现在没有。"
2026-06-27 00:59:10 [97a2c061] DM: 艾琳娜点了点头，将匕首收回腰间。

"看来我们都是同样的遭遇。"她转向薇拉，"你似乎很冷静——你又是什么人？"

**薇拉**，轮到你了——你是什么种族？什么职业？你有什么样的过去？
2026-06-27 01:00:29 [97a2c061] 弗林特: (pass)
2026-06-27 01:00:33 [97a2c061] 梅丽莎: (pass)
2026-06-27 01:00:39 [97a2c061] 艾琳娜: (pass)
2026-06-27 01:00:48 [97a2c061] 薇拉: （薇拉迎上艾琳娜的目光，神情平静，像是早就在等这个问题。）

"我叫薇拉，人类。"

（她将双手交叠在身前，指尖微微泛着淡淡的金色光泽——那是属于神术施法者的印记。）

"我是一名牧师，侍奉晨曦之主洛山达。在来到这里之前……我在一座修道院中研习经典，负责教导年轻的见习修士。我的日常就是祈祷、研读，偶尔为附近的村民主持仪式或治疗伤病。"

（她微微皱眉，声音低沉了几分。）

"至于怎么到这里的……我记得那晚在修道院的藏书室里翻阅一本古老的典籍。那本书的封面是黑色皮革，书页泛黄发脆，记载着一些关于'被遗忘之地'的传说。我读着读着，字迹开始发光，然后……"

（她顿了顿，摇了摇头。）

"然后就醒在了这里。那段记忆同样是空白的，和艾琳娜说的一样。"

（她环顾窗外那片被迷雾笼罩的土地，眼中闪过一丝不安，但很快被坚定取代。）

"不过既然我们都身处此地，互相猜疑确实毫无意义。不管是谁把我们弄来的——或者是什么力量——我们首先需要团结起来。我虽然不擅长战斗，但我的祈祷和法术或许能为大家提供一些帮助。"
2026-06-27 01:01:09 [97a2c061] DM: 薇拉说完，指尖的金色光泽渐渐消退。她看向其他人。

**索伦**，你一直沉默不语——你是什么人？你来自哪里？靠什么技艺为生？
2026-06-27 01:02:31 [97a2c061] 弗林特: (pass)
2026-06-27 01:02:34 [97a2c061] 梅丽莎: (pass)
2026-06-27 01:02:39 [97a2c061] 索伦: （一直靠在墙角沉默不语的男人终于动了动。他从阴影中走出来，烛光映照出一张棱角分明的面孔——高颧骨，深邃的眼窝，以及一道从左眉划过眼角的旧伤疤。他的身材高大结实，穿着一件磨损的皮甲，腰间挂着一柄阔剑，剑鞘上有明显的使用痕迹。）

"……索伦。"

（他的声音低沉沙哑，像是很久没开口说过话。）

"人类。来自北方的科瓦利斯，边境以北的苦寒之地。我曾经是边防军的一名斥候……或者说，曾经是。"

（他低头看了看自己粗糙的双手，指关节上布满老茧和伤痕。）

"五年前，我们驻守的哨所遭到一伙不死生物的袭击。不是普通的尸鬼——它们有组织、有目的，像是被什么力量驱使着。整支小队只有我活了下来，因为我当夜在外面巡逻。等我回去的时候……"

（他停顿了一下，目光移向窗外那片浓雾，似乎在其中看到了什么熟悉的影子。）

"从那以后，我就不在军队里了。一个人在荒野上游荡，靠狩猎和做些护卫的活计过日子。不是为了钱……只是习惯了独来独往。"

（他环顾在场的每一个人，眼神锐利而审慎。）

"至于怎么到这里的——我记得在一片松林里追猎一头鹿。雾突然变得很浓，浓到伸手不见五指。我在雾里走了很久，然后就醒在了这张桌子旁边。"

（他沉默了片刻，然后补充道。）

"不死生物、浓雾、陌生的土地……这些词放在一起，让我很不舒服。"

2026-06-27 01:02:41 [97a2c061] 艾琳娜: (pass)
2026-06-27 01:02:56 [97a2c061] DM: 索伦说完，靠回墙上，双臂抱胸，似乎不想再多说一个字。

**凯恩**，你一直在角落里观察——你是什么人？你来自哪里？靠什么技艺为生？
2026-06-27 01:04:33 [97a2c061] 弗林特: (pass)
2026-06-27 01:04:36 [97a2c061] 梅丽莎: (pass)
2026-06-27 01:04:40 [97a2c061] 凯恩: （一个年轻人从酒馆角落的阴影中走出来。他身形偏瘦，穿着一件沾满墨渍的深蓝色长袍，腰间挂着一个鼓鼓囊囊的皮质卷轴筒，和几个叮当作响的小瓶子。他的眼睛是深棕色的，带着一种学者特有的倦意和好奇，但此刻也和其他人一样写满了困惑。）

"……凯恩。人类。"

（他清了清嗓子，像是在整理思绪。）

"我来自南方的密斯特拉城——算是一个读书人吧。一个法师。准确地说，是一个还没有从学院毕业的法师学徒。我在密斯特拉的法师学院研习了七年，专攻的是预言学派和防护学派的法术。我的导师常说我在预言系的天赋上'令人不安'——我不确定那算不算夸奖。"

（他揉了揉太阳穴，眉头紧锁。）

"至于怎么来到这里的……我记得很清楚。三天前——或者说我觉得是三天前——我在学院的塔楼里完成毕业论文的最后部分。我的论文题目是《跨位面传送中的以太共振衰减模型》。我正在校准一个感知法阵，想要验证论文中的第七个公式……"

（他顿了顿，苦笑了一声。）

"然后法阵亮了。不是应该有的淡蓝色光芒——是刺眼的白色。我感觉整个世界像被揉成了一团纸，又重新展开。等我睁开眼睛，就在这张桌子旁边了。我的法术书和大部分材料都还在……"

（他拍了拍腰间一个厚重的皮面书本，露出一丝欣慰。）

"这大概是唯一的好消息。"

（他环顾众人，目光中带着一种想要弄清一切的渴望。）

"如果你们不介意的话……我想看看这间酒馆里有没有什么书籍、地图、或者任何能解释这里状况的东西。从进来到现在，我一直在观察——那些窗户外面的雾气，它的运动方式不太自然。它在抵抗风向。在学院的文献里，我见过类似的描述……但我需要更多信息才能下结论。"
2026-06-27 01:04:42 [97a2c061] 艾琳娜: (pass)
2026-06-27 01:04:58 [97a2c061] DM: 凯恩说完，拍了拍腰间的卷轴筒，苦笑了一声。

"不管怎样，我的法术书还在。希望这能派上用场。"

**弗林特**，你一直在旁边听着——你是什么人？你来自哪里？靠什么技艺为生？
2026-06-27 01:06:37 [97a2c061] 梅丽莎: (pass)
2026-06-27 01:06:43 [97a2c061] 艾琳娜: (pass)
2026-06-27 01:06:47 [97a2c061] 弗林特: （一个矮壮的身影从酒桌旁站了起来。他比在场所有人都矮了一截，但肩膀宽阔得像一堵墙。花白的胡须编成两股粗辫子，垂在胸前，辫梢用铜环束着。他的皮肤粗糙黝黑，双手布满老茧和烧伤的疤痕——那不是战士的手，而是工匠的手。他穿着一件沾满煤灰和铁锈的厚皮围裙，腰带上挂着几把形状各异的锤子和一把沉重的铁锤。）

"弗林特。矮人。"

（他的声音像是从胸腔深处滚出来的雷声，低沉而浑厚。）

"我是丹瑟兰德矿坑出身的锻造匠——不是那种在城里开铺子的体面铁匠，是下到地下三百尺、在炉火和黑暗中打了一辈子铁的那种。我锻造过剑刃、盾铆、矿镐，也修过蒸汽管道和各种稀奇古怪的机械装置。在场各位身上要是有什么铁器坏了，我能给你修好。"

（他用粗糙的手掌搓了搓脸，似乎还没完全清醒。）

"至于怎么到这鬼地方的……我记得很清楚。三天前——不对，或许更久——我在锻造一把长剑。炉火烧得正旺，我正在淬火的当口，头顶突然传来一阵轰鸣。矿坑的支柱开始断裂，整条矿道在我眼前塌了下来。我以为自己死定了。"

（他停顿了一下，低头看了看自己的手。）

"然后我就醒在这儿了。身上一点伤都没有——这不正常。矿坑塌方要是砸中你，不死也得脱层皮。"

（他抬起头，目光扫过在场的每一个人，那双深陷的眼睛在烛光下闪烁着警惕但并不敌意的光芒。）

"不管是谁或者什么东西把我们弄到这儿来的，我跟那位牧师小姐的想法一样——互相猜疑没用。咱们得先弄清楚自己在哪儿，再想办法出去。我虽然打的是铁不是人，但要是有架要打，这把锤子不会让你们失望的。"

（他拍了拍腰间的铁锤，锤头在烛光下泛着沉甸甸的暗光。）
2026-06-27 01:07:04 [97a2c061] DM: 弗林特说完，用粗糙的手掌搓了搓脸，似乎还没完全清醒。

"至于怎么到这鬼地方的……我记得很清楚。三天前——不对，或许更久——我在锻造一把长剑。炉火烧得正旺，我正在淬火的当口，头顶突然传来一阵轰鸣。矿坑的支柱开始断裂，整条矿道在我眼前塌了下来。我以为自己死定了。"

（他停顿了一下，低头看了看自己的手。）

"然后我就醒在这儿了。身上一点伤都没有——这不正常。矿坑塌方要是砸中你，不死也得脱层皮。"

（他的目光扫过在场的每一个人，最终落在最后一位尚未开口的人身上。）

**梅丽莎**，你一直在旁边听着——你是什么人？你来自哪里？靠什么技艺为生？
2026-06-27 01:08:45 [97a2c061] 艾琳娜: (pass)
2026-06-27 01:10:46 [97a2c061] 艾琳娜: (pass)
2026-06-27 01:12:48 [97a2c061] 梅丽莎: （梅丽莎深吸一口气，努力让自己镇定下来。她双手微微颤抖，但仍努力保持声音的平稳。她是一个年轻的人类女性，穿着一件朴素的棕色旅行斗篷，里面是一件沾有草药痕迹的亚麻裙。她的深色头发简单地扎在脑后，腰间挂着一个小布包，里面隐约能看见几只小瓶子和一束干燥的草药。）

"我……我叫梅丽莎。人类。"

（她咽了口唾沫，声音稍微大了一些。）

"我是一个药剂师，更准确地说，是一个草药师。我在家乡的小镇上经营一家小药铺，替人配药、疗伤、熬制汤剂。草药、毒物、偏方……这些东西我都很熟悉。不过我自己没什么战斗的本事——顶多会用弹弓打打野兔。"

（她低头看了看自己的手，指尖上残留着淡淡的草药渍痕。）

"至于怎么到这里的……我记得那天晚上我在药铺的后院晒药草。雾突然变得很浓，比平时的晚雾浓得多。我以为要下雨了，就赶紧去收药草……然后就什么都不记得了。再醒来的时候，就在这张桌子旁边了。"

（她环顾四周，目光中带着一丝怯意，但更多的是困惑和好奇。）

"你们大家的遭遇都和我差不多……看来不管是谁把我们弄到这儿来的，用的手段都一样。这绝不是普通的迷雾。"
2026-06-27 01:13:11 [97a2c061] DM: 【角色创建完成】

六位冒险者都已介绍完自己。他们聚集在这间昏暗的酒馆中，窗外是陌生的迷雾之地。没有人记得自己是怎么来到这里的。

窗外的浓雾似乎比刚才更浓了，偶尔有微弱的光芒在雾中闪烁，像是某种生物的眼睛，又像是远处的灯火。酒馆内只有几支蜡烛在摇曳，空气中弥漫着陈旧木头和潮湿苔藓的气味。

没有人知道这是哪里，也没有人知道该怎么离开。

各位冒险者，你们打算怎么做？
2026-06-27 01:14:53 [97a2c061] 艾琳娜: （艾琳娜听完所有人的讲述，沉默了片刻，目光在每个人脸上一一扫过。她的手指无意识地摩挲着匕首柄上的缠绳。）

"六个人，六个不同的地方，同一种方式被带到这儿来。这不是巧合——是有人，或者有什么东西，刻意把我们聚集在一起。"

（她站起身来，走向酒馆的门边，侧耳听了听外面的动静，然后小心翼翼地将门推开一条缝，望向外面弥漫的浓雾。）

"我先看看外面的情况。你们谁对这个地方有什么了解的——不管是传说也好，典籍也好——趁现在说出来。"

（她回头看向众人，语气低沉而务实。）

"另外，我建议大家检查一下这间酒馆。看看有没有地图、路标、或者任何能说明我们在哪儿的东西。谁跟我来？"
2026-06-27 01:14:55 [97a2c061] 索伦: （索伦从墙角推开身子，环顾了一圈酒馆的内部。他的目光像一把尺子，有条不紊地丈量着每一个角落——门窗的位置、家具的布局、墙壁的材质。）

"先搞清楚我们在哪。"

（他走向酒馆的大门，但没有急着打开。他先侧耳贴在门上，听了听外面的动静。然后他退后一步，仔细检查了门闩和锁的状况。）

"门从里面可以打开。外面……"（他眯起眼睛，从门缝里向外窥探。）"雾太大了，看不清楚。但空气很冷，有泥土和腐叶的味道。"

（他转过身，靠在门框上，目光扫过在场的每一个人。）

"我们有几个问题需要先搞清楚。第一，这间酒馆是谁开的？老板在哪？第二，我们每个人都记得雾，但记忆在那之前就断了——这意味着把我们弄来的东西，在雾之前就已经动了手。第三……"

（他顿了顿，看向窗外那片浓雾中偶尔闪烁的微光。）

"外面有东西在动。我不打算在天黑之后出去——至少不是一个人。"

（他双臂抱胸，声音平淡但带着不容置疑的语气。）

"谁有什么想法，说。"

2026-06-27 01:14:55 [97a2c061] 梅丽莎: （梅丽莎下意识地往薇拉身边靠了靠，双手紧攥着腰间的药包。她注意到窗外那些闪烁的光芒，瞳孔微微收缩。）

"那些……那些光是什么？"（她的声音压得很低，像是怕惊动什么东西。）"我在家乡见过沼泽里的磷火，但那些光移动的方式不太一样……它们像是在……看着我们。"

（她深吸一口气，努力让自己冷静下来。她摸了摸腰间的药包，从里面掏出一只小玻璃瓶，里面装着半瓶淡绿色的液体。）

"我带了一些基本的药剂——止血散、解毒剂，还有两瓶治疗药水。不多，但总比什么都没有强。"

（她环顾在场的众人，语气变得认真了一些。）

"我们不能一直待在这里。这间酒馆看起来也不太可靠——你们有没有注意到，这地方的木头都快烂透了？如果我们需要找个更安全的地方过夜，至少得先搞清楚这附近有什么。"
2026-06-27 01:14:57 [97a2c061] 凯恩: （凯恩没有急着走向大门，而是先在酒馆里转了一圈。他的目光扫过墙上的挂画、柜台上的酒瓶标签、以及角落里堆叠的旧报纸。他弯腰看了看门框上的刻痕，又凑近窗户，透过布满水汽的玻璃仔细端详外面的浓雾。）

"等一下——别急着出去。"

（他直起身，转向众人，语气认真。）

"我刚才一直在观察这些雾。它不是普通的水汽凝结——你们注意到没有？它在缓慢地……盘旋。像是被某种力量控制着，而不是随风扩散。在我的学院文献里，这种现象被称为'魔力雾障'——通常出现在位面交界处，或者是某个强大法术的残余效应。"

（他从腰间的皮卷轴筒里取出一本厚重的法术书，翻到某一页，指尖点着上面的图示。）

"如果是位面交界……我们可能已经不在原来的世界了。"

（他顿了顿，看了看众人的表情，压低了声音。）

"在我们贸然走出这扇门之前，我建议先做几件事。第一，检查这间酒馆——看看有没有地图、书籍、或者任何能告诉我们这个地方名字的东西。第二，清点一下我们各自的装备和物资。第三——"

（他看向薇拉。）

"薇拉，你侍奉洛山达，对吧？晨曦之主的牧师应该能感知到这片土地上是否有邪恶的力量。你能感受到什么吗？这对我们判断外面的情况很重要。"
2026-06-27 01:14:58 [97a2c061] 弗林特: （弗林特从椅子上跳了下来——对他来说这不过是轻轻一跃——拍了拍手，环顾四周。）

"光坐在这儿互相介绍可出不了这个鬼地方。"

（他大步走向酒馆的吧台，用粗糙的手掌拍了拍满是灰尘的台面，朝里面张望。）

"喂——有人吗？酒馆总该有个掌柜的吧？"

（他回头看向其他人，用拇指朝窗外一指。）

"这地方有门有窗，外面有路有雾。我提议——先在酒馆里翻翻看有没有什么有用的东西，地图啊、报纸啊、哪怕一张酒馆菜单都行。然后再决定是出去探探路，还是在这儿等着。谁要是跟我来，我倒是不介意搭个伴。"

（他的目光落在薇拉身上。）

"牧师小姐，你刚才说你读过关于'被遗忘之地'的古书——你对这地方有什么想法？这里头该不会就是你书上写的那地方吧？"
2026-06-27 01:15:00 [97a2c061] DM: 艾琳娜小心翼翼地推开酒馆的门，一股冰冷潮湿的空气扑面而来，带着泥土和腐叶的气味。

门外是一条泥泞的土路，两旁是扭曲变形的枯树，树皮呈灰白色，像是被什么东西吸干了生命力。浓雾在地面上翻滚，能见度不到二十尺。远处，隐约可以看到一条蜿蜒的道路通向山坡上方，那里似乎有一座破败建筑的轮廓。

酒馆门口挂着一块褪色的木牌，上面的字迹已经模糊不清，但艾琳娜勉强能辨认出几个字母——"巴拉...亚"。

在酒馆内部，破旧的木桌椅东倒西歪，墙角堆着几个空酒桶和一张破烂的渔网。吧台后面有一个落满灰尘的架子，上面摆着几个空瓶子。壁炉里的余烬已经冷透，但炉膛边还放着一把生锈的拨火棍。

整个酒馆空无一人——除了你们六个。

没有人知道这是哪里，也没有人知道该怎么离开。门外的浓雾中，似乎有什么东西在移动，但艾琳娜看不清楚那是什么。

各位冒险者，你们打算怎么做？
2026-06-27 01:15:06 [97a2c061] 薇拉: （薇拉听到艾琳娜的提议后点了点头，目光落在酒馆内那些破旧的书架和柜子上。）

"艾琳娜说得对——我们需要线索。"

（她缓步走向最近的一排书架，指尖拂过那些积满灰尘的书脊。大多数书籍已经腐朽不堪，但她的手指在一本稍厚一些的皮革装订本上停了下来。她小心翼翼地将它抽出，翻开泛黄的书页。）

"这是一本……账簿。"（她皱了皱眉，仔细辨认上面的字迹。）"上面记着一些交易记录——木材、铁器、酒桶……是这间酒馆的经营记录。但最后一页的日期……"

（她将账簿转向众人，指向最后一行潦草的字迹。）

"'第七日，大雾。老板说客人不会来了。锁门。'——这是最后的记录。之后就是空白。"

（薇拉合上账簿，抬头看向众人，目光沉稳。）

"这间酒馆确实有人经营过，但最后一条记录就停在了'大雾'那天。老板锁了门，然后就再也没写过什么。"

（她顿了顿，将账簿放回原处，转身面对众人。）

"梅丽莎说得对，这地方的木头确实朽了，但结构还在——说明这里并没有被废弃太久。我建议我们分成两组：一组搜查酒馆内部，看看有没有其他有用的物品或信息；一组去门口探探外面的情况，但不要太深入。至少先弄清楚附近的地形。"
2026-06-27 01:15:12 [97a2c061] DM: 薇拉将账簿放下，眉头紧锁。

"'大雾'……"她喃喃自语，"看来这间酒馆不是专门为我们准备的——它曾经确实是一家酒馆，只是在某个时刻被废弃了。"

（她环顾四周，目光落在吧台后面那个落满灰尘的架子上。）

"如果这里曾经有人经营，也许还留下了其他东西。地图、报纸、或者……一封信。"

就在这时，门外传来一阵低沉的嘎吱声——像是枯枝被踩断的声音。雾中那个移动的影子似乎靠近了一些，但仍然看不清楚是什么。

弗林特，你站在吧台旁边——你注意到架子最底层有一个生锈的铁盒，上面挂着一把小锁。梅丽莎，你注意到壁炉旁边的墙壁上刻着一些奇怪的符号，像是某种古老的文字。

各位冒险者，你们打算怎么做？
2026-06-27 01:17:02 [97a2c061] 梅丽莎: （梅丽莎蹲下身子，凑近壁炉旁的墙壁，用手指轻轻拂去上面的灰尘。那些符号在微弱的烛光下若隐若现——像是某种她从未见过的文字，线条弯曲而古老，有些地方还残留着暗红色的颜料。）

"你们过来看看这个……"

（她回头招呼众人，眉头紧皱。）

"我不认识这种文字，但这些刻痕的颜色……有些发暗发黑，像是……"（她的声音低了下去，指尖沾上了一点暗色的粉末，凑到鼻前闻了闻。）"……是血。干了很久的血。"

（她猛地缩回手，在斗篷上擦了擦指尖，脸色有些发白。）

"有人在这个壁炉旁边用血画过什么东西。不管是什么用途——用血做颜料的仪式……通常不会是什么好事。"

（她站起身来，退后一步，望向壁炉上方。炉膛里余烬冷透，但壁炉的石壁上也有被烟熏黑的痕迹，形状似乎和墙上的符号有关联。）

"薇拉，你是牧师——你能看看这些符号吗？也许是某种仪式的痕迹，也许能告诉我们这里发生过什么。"
2026-06-27 01:17:04 [97a2c061] 弗林特: （弗林特蹲下身，从架子最底层摸索出那个生锈的铁盒。他用粗糙的手指拨了拨上面的小锁，锁已经锈迹斑斑，但似乎还锁得挺结实。）

"嘿，这儿有个铁盒子。"（他把铁盒举起来给大家看了看，然后凑近端详那把小锁。）"锁不大，但锈得厉害——我试试能不能弄开。"

（他从腰带上取下一把细长的铁凿子——那是他锻造工具中最小的一件——小心翼翼地插进锁孔，轻轻拨弄了几下。）

"这种老式弹簧锁，构造简单得很……就是锈得太厉害，里面的机件可能已经卡死了……"

（铁凿子在锁孔里咔哒响了两声。他皱了皱眉，加大了力道，又拧了一下。）
2026-06-27 01:17:08 [97a2c061] DM: 梅丽莎的话让空气瞬间凝固了。薇拉走上前，蹲下身子仔细端详那些符号。她的指尖在符号上方悬停，没有触碰，但她的表情变得严肃起来。

"这些是……古老的符文。"薇拉低声说，"我在修道院的典籍里见过类似的记载——这是用来标记某种力量或诅咒的。用血来书写，说明施法者想要加强符文的力量。"

（她站起身，转向众人。）

"这不是普通的涂鸦。这是某种仪式的残留。问题是——是谁做的？为了什么？"

与此同时，门外的嘎吱声又响了一次——这次更近了。艾琳娜还站在门边，她能看到雾中的那个影子似乎停在了酒馆外二十尺左右的地方，但仍然看不清楚轮廓。

弗林特，你还在吧台旁边——那个生锈的铁盒就在你手边。你要打开它吗？

各位冒险者，你们打算怎么做？
2026-06-27 01:17:13 [97a2c061] 凯恩: （凯恩听到薇拉念出账簿上的字迹，眉头紧锁。"大雾"——这个词在他脑海中回响，让他想起学院里关于位面异常的记载。他正要开口，目光忽然被什么东西吸引住了。）

（他快步走向壁炉旁，蹲下身子，仔细端详梅丽莎发现的那些刻在墙壁上的符号。他从腰间取出一支炭笔和一张羊皮纸，开始临摹那些痕迹。）

"这些符号……"（他压低声音，一边描摹一边自言自语。）"这不是任何一种我认识的文字。但它的结构——你看这些弧线和交叉点——有一种……数学上的规律性。"

（他站起身，将羊皮纸举到蜡烛旁，歪着头端详自己临摹的图案。）

"弗林特，你说吧台底下有个铁盒？能让我看看吗？另外——"

（他转向门口，望向外面那片翻滚的浓雾，目光落在远处山坡上那座破败建筑的轮廓上。）

"门口那块木牌上的字——'巴拉……亚'——我在学院的古地理文献里似乎见过类似的地名。如果我没记错的话……"

（他的声音变得有些不安。）

"那可能是'巴洛维亚'。在一些非常古老的、几乎被视为神话的文献中，这个名字出现在关于'被放逐之地'的记载里——一个据说与主物质位面隔绝的地方。"

（他合上法术书，深吸了一口气，环顾在场的每一个人。）

"如果我的判断没错，我们可能身处一个……独立的、被封印的位面中。那些雾不仅仅是天气——它们可能是这个位面的边界屏障。"

（他顿了顿，声音低沉了下来。）

"这意味着我们不是迷路了——我们被困住了。而要把我们困在这里的力量，绝对不是普通的东西。"
2026-06-27 01:17:14 [97a2c061] 薇拉: （薇拉听到梅丽莎的呼唤，快步走到壁炉旁。她蹲下身，仔细端详那些刻在墙壁上的符号。）

"让我看看……"

（她的指尖悬在符号上方，没有触碰，而是感受着空气中微弱的魔力波动。她的眼睛微微眯起，专注地辨认着那些弯曲的线条。）

"这些是古巴拉丁文……一种非常古老的文字。"（她的声音压得很低，像是在自言自语。）"在修道院的藏书室里，我曾在几本关于古代信仰的典籍中见过类似的字体。"

（她指着其中一个反复出现的符号，指尖泛起微弱的金色光芒，照亮了那些暗红色的痕迹。）

"这个符号……是'守望'或'禁锢'的意思。而这一组……"（她的手指划过一连串相连的符号。）"'雾中之门，不可开启。'还有……'困于此地者，受永恒之雾的庇护——或囚禁。'"

（薇拉站起身来，脸色凝重。她回头看向众人。）

"这不是什么邪教仪式的痕迹——更像是某种……警告。或者封印的记录。有人用血在壁炉旁边刻下了关于这个地方的说明。"

（她的目光落在弗林特手中的铁盒上。）

"弗林特，那个盒子里也许装着更多线索。你能打开它吗？"
2026-06-27 01:17:19 [97a2c061] DM: 凯恩的话让空气更加凝重。"巴洛维亚"——这个名字在古老文献中出现过，一个据说与主物质位面隔绝的地方。

"如果我判断没错……"凯恩的声音变得有些不安，"我们可能已经不在原来的世界了。这个地方——巴洛维亚——在我们那边只存在于神话传说中。一个被迷雾永远笼罩的放逐之地。"

（他顿了顿，看向众人。）

"更糟糕的是，如果这些文献是对的……这里有一位统治者。一个强大的、邪恶的存在。"

就在这时，门外的嘎吱声又响了——这次更近了。艾琳娜能看到雾中的那个影子已经停在了酒馆外大约十五尺的地方，隐约可以看到一个模糊的人形轮廓。

弗林特，你还在吧台旁边——那个生锈的铁盒就在你手边。凯恩想看看它。你要打开它吗？

各位冒险者，你们打算怎么做？
2026-06-27 01:19:05 [97a2c061] 索伦: （索伦一直站在门边，双臂抱胸，目光透过门缝紧盯着雾中那个越来越近的轮廓。当凯恩说出"巴洛维亚"这个名字时，他的眉头皱了一下，但视线始终没有离开门外。）

"……先别管盒子了。"

（他压低声音，语气急促而克制，像是在战场上发号施令。）

"外面那个东西离我们只有十五尺了。不管它是什么——我们得先决定打还是躲。"

（他伸手摸了摸腰间阔剑的剑柄，但没有拔出来。他的目光快速扫过酒馆内部，评估着防御条件。）

"这扇门不算结实，但至少能挡一挡。窗户太小，它进不来——除非它有穿墙的本事。"

（他看向薇拉。）

"你刚才说的那些符文——'雾中之门，不可开启'——是警告外面的东西别进来，还是警告我们别出去？"

（他又转向艾琳娜，她一直站在门口。）

"艾琳娜，你看得最清楚——那个轮廓像人吗？像什么？"

2026-06-27 01:19:10 [97a2c061] DM: 索伦的问题让薇拉愣了一下。她重新审视了一遍那些符文，脸色微变。

"……两者都有可能。"她的声音压得很低，"'雾中之门'——这可能指的就是这片迷雾本身。这些符文也许是在标记一个边界，一个……禁区。"

（她看向门外那片翻滚的浓雾，目光凝重。）

"但问题是，我们已经在里面了。"

门外，那个模糊的人形轮廓又向前挪了几步——现在大约只有十尺远了。雾气在它周围翻涌，像有生命似的缠绕着它的身躯。隐约可以分辨出它似乎穿着一件破烂的斗篷，身形佝偻，走起路来一瘸一拐。

艾琳娜，你离门最近——你能看到更多细节。那个东西似乎并没有加快速度，只是……缓慢地、执着地朝酒馆的方向移动。

弗林特，那个铁盒就在你手边。索伦手按剑柄，随时准备战斗。

各位冒险者，你们打算怎么做？是开门查看、加固防御、还是打开那个铁盒看看里面有没有什么线索？
2026-06-27 01:19:12 [97a2c061] 梅丽莎: （梅丽莎听到"巴洛维亚"这个名字时，脸色又白了几分。她紧紧攥住药包的带子，嘴唇微微发抖。）

"被放逐之地……？"（她的声音很轻，像是在自言自语。）"我……我小时候听奶奶讲过这种故事。被雾吞没的地方，进去了就再也出不来……我一直以为那只是吓唬小孩子的。"

（她摇了摇头，强迫自己把注意力拉回现实。门外那个影子的靠近让她坐立不安，她朝门口的方向瞥了一眼，声音压得更低了。）

"那个……外面的东西还在靠近。不管这里是巴洛维亚还是别的什么，我们现在最需要的是——"

（她深吸一口气，尽量让自己的语气听起来镇定。）

"弗林特，那个铁盒子你打开了吗？里面也许有什么有用的东西。凯恩，你说这里可能已经不是我们原来的世界了——那有没有什么法术能确认这一点？或者……找到出去的线索？"

（她看了一眼薇拉。）

"薇拉，你翻译的那些符文说'雾中之门，不可开启'——如果门已经开了呢？我们是不是已经被困在里面了？"

（她的手指无意识地摸向腰间的药包，从里面又摸出一只小玻璃瓶，里面是淡蓝色的液体。）

"我还有两瓶治疗药水。如果外面那东西是冲着我们来的……至少我们不会手无寸铁。"
2026-06-27 01:19:14 [97a2c061] 弗林特: "该死的锈！"

（弗林特用力一拧，铁凿子在锁孔里打了个滑，差点戳到自己的拇指。他咒骂了一声，把凿子拔了出来，对着锁孔吹了口气，扬起一片铁锈灰尘。）

"这破锁锈死了——里面机件全卡住了，硬撬只会把凿子掰断。"

（他把铁盒翻过来晃了晃，里面有什么东西叮当作响。他皱着眉头看了看那把小锁，又看了看自己的工具。）

"要是我有炉子和趁手的工具，这种小锁我十秒就能给你重铸一把。但现在……"（他耸了耸肩，把铁盒放在吧台上。）"谁有细铁丝或者发卡之类的东西？我来教你们怎么开。或者谁力气大，直接把盒子砸开也行——就是不知道里面的东西经不经摔。"

（他看向凯恩。）"小子，你说你想看看？过来搭把手。"
2026-06-27 01:19:18 [97a2c061] DM: 梅丽莎的话还没说完，门外突然传来一声低沉的呻吟——那不是人类能发出的声音。那个佝偻的影子已经走到了酒馆门前不到五尺的地方。透过门缝，艾琳娜终于能看清一些细节：那是一个瘦骨嶙峋的身影，穿着破烂不堪的衣物，皮肤呈现出灰白色，眼窝深陷，嘴唇干裂。它的双手向前伸着，指甲又长又黑，像是很久没有修剪过。

它在试图靠近酒馆的大门。

"……那不是活人。"索伦的声音压得极低，手已经握紧了剑柄。"至少不是活着的正常人。"

薇拉在胸前画了一个洛山达的圣徽，低声祈祷。她的指尖泛起微弱的金色光芒，照亮了周围一小片区域。

梅丽莎，你提到治疗药水——如果你有的话，现在是拿出来的时候。

弗林特，那个铁盒。你要打开它，还是先帮忙顶住门？

艾琳娜，你在门口——那个东西正在伸手够门。你要关门还是……

各位，它快进来了。
2026-06-27 01:19:21 [97a2c061] 薇拉: （薇拉注意到梅丽莎的颤抖，伸出一只手轻轻按在她的肩膀上。她的掌心传来温暖的光芒——那是洛山达赐予的微弱神力，虽然不足以施展完整的治疗术，但足以让人感到一丝安宁。）

"冷静，梅丽莎。传说也好，现实也好——恐惧不能帮我们做任何决定。"

（她转向索伦，目光沉稳。）

"索伦说得对，外面那个东西在靠近。但我们还不知道它是什么——也许只是一个同样被雾困住的旅人。"

（她走向门口，站在索伦身旁，透过门缝望向那片翻涌的浓雾。她闭上眼睛，双手合十，低声祈祷。额前隐隐泛起微弱的金色光辉——那是她向洛山达祈求感知邪恶力量的仪式。）

"让我试试看……如果外面那个东西身上带着黑暗的气息，洛山达的光会告诉我。"

（她保持祈祷的姿势，声音低沉而平稳。）
2026-06-27 01:19:23 [97a2c061] 凯恩: （凯恩听到索伦的警告，脸色一变。他迅速收起羊皮纸和炭笔，快步走向门边，但没有靠近——而是站在离门口几步远的地方，低声说话。）

"等一下——先别急着动手。"

（他从法术书里翻到一页，手指在上面快速划过，嘴里念念有词。一层淡淡的蓝色光芒从他的指尖浮现，像是薄薄的水膜覆盖在他的眼睛上。）

"我学过一个感知法术——'侦测魔法'。如果外面那个东西带有任何魔法痕迹，我应该能看出来。"

（他闭上眼睛，集中精神，然后猛地睁开——那双深棕色的眼睛里此刻泛着微弱的蓝色光芒。他缓缓转身，面向门外的方向。）

"……我看到了。"

（他的声音压得很低，带着一丝紧张。）

"那个轮廓……它身上有微弱的魔力波动。不是很强，但确实存在。像是某种……不死生物的残余灵光。和我在学院里研究过的那些低阶亡灵样本很像。"

（他转身看向众人，目光急切。）

"如果外面真的是一只低阶不死生物——尸鬼或者类似的什么东西——我们或许能应付。但我建议不要单独行动。弗林特，你能修好那扇门的门闩吗？至少让我们有个退路。"

（他看向吧台的方向。）

"至于那个铁盒……如果里面有什么线索，趁现在弄开它也好。但外面那个东西似乎在慢慢靠近——我们没有太多时间了。"
2026-06-27 01:19:28 [97a2c061] DM: 薇拉的祈祷持续了几秒钟。当她睁开眼睛时，额前的金色光辉已经消退，但她的脸色变得异常苍白。

"……我能感觉到。"她的声音很轻，带着一丝颤抖。"那不是活人。它身上……有一种腐烂的、冰冷的气息——不死生物的气息。洛山达的光在警告我，那是被黑暗力量驱使的躯壳。"

（她后退一步，双手紧握胸前的圣徽。）

"它没有理智。它只是……被某种力量牵引着，朝活物的方向移动。"

门外，那个佝偻的身影终于走到了门前——一只灰白色的手从门缝中伸了进来，指甲在木门上刮出刺耳的声响。它在试图推开门。

索伦，你的手已经握在剑柄上——你要拔剑吗？

艾琳娜，你离门最近——你要关门还是退开？

弗林特，那个铁盒就在你手边。你选哪个？

各位，你们有大约十秒钟的时间做出决定。
2026-06-27 01:21:10 [97a2c061] 艾琳娜: （艾琳娜没有犹豫。那只灰白色的手从门缝伸进来的瞬间，她猛地侧身，双手抓住门板，用尽全力往回推——）

"关门！帮我顶住门！"

（她咬紧牙关，肩膀抵在门板上，感觉到门外那股冰冷的力量正在从另一侧挤压。那东西虽然行动迟缓，但力气大得惊人——门板在她的推力下发出嘎吱嘎吱的声响。）

"索伦，过来帮忙——这东西力气不小！"（她回头扫了一眼，声音急促。）"弗林特，别管铁盒了，找个东西过来顶住门！薇拉，那些符文——有没有什么办法重新激活它们？"

（她的靴子在泥泞的地板上打滑，门缝里那只灰白色的手指疯狂地抓挠着门框，长长的黑指甲刮下一片片腐朽的木屑。）
2026-06-27 01:21:18 [97a2c061] 梅丽莎: （梅丽莎尖叫了一声，随即用手捂住自己的嘴。她的身体在发抖，但看到艾琳娜一个人在和门较劲，她咬紧牙关冲了过去。）

"我来帮你！"

（她把药包往旁边一甩，双手抵在门板上。她的力气不大，但此刻肾上腺素让她暂时忘记了恐惧。门板冰冷刺骨，透过木头能感觉到门外那股阴冷的力量——像是有什么东西在吸走她手掌的温度。）

"索伦！弗林特！过来帮忙顶门！"（她朝身后喊道，声音因为用力而发颤。）

（她转头看了一眼壁炉边的那根生锈的拨火棍。）

"找根棍子——把门闩顶上！那个铁棍……弗林特，你能把壁炉旁边那根拨火棍拿过来吗？横插在门闩上，至少能多挡一会儿！"

（门外传来指甲刮木头的声音，刺耳得让人头皮发麻。）
2026-06-27 01:21:18 [97a2c061] DM: 艾琳娜拼尽全力推门，但那只灰白色的手仍然卡在门缝里。它的手指像铁钩一样死死抠住门框，黑指甲刮下的木屑簌簌落下。

索伦没有犹豫——他大步冲过来，肩膀猛地撞上门板，用全身的重量顶住。"弗林特！"他低吼道，"过来帮忙！"

弗林特看了一眼铁盒，又看了一眼门口的危急情况。他咬了咬牙，抄起吧台旁一把沉重的木椅，三步并作两步冲向门口，将椅子横在门后作为支撑。

"顶住！"他吼道，双手死死按住椅背。

凯恩退后几步，手指在法术书上快速翻动。他的嘴唇在低声念诵着什么，指尖泛起微弱的蓝色光芒——他在准备一个法术。

梅丽莎从药包里掏出一只小玻璃瓶，里面装着淡蓝色的液体。她双手颤抖，但眼神却出奇地坚定。

"我有两瓶治疗药水。"她说，声音压得很低。"如果有人受伤……"

门外，那个东西发出一声低沉的咆哮，更多的力量压向门板。门框开始出现裂纹。

各位，门撑不了太久。你们打算怎么做？
2026-06-27 01:21:20 [97a2c061] 弗林特: （铁盒的事被门外传来的刮门声打断了。那只灰白色的手从门缝伸进来的瞬间，弗林特瞪大了眼睛——但他没有慌。）

"来了！"

（他一把丢下铁盒，矮壮的身体像一颗炮弹一样冲向门口。他的靴子在泥泞的地板上踩出重重的声响，肩膀狠狠撞上门板，和艾琳娜一起顶住了那股冰冷的力量。）

"嘿——！这东西力气不小！"（他咬紧牙关，脚后跟死死蹬住地面，粗壮的脖子上青筋暴起。作为一个在矿坑里扛了大半辈子重物的矮人，他的力量绝非寻常。）

"外面还有更多吗？还是就这一只？"（他朝门口的方向吼了一声，回头扫了一眼酒馆内部。）"谁去把那炉子边的拨火棍拿过来——门闩要是断了，那玩意儿至少能顶一阵！"
2026-06-27 01:21:28 [97a2c061] DM: 弗林特的加入让门板暂时稳住了。他的矮人力量在这一刻展现无遗——粗壮的手臂像铁柱一样顶住椅背，靴子在地板上蹬出两道深深的划痕。

梅丽莎听到弗林特的喊声，咬了咬牙，转身冲向壁炉。她一把抓起那根生锈的拨火棍——铁棍沉甸甸的，表面布满铁锈，但还算结实。她双手握紧，冲回门口。

"给你！"她将拨火棍递给弗林特。

弗林特单手接过，另一只手死死按住椅背。他扫了一眼门闩的位置——老旧的木闩已经出现裂纹，随时可能断裂。他迅速将拨火棍横插在门闩和门框之间，用铁棍的重量加固支撑。

"这样至少能多撑一会儿！"他吼道。

就在这时，凯恩的法术准备好了。他的指尖泛起明亮的蓝色光芒，嘴唇快速念出最后几个音节。一道冰冷的光线从他的指尖射出，穿过门缝，直直击中门外那个灰白色的身影——

"冷冻射线！"

门外传来一声凄厉的嘶吼。那只灰白色的手猛地缩了回去，门缝里涌进一股刺骨的寒气。

它退开了——但只是暂时的。

凯恩喘着粗气，脸色有些发白。"我……我只能用一次这个法术。它暂时退了，但不会走远。"

门外，那个东西的嘶吼声在浓雾中回荡，听起来像是在……呼唤什么。

各位，你们打算怎么做？是趁现在冲出去看看周围的情况，还是加固防御等待天亮？
2026-06-27 01:21:29 [97a2c061] 薇拉: （薇拉看到那只灰白色的手从门缝中挤入的瞬间，立刻后退一步，右手紧握胸前的洛山达圣徽。圣徽开始散发出温暖的金色光芒，在昏暗的酒馆中格外醒目。）

"以洛山达之名——"

（她低声诵念祷词，左手向前伸出，掌心凝聚出一团耀眼的金色光球。那光芒炽热而纯净，带着晨曦之主的神圣之力。）

"——退散！"

（她将光球朝着门缝处那只灰白的手掷去。金色的光辉在空中划过一道弧线，直直地朝那只不死生物的残肢飞去。）

同时，她朝身后喊道："梅丽莎！去找那根拨火棍！弗林特说的对——插在门闩上能多撑一会儿！"

（她的声音急促但镇定，目光紧盯着那团飞向不死生物的圣光。作为洛山达的牧师，她知道圣光对不死生物有着特殊的克制——但这只东西到底有多强，她还不确定。）
2026-06-27 01:21:36 [97a2c061] 凯恩: （凯恩看到那只灰白色的手抠进门框，指甲刮下的木屑簌簌落下，心跳猛然加速。他强迫自己冷静下来——恐慌是法师最大的敌人，他的导师曾经这样告诫过他。）

"薇拉！"他一边朝门口跑去一边喊道，"那些壁炉旁的符文——你说是'守望'和'禁锢'的含义！如果那是某种防护性的结界，也许我能用魔力激活它们！"

（他冲到壁炉旁，蹲下身，从法术书里飞速翻找着什么。他的手指在书页上颤抖着划过，眼睛急速扫过一行行文字。）

"防护学派——防护学派的法术应该能……找到了！'保护之印'——一个低阶的防护符文，可以在物体表面创造一道魔力屏障！"

（他抬起头，朝众人大声喊道，声音因紧张而微微发颤，但思路依然清晰。）

"索伦！弗林特！把门顶住，给我三十秒！我能在门框上刻一个防护符文——它不一定能完全挡住那东西，但至少能让它碰到门的时候受到灼烧！"

（他一边说着，一边已经从卷轴筒里取出一小瓶发着微光的银色粉末。他用指尖蘸着粉末，开始在门框内侧的木头上快速描绘一个复杂的几何图案。）

"这是我在学院里练习过最多次的符文——一个用于保护住所免受不死生物侵扰的防护印。我不确定在这个地方能不能成功激活，但现在没有更好的选择了！"

（他咬紧牙关，手指在木头上飞速移动，银色的粉末在昏暗的烛光下闪闪发亮。）
2026-06-27 01:21:40 [97a2c061] DM: 薇拉的圣光击中了门外的那个身影。金色的光辉在雾中炸开，伴随着一声刺耳的嘶吼——那声音像是金属刮过玻璃，让人头皮发麻。

门缝里那只灰白色的手猛地缩了回去，连带着整个身影都向后踉跄了几步。圣光在它的身上留下了一道灼烧的痕迹，冒着淡淡的白烟。

它退开了——但没有离开。

雾中，那个佝偻的身影在十尺外徘徊，发出低沉的咆哮。它的身体在微微颤抖，像是在忍受圣光带来的痛苦，但它的目光——如果那空洞的眼窝还能称之为目光的话——仍然死死盯着酒馆的方向。

就在这时，远处的雾中传来了更多的脚步声。不是一双，而是好几双。沉闷的、拖沓的脚步声，从四面八方缓缓逼近。

"……它在召唤同伴。"索伦的声音压得极低，脸色铁青。"我们得快做决定——是守还是走。"

门外，那些脚步声越来越近。雾中隐约可以看到更多佝偻的身影在移动，至少三四个，也许更多。

各位，你们打算怎么做？
2026-06-27 01:23:16 [97a2c061] 索伦: （索伦的目光从门缝中收回，快速扫视整个酒馆。他的大脑在飞速运转——这扇门挡不了多久，而外面的敌人数量在增加。）

"听我说——我们不能在这里死守。"

（他压低声音，但语气斩钉截铁。）

"门撑不了太久，而且外面越来越多。我刚才检查过，后面厨房有一扇后门，通向酒馆背面。窗户太小人过不去，但那扇后门也许能走。"

（他快步走向酒馆后方，一把推开油腻的木门——果然，一间狭小的厨房出现在眼前，灶台上落满灰尘，角落里堆着发霉的杂物。后门半掩着，门外同样弥漫着浓雾。）

"后门外面的雾更浓，但至少没有被堵死。"

（他回头看向众人，手按在剑柄上。）

"两个选择——第一，我们加固前门，守在这里等天亮，赌这些东西白天会退。第二，趁后门还没被发现，六个人一起冲出去，往山坡上那座建筑跑。那地方看起来像是个庄园或者城堡——比这破酒馆结实得多。"

（外面又传来一声嘶吼，这次更近了。门板在微微震动。）

"快选——没多少时间了。"

2026-06-27 01:23:24 [97a2c061] DM: 索伦的话让所有人都沉默了。门外的脚步声越来越近，那些沉闷的拖沓声像是催命的倒计时。

凯恩从法术书上抬起头，脸色依然苍白。"我的法术需要时间准备……如果它们一起冲进来，我帮不上太多忙。"

薇拉握紧圣徽，但她的法术位也有限。"我的神圣之光还能再用一两次……但面对那么多，恐怕不够。"

梅丽莎紧紧攥着药包，声音发颤但努力保持镇定。"我有治疗药水……但如果有人受了重伤，我只能帮一两个。"

弗林特用粗糙的手掌抹了把脸上的汗水，目光在门板和后门之间来回扫视。"矮人从不临阵脱逃——但要是被围死了，那不是勇敢，是蠢。"

艾琳娜还在门边，透过门缝观察外面的情况。"……它们至少有五六个了。而且还在增加。"

所有人都看向索伦，等待他的决定。

索伦，你选择哪个？

各位，你们打算怎么做？
2026-06-27 01:23:25 [97a2c061] 梅丽莎: （梅丽莎双手还在发抖，但看到门外那道金光将不死生物击退，她稍微松了口气——随即又紧张起来，因为她听到了远处更多逼近的脚步声。）

"往山坡上跑……"（她低声重复着索伦的话，咽了口唾沫。）"那个方向——我刚才从窗户看到山坡上有座建筑的轮廓。如果那是个城堡或庄园，围墙和大门至少比这破酒馆结实。"

（她迅速从药包里掏出一只淡蓝色的小玻璃瓶，递向离她最近的人。）

"这是治疗药水。如果有人在跑的路上被那东西抓伤了，立刻喝下去——能恢复一些体力和伤口。"

（她又掏出一只，紧紧攥在自己手里。）

"我跑得不快——如果你们谁跑在我前面，帮我挡着点后面就好。我不擅长打架，但如果有人倒下了，我能第一时间上去急救。"

（她深吸一口气，像是在给自己打气。）

"不管走哪条路——我们得快点决定。那些脚步声越来越近了。"
2026-06-27 01:23:28 [97a2c061] 弗林特: （弗林特一边死死顶住门板，一边竖起耳朵听索伦的话。外面传来的脚步声让他粗犷的脸上闪过一丝凝重。）

"等那玩意儿散了再冲？"（他低声吼道，粗壮的手臂纹丝不动地撑着椅背。）"听这动静，外面不止一只。后门通向山坡——离那座建筑有多远？五十尺？一百尺？"

（他偏头看了一眼梅丽莎。）

"草药师姑娘，你腿脚怎么样？能跑吗？"

（他又看向凯恩。）

"小子，你那个冷冻的法术还能再用一次吗？要是后门冲出去的时候碰上拦路的，我们需要点火力掩护。"

（他深吸一口气，目光在酒馆里最后扫了一圈，像是在记下每一件可能有用的东西。）

"我同意索伦的说法——守在这儿是等死。这扇门撑不了多久，而更多的东西正在赶来。那个铁盒等回来再开——要是我们能活着回来的话。"

（他用力拍了一下门板，发出一声沉闷的响声。）

"走后门。趁那个东西被薇拉的光烫得还没缓过来。谁跑在前面开路，谁在后面断后？"
2026-06-27 01:23:35 [97a2c061] DM: 梅丽莎的话像是一锤定音。索伦点了点头，目光扫过每一个人。

"好——往山坡上跑。所有人跟紧，别掉队。"

（他压低声音，语气急促而果决。）

"弗林特，你在前面开路——你力气最大，万一路上有障碍你能撞开。艾琳娜，你殿后，你眼神好，注意后面有没有追上来。其他人走中间。"

弗林特点了点头，攥紧手中的战锤，大步走向后门。他侧耳听了听——外面的雾浓得像一堵白墙，什么都看不清楚，但至少没有脚步声。

"后门外面暂时干净。"他回头低声说。

索伦深吸一口气，猛地拉开前门——门外那些佝偻的身影似乎被刚才的圣光和冷冻射线震慑住了，正在十尺外徘徊。但它们显然不会永远待在那里。

"现在！"索伦低吼道，"后门——走！"

弗林特一脚踹开后门，矮壮的身躯率先冲入浓雾之中。凯恩紧跟其后，一手捂着卷轴筒，一手提着长袍下摆。梅丽莎咬着牙跑了起来，药包在腰间晃荡。薇拉在胸前画了个圣徽，最后一个冲出后门。艾琳娜殿后，匕首反握在手中，一边跑一边回头观察。

浓雾瞬间吞没了他们。能见度不到十尺，脚下是湿滑的泥路，两旁是扭曲的枯树。远处，山坡上那座建筑的轮廓在雾中若隐若现——那是一座破败的庄园，高大的围墙已经坍塌了一半，铁门歪斜地挂在铰链上。

就在这时，身后传来一声凄厉的嘶吼——那些不死生物发现猎物逃跑了。

各位，你们正在浓雾中奔跑。前方是那座破败的庄园，身后是追来的不死生物。你们打算怎么做？
2026-06-27 01:23:38 [97a2c061] 薇拉: （薇拉的圣徽仍在微微发光，但光芒已经暗淡了许多。她听到索伦的提议和弗林特的催促，深吸一口气，做出决定。）

"我同意走后门。"

（她的声音虽然平稳，但眼中也有一丝紧迫。）"守在这里只是等死——这些符文或许曾经能保护这里，但现在已经失效了。我的神圣之光还能再用一两次，可以为撤退争取一点时间。"

（她快步走到梅丽莎身边，接过那只递来的治疗药水，塞进腰间的口袋。然后她转向凯恩。）

"凯恩，你能在后门那边的门框上也刻一个防护符文吗？哪怕只能让那些东西迟疑几秒钟也好——我们撤退的时候需要每一秒。"

（她回头最后看了一眼壁炉旁那些暗红色的符文，低声念了一句简短的祈祷，然后转身面向众人。）

"谁跑在最前面开路？谁断后？梅丽莎，你跟着我——我们两个都不擅长近战，但我的光和你的药剂能在关键时刻派上用场。"

（她握紧圣徽，目光坚定。门外那些沉闷的脚步声越来越近，已经没有时间犹豫了。）
2026-06-27 01:23:46 [97a2c061] DM: 六个人在浓雾中狂奔，泥泞的土路在脚下打滑。弗林特矮壮的身躯像一辆小坦克在前面开路，战锤在手中紧握。身后，那些不死生物的嘶吼声越来越近——它们在追来。

"别停！"索伦回头吼了一声，一边跑一边观察后方。雾中隐约可以看到几个佝偻的身影在移动，灰白色的手臂在雾气中若隐若现。

凯恩气喘吁吁地跟在弗林特身后，他的长袍下摆已经被泥水浸透。"我……我尽量跟上……"

梅丽莎跑得最慢，她的药包在腰间疯狂晃荡。薇拉放慢脚步，伸手扶住她的手臂，两人一起跑。

艾琳娜殿后，她的匕首反握在手中，目光不断扫视后方。"它们还在追——大概二十尺远！"

就在这时，山坡上那座庄园的轮廓越来越清晰。那是一座哥特式风格的建筑，高耸的尖塔在雾中若隐若现，围墙虽然坍塌了一半，但铁门还勉强可以关闭。庄园的大门敞开着，里面是一个荒芜的庭院，杂草丛生，石板路上布满裂纹。

弗林特第一个冲到铁门前，回头朝众人大喊："快进来！我能把这门关上！"

各位，你们正在冲向庄园。身后是追来的不死生物，前方是那座神秘的庄园。你们打算怎么做？
2026-06-27 01:25:19 [97a2c061] 艾琳娜: （艾琳娜一边奔跑一边回头观察，匕首在手中灵活地翻转。雾气湿冷地扑在脸上，脚下的泥路让每一步都可能打滑。她注意到身后那些佝偻的身影正在缓慢但持续地缩短距离。）

"它们速度不快——但我们不能停！"（她朝前方喊道，声音被风和雾吞掉了一半。）

（她扫了一眼山坡上越来越近的庄园——高墙、铁门——如果能冲进去把门关上，至少能争取到喘息的时间。）

（她加快脚步，从队尾跑到队伍中段，一把扶住跑得最吃力的梅丽莎的胳膊。）

"抓住我的手——我拉你跑！别掉队！"

（她回头看了一眼，那些灰白色的手臂在雾中若隐若现，嘶吼声越来越近。）

"弗林特！铁门——你能关上吗？到了之后第一时间关门！"
2026-06-27 01:25:27 [97a2c061] DM: 弗林特没有回答——他直接用行动回应。矮壮的身躯冲进铁门，转身面对那扇歪斜的铁栅栏门。他双手抓住冰冷的铁条，用尽全身力气往回拉——铁门发出刺耳的嘎吱声，锈迹斑斑的铰链在抗议。

"快！快进来！"他吼道，青筋在脖子上暴起。

艾琳娜拉着梅丽莎冲过铁门，索伦紧随其后。凯恩气喘吁吁地跑过门槛，薇拉最后一个冲进来。就在所有人进入庭院的瞬间，弗林特猛地将铁门推上——"砰"的一声，铁门撞上门闩，发出沉闷的金属回响。

门外，那些不死生物的脚步声在铁门前停了下来。灰白色的手指从铁栅栏的缝隙中伸进来，抓挠着冰冷的金属，发出令人牙酸的摩擦声。但铁门还算结实——它们暂时进不来。

弗林特靠在铁门上，大口喘着粗气。"暂时……安全了。"他抹了把脸上的汗水，目光扫过庭院。"但这些门挡不了多久。我们需要找个地方躲起来，或者找到出路。"

庄园的主楼就在前方三十尺处，一扇厚重的橡木门半掩着，门框上雕刻着精美的花纹，但已经蒙上了一层厚厚的灰尘。楼上的一扇窗户里，隐约可以看到微弱的烛光在摇曳。

各位，你们暂时安全了。但门外的不死生物还在徘徊，而那座庄园里似乎有人……或者有什么东西。你们打算怎么做？
2026-06-27 01:25:33 [97a2c061] 梅丽莎: （梅丽莎被艾琳娜拽着跑，脚下踉踉跄跄，药包在腰间疯狂晃荡。泥水溅到了她的裙摆上，冷风灌进喉咙，让她几乎喘不上气。但她死死抓住艾琳娜的手，不敢松开。）

"谢、谢谢……"（她气喘吁吁地说，声音被风撕成碎片。）

（她回头瞥了一眼——雾中那些佝偻的身影虽然动作迟缓，但始终没有放弃追逐。它们拖沓的脚步声像是某种恐怖的节拍器，一刻不停。）

"它们……还在追！大概……二十尺……"（她上气不接下气。）

（前方，弗林特已经冲到了铁门旁。梅丽莎拼命加快脚步，泥泞的路面让她好几次差点滑倒，但艾琳娜的手始终稳稳地扶着她。）

"我没事……别因为我拖慢大家！"（她咬紧牙关，眼睛死死盯着前方庄园大门的方向。那座建筑的轮廓在雾中越来越清晰——高大的围墙，尖耸的屋顶……像是一座庄园。）

（她在心里默默祈祷：快到了，快到了……）
2026-06-27 01:25:38 [97a2c061] 弗林特: （弗林特靠在铁门上，胸膛剧烈起伏，大口大口地喘着粗气。他的双手还死死攥着铁栅栏，指关节因为用力而发白。门外那些灰白色的手指仍在铁条间穿插、抓挠，发出令人牙酸的金属摩擦声。）

"暂时……安全了。"（他抹了把脸上的汗水和泥水，目光扫过眼前的庄园庭院。杂草从碎裂的石板缝中钻出来，荒凉得像是几十年没人住过。）

"但这些门挡不了多久。"（他用力又推了推门闩，锈迹斑斑的铁闩发出不祥的嘎吱声。）"那铰链都快烂透了——它们要是再用力撞几下，这门闩就得飞。"

（他直起身子，矮壮的身躯转向主楼方向。那扇半掩的橡木门在雾中像一张张开的嘴，而楼上窗户里那微弱的烛光在摇曳——在这样一个荒无人烟的地方，那烛光显得格外诡异。）

"楼上有光。"（他压低声音，从腰间拔出战锤握在手里。）"不管是人是鬼，有光说明有东西。你们谁跟我进去看看？总比在这院子里等着被瓮中捉鳖强。"

（他回头最后看了一眼铁门——门外的嘶吼声似乎在逐渐减弱，但这让他更加不安。）

"它们安静下来了……这可不是什么好兆头。"
2026-06-27 01:25:39 [97a2c061] DM: 梅丽莎被艾琳娜拽着跑过铁门，脚下一软，差点摔倒。薇拉眼疾手快地扶住她，两人一起踉跄着冲进庭院。

"呼……呼……"梅丽莎跪在地上，双手撑着地面，大口喘着气。她的药包散开了，几只小瓶子滚落在泥地里。"我们……我们安全了吗？"

铁门在弗林特身后重重关上，发出沉闷的金属回响。门外传来指甲刮挠铁栅栏的声音，刺耳得让人头皮发麻，但至少——门暂时挡住了它们。

弗林特靠在铁门上，胸口剧烈起伏。"暂时的……"他喘着粗气说，"这扇门撑不了多久。"

庭院里杂草丛生，石板路上布满裂纹。两棵枯死的橡树矗立在庭院两侧，树枝像枯骨一样伸向灰蒙蒙的天空。主楼就在前方三十尺处——一扇厚重的橡木门半掩着，门框上雕刻着精美的花纹，但已经蒙上了一层厚厚的灰尘。

楼上的窗户里，那点微弱的烛光仍在摇曳。

"有人在上面。"艾琳娜压低声音说，她的目光扫过主楼的窗户。"或者……有什么东西。"

各位，你们打算进入主楼，还是在庭院里另找地方躲避？
2026-06-27 01:25:46 [97a2c061] 薇拉: （薇拉最后一个冲进铁门，双手撑在膝盖上大口喘气。浓雾中的奔跑让她的肺像着了火一样灼热，但她强迫自己直起身来，迅速环顾四周。）

（她的目光被主楼二层窗户中那微弱的烛光吸引住了。）

"那光……"（她压低声音，眉头紧皱。）"有人在上面。在这个荒无人烟、被雾和不死生物包围的地方——有人点了蜡烛。"

（她转向弗林特，语气郑重。）

"你说得对，这扇门挡不了多久。但我们也不能在院子里傻站着。"

（她抬起头，望向那扇半掩的橡木门，胸前的圣徽微微泛光。）

"我建议我们进去——小心地进去。不管楼上是人是鬼，至少比外面那些东西强。我的圣光还能用一次，如果遇到危险，我能争取一点时间。"

（她回头看了一眼铁门外那些渐渐安静下来的灰白身影，不安地皱了皱眉。）

"而且……它们安静下来了。这不是好事——它们也许在等什么。"

（她深吸一口气，将手按在剑柄形状的圣徽上，低声祈祷。）

"洛山达，照亮我们的前路。"

（她转向众人。）"谁先进去？"
2026-06-27 01:25:53 [97a2c061] 凯恩: （凯恩双手撑着膝盖，大口喘着粗气。他的长袍下摆沾满了泥水，卷轴筒在腰间晃荡。刚才那段冲刺几乎耗尽了他本就不多的体力——作为一个整天埋在书堆里的学者，他的体能实在算不上好。）

"呼……呼……暂时……安全了……"（他直起身子，用袖子擦了把脸上的汗水和雾水。）

（他的目光迅速扫过庭院——枯死的橡树、龟裂的石板、坍塌了一半的围墙。然后，他的视线定格在主楼二楼的那扇窗户上。）

"等一下——"（他压低声音，伸手指向楼上。）"你们看到了吗？那扇窗户里有烛光。在这个荒无人烟的地方，有人点着蜡烛。"

（他眯起眼睛，努力辨认那扇窗户后面模糊的轮廓。）

"有两种可能——第一，有其他被困在这里的旅人碰巧也在这个庄园里。第二……"（他犹豫了一下，声音更低了。）"是某种能够使用工具的智能不死生物。但刚才外面那些东西显然是无脑的行尸走肉——如果这里有一个能点蜡烛的存在，它的层次可能完全不同。"

（他深吸一口气，努力让自己的呼吸平稳下来。）

"不管怎样，我们不能在院子里待太久。门外那些东西迟早会冲进来。主楼——那扇橡木门看起来还算结实，而且半开着，说明有人最近进出过。"

（他看向索伦和弗林特。）

"索伦，你觉得呢？进去看看？我的侦测魔法已经用过了，短时间内没法再施展——但如果有情况，我至少还能扔个冷冻射线什么的。"（他苦笑了一下。）"虽然那也只是杯水车薪。"
2026-06-27 01:25:55 [97a2c061] DM: 薇拉的话让所有人都陷入了短暂的沉默。门外，那些指甲刮挠铁栅栏的声音仍在继续，像是某种令人毛骨悚然的催眠曲。

索伦第一个打破沉默。"她说得对。我们不能在院子里等死。"

（他看向主楼那扇半掩的橡木门，手按在剑柄上。）

"我先进去。弗林特，你跟在我后面。其他人保持警惕——如果里面有陷阱或者……别的什么东西，我们得有反应的时间。"

弗林特点了点头，攥紧战锤，矮壮的身躯站到索伦身旁。两人对视一眼，默契地点了点头。

索伦深吸一口气，伸手推开那扇厚重的橡木门——

门轴发出刺耳的嘎吱声，像是很久没有人打开过。门内是一条幽暗的走廊，空气中弥漫着灰尘和霉变的气味。走廊两侧挂着几幅落满灰尘的肖像画，画中的人物穿着古老的服饰，面容严肃而阴沉。

走廊尽头是一段通往楼上的楼梯，楼梯口有一盏摇曳的烛光——那光源似乎来自二楼的某个房间。

"有人在上面。"凯恩压低声音说，他的眼睛在昏暗中闪烁着微光——侦测魔法的效果还没有完全消退。

各位，你们进入了一座古老而阴森的庄园。走廊里空无一人，但楼上的烛光仍在摇曳。你们打算怎么做？
2026-06-27 01:27:41 [97a2c061] 梅丽莎: （梅丽莎跟在队伍中间走进庄园主楼，冷风被关在门外的瞬间，她终于稍微松了口气。但随即，一股更加阴冷的气息扑面而来——那是陈年灰尘、霉变木头和某种说不清的腐朽气味混合在一起的味道。）

（她下意识地靠近薇拉，压低声音。）

"这地方……比我想象的还要破败。"（她的目光扫过走廊两侧那些落满灰尘的肖像画——画中人物的面容在昏暗中显得格外阴沉，仿佛在注视着每一个闯入者。）

（她注意到楼上那点微弱的烛光，心跳又加速了。）

"楼上有蜡烛在烧……"（她的声音几乎低不可闻。）"薇拉，你刚才的圣光能感觉到楼上有什么吗？是有……人，还是又一个那种东西？"

（她摸了摸腰间的药包，确认两只治疗药水还在。虽然不多，但至少不是完全手无寸铁。她深吸一口气，努力让自己镇定下来。）

"不管楼上是什么——我们最好小心点上去。弗林特和索伦走前面，我在后面……如果有人受伤了，我能第一时间处理。"
2026-06-27 01:27:49 [97a2c061] DM: 薇拉闭上眼睛，双手合十，低声祈祷。她的圣徽泛起微弱的金色光芒——比之前暗淡了许多，但仍然能照亮周围一小片区域。

几秒钟后，她睁开眼睛，眉头紧锁。

"我能感觉到……"她的声音压得很低，"楼上有……生命气息。微弱，但确实存在。不是那些不死生物——是活人。但……"

（她犹豫了一下，目光扫过走廊两侧的肖像画。）

"这栋房子里还有别的东西。一种……沉重的、压抑的黑暗。像是某种古老的诅咒笼罩着这里。那些肖像画——"她指向墙上那些阴沉的面孔，"——我能感觉到它们在注视着我们。不是错觉，是某种魔法残留。"

就在这时，楼梯上传来一阵轻微的响动——像是有人在走动。烛光在墙壁上投下摇曳的影子，然后……一个声音从楼上传来。那是一个孩子的声音，细小而颤抖：

"……救救我……有人吗……求求你们……"

梅丽莎的脸色瞬间变得惨白。"是个孩子？"

索伦的手握紧了剑柄，目光锐利地扫视楼梯。"……也可能是陷阱。"

各位，你们打算怎么做？是上楼查看，还是先探索楼下？
2026-06-27 01:29:29 [97a2c061] 艾琳娜: （艾琳娜听到楼梯上的响动，立刻侧身贴紧走廊墙壁，匕首举到胸前。她的耳朵捕捉着每一个细微的声音——脚步声、呼吸声、还有那若有若无的……）

"……有人在叫。"

（她压低声音，目光锁定楼梯口。作为一个在暗巷中长大的半精灵，她对这种"弱者求救"的声音保持着本能的警觉——有时候最危险的陷阱，就是用最脆弱的诱饵。）

"先别急着上去。"（她伸手拦住想要迈步的梅丽莎，眼神锐利。）"薇拉说楼上有活人，但也说这地方被什么黑暗的东西笼罩着。一个活人，在这种地方点着蜡烛求救……"

（她没有说完，但意思已经很明白了。）

"索伦，你走前面。我跟在你后面，注意脚下和两侧。如果那是陷阱，我们至少不能一窝蜂踩进去。"

（她回头扫了一眼肖像画上那些阴沉的面孔，感觉有什么东西在注视着自己。）
2026-06-27 01:29:38 [97a2c061] DM: 索伦点了点头，目光锐利。"她说得对。我们分两组——一组上楼，一组探索楼下。这样即使一边出事，另一边还有退路。"

（他看向众人，快速分配任务。）

"我、弗林特、艾琳娜上楼。薇拉、凯恩、梅丽莎留在楼下，探索一楼的房间——看看有没有后门、武器、或者任何有用的东西。"

（他从腰间抽出阔剑，剑身在昏暗中泛着冷光。）

"如果上面出事，我们会发出信号。你们听到声音就立刻撤出这栋房子——别回头。"

薇拉点了点头，但她的手仍然紧握着圣徽。"小心。这栋房子里的黑暗……比我想象的要深。"

索伦没有回答，只是转身面向楼梯。他的脚步沉稳而缓慢，每一步都小心翼翼地避开可能发出声响的木板。弗林特紧随其后，战锤高举，矮壮的身躯在狭窄的楼梯间几乎占满了整个宽度。艾琳娜殿后，匕首反握，目光不断扫视两侧。

楼梯在他们脚下发出轻微的嘎吱声，每一声都像是在警告什么。烛光在墙壁上投下摇曳的影子，像是有无数双眼睛在注视着他们。

当他们到达二楼走廊时，那求救声变得更加清晰了——是从走廊尽头的一扇半掩的门后传来的。

"救救我……有人吗……求求你们……"

各位，你们打算怎么做？
2026-06-27 01:29:48 [97a2c061] 弗林特: （弗林特攥紧战锤，矮壮的身躯紧跟在索伦身后。他刻意把脚步放轻——对于一个穿着铁靴、体重近三百磅的矮人来说，这并不容易，但在矿坑里摸爬滚打了大半辈子，他知道怎么在狭窄的通道里控制自己的重量。）

"我走你右后方。"（他压低声音对索伦说，同时用目光扫视楼梯两侧的墙壁。）"有埋伏的话，右边是锤子最顺手的角度。"

（他抬头望向楼梯上方——那孩子的求救声更清晰了，带着哭腔，像是被什么东西吓坏了。他的眉头紧锁。一个孩子，被困在这种地方，独自一人……这念头让他胸口一阵发紧。）

"薇拉说这地方有黑暗笼罩……"（他低声嘟囔，粗糙的大手在锤柄上紧了紧。）"要是那孩子真被困住了，咱们救出来就走。要是别的什么东西装的……"

（他没说完，但手里的战锤微微抬起，摆出了随时可以挥击的架势。）

"——这把锤子教它做人。"
2026-06-27 01:29:49 [97a2c061] 梅丽莎: （梅丽莎听到索伦的分组安排，心里虽然有些不安——她不想和索伦他们分开——但也知道这是合理的决定。楼上那个声音让她毛骨悚然，她宁愿留在楼下。）

"好。"（她点了点头，转向薇拉和凯恩。）"我们三个在楼下找找看——后门、窗户、还有其他出口。如果楼上出了什么事，我们至少知道怎么跑。"

（她深吸一口气，朝走廊深处望去。阴暗的走廊两侧有好几扇紧闭的门，木质门板上布满了岁月的痕迹。她的目光落在最近的一扇门上——门缝下面隐约透出一丝微弱的光线。）

"那扇门后面有光……"（她压低声音，朝薇拉和凯恩指了指。）"也许是个储藏室，也许有壁炉还在燃烧。你们谁要跟我过去看看？"

（她轻轻从药包里摸出一根干燥的艾草棒——那是她平时用来熏药的，点燃后能发出淡淡的烟雾。如果遇到什么危险，至少能制造一点烟雾掩护。）

"我走在前面——如果遇到什么不对劲的东西，你们就跑。"（她的声音在发抖，但脚步已经朝那扇门迈去。）"反正我跑得最慢，跑也跑不掉……不如我先看看。"
2026-06-27 01:29:58 [97a2c061] DM: 索伦在走廊中停下脚步，回头看了弗林特和艾琳娜一眼。他压低声音：

"我先进去。你们守住门口——如果里面有什么不对，我喊一声，你们就冲进来。"

弗林特点了点头，矮壮的身躯堵住了走廊的一半宽度，战锤蓄势待发。艾琳娜背靠墙壁，匕首反握，目光警惕地扫视着走廊两侧——那些肖像画的眼睛似乎在跟踪着他们的每一个动作。

索伦深吸一口气，伸手推开那扇半掩的门——

门内是一间狭小的卧室。一张破旧的床铺靠墙摆放，床上的被褥已经发霉。床头的桌子上点着一支蜡烛，烛光在微风中摇曳，将整个房间染成昏黄的色调。

床边的地板上，蜷缩着一个小小的身影——一个大约七八岁的孩子，穿着破旧的睡衣，双手抱膝，将脸埋在膝盖间。听到门响，那个孩子猛地抬起头，露出一张苍白而惊恐的面孔——那是一个男孩，金色的头发乱糟糟的，眼睛因为恐惧而睁得很大。

"……你们是真的吗？"他的声音颤抖，"还是……又是假的？"

---

与此同时，楼下。

薇拉、凯恩和梅丽莎在走廊中分头行动。凯恩推开一扇侧门，发现里面是一间书房——书架上摆满了落满灰尘的书籍，一张写字台上散落着泛黄的纸张。梅丽莎则找到了一间厨房——灶台上落满灰尘，但角落里有一个地窖的入口，木门半掩着。薇拉在走廊尽头发现了一间起居室，壁炉旁的墙上挂着一幅巨大的油画——画中是一个面容严肃的男人，穿着古老的贵族服饰，背景是一座城堡的尖塔。

"凯恩，你过来看看这个。"薇拉压低声音喊道，"这幅画……画的可能是这栋房子的主人。"

各位，你们打算怎么做？
2026-06-27 01:30:04 [97a2c061] 凯恩: （凯恩点了点头，朝梅丽莎指的那扇门望去。他的手指无意识地摩挲着法术书的封面，嘴唇微微翕动——他在默默回忆法术书中还有哪些可用的法术。）

"我跟你过去看看。"

（他压低声音，从腰间取出一根细小的蜡烛点燃。微弱的烛光照亮了他苍白的面孔和那双仍然带着疲惫的眼睛。）

"薇拉，你殿后——如果有情况，你的圣光是我们最后的底牌。"

（他小心翼翼地朝那扇门走去，每一步都尽量避开可能发出声响的地板缝隙。走廊里的空气阴冷而沉闷，墙壁上挂着的那些古老画像在烛光中显得格外阴森。）

（走到门前，他停住脚步，侧耳倾听。门后似乎有微弱的——什么声音？像是纸页翻动的沙沙声，又像是什么东西在轻轻移动。他回头看了梅丽莎和薇拉一眼，用口型无声地说："里面有动静。"

（他深吸一口气，一只手握紧蜡烛，另一只手轻轻按上那扇门的把手——金属冰凉得刺骨。他缓缓转动把手，将门推开一条缝，让烛光先照进去。）
2026-06-27 01:30:13 [97a2c061] DM: 凯恩深吸一口气，一只手握紧蜡烛，另一只手轻轻按上那扇门的把手——金属冰凉得刺骨。他缓缓转动把手，将门推开一条缝，让烛光先照进去。

门后是一间书房。书架靠墙排列，上面塞满了各种书籍和卷轴，有些已经散落在地上。一张大书桌占据了房间中央，桌面上堆满了纸张、墨水瓶和几根已经烧尽的蜡烛。空气中弥漫着陈旧纸张和墨水的气味。

凯恩的烛光照亮了书桌上的内容——那是一封信，字迹潦草而急促，像是在极度恐惧中写下的：

> "致任何能找到这封信的人：
> 
> 如果你正在读这封信，说明你已经进入了这栋房子。我很抱歉——你可能已经无法离开了。
> 
> 这栋房子被诅咒了。那个东西——我们曾经称之为'父亲'的东西——已经不再是人类。它被黑暗的力量吞噬，变成了某种……怪物。它困住了我们所有人。
> 
> 孩子们是无辜的。求求你，如果你能救他们，请带他们离开这里。地下室的祭坛——那是关键。摧毁它，诅咒就会解除。
> 
> 但要小心——房子本身也是它的仆人。它会用幻象和恐惧来试探你。相信你的同伴，不要相信你的眼睛。
> 
> ——伊莉莎白·杜兰德"

凯恩的手在颤抖。他将信递给身后的薇拉和梅丽莎。

"……这栋房子是活的。"他的声音压得极低，"或者说，有某种东西控制着它。"

各位，你们打算怎么做？
2026-06-27 01:31:33 [97a2c061] 索伦: （索伦的剑尖微微下垂，但没有收回。他的目光在房间里快速扫了一圈——床铺、窗户、角落、天花板——确认没有埋伏之后，才将注意力放在那个蜷缩的身影上。）

一个孩子。七八岁的男孩，金色头发，穿着破旧的睡衣。

（他的手仍然握着剑柄，但肩膀稍微放松了一点。）

"我们是真的。"

（他的声音低沉，没有刻意放柔，但也谈不上冷硬——更像是一个习惯了和人打交道的士兵，在面对一个受惊的孩子时，所能给出的最直接的回应。）

"你叫什么名字？为什么一个人在这里？"

（他缓缓蹲下身，让自己的视线和男孩平齐。他没有伸手去碰那个孩子——不是因为冷漠，而是因为他不确定这个孩子是否真的无害。薇拉说过，这栋房子里有幻象和恐惧。）

（他回头看了弗林特和艾琳娜一眼，微微摇了摇头——意思是：暂时没有威胁，但别放松。

"你叫什么名字？"他又问了一遍，语气比第一次稍微缓和了一些。"外面那些东西——你知道它们是什么吗？"

2026-06-27 01:31:40 [97a2c061] DM: 男孩眨了眨眼睛，泪水在眼眶中打转。他的目光在索伦、弗林特和艾琳娜之间来回扫视，像是在确认他们的真实性。

"……我叫达米安。"他的声音很小，带着颤抖。"这是……这是我的家。我爸爸妈妈……他们不在了。"

（他低下头，手指紧紧抓着破旧的睡衣下摆。）

"那个叔叔……他说他是我们的新爸爸。但他说了谎。他……他变成了怪物。妈妈把我藏在这里，让我不要出去。但……但我听到了他的脚步声。他每天晚上都会在走廊里走来走去。"

（达米安抬起头，眼中的恐惧几乎要溢出来。）

"他已经很久没有来了。但我知道他还在房子里。我听到过……他的声音。他在跟什么东西说话。"

就在这时，楼下传来一声闷响——像是什么东西倒在地上。然后是梅丽莎的尖叫声。

各位，你们打算怎么做？
2026-06-27 01:31:53 [97a2c061] 弗林特: （弗林特慢慢蹲下身，让自己的视线与男孩齐平。他把战锤放到一边——在这个狭小的房间里，锤子暂时用不上。他的表情依然严肃，但眼神柔和了几分。）

"达米安。"（他的声音放低了，不再是矿坑里吼叫的那种粗嗓门，而是一个长辈对晚辈说话时的温和语调。）"你一个人在这儿待了多久？"

（他扫了一眼房间——破旧的床铺、发霉的被褥、一盏快要烧完的蜡烛。这孩子不知道在这儿熬了多少个夜晚。）

"那个'新爸爸'——你知道他现在在哪儿吗？在楼下？还是在房子里的其他地方？"

（他伸出一只粗糙的大手，掌心朝上，放在达米安面前。）

"你跟我们走，达米安。我们不会丢下你。但你得告诉我们——这房子还有什么门？地下室、后门、密道——你爸妈有没有跟你提过什么？"

（他的目光扫向索伦和艾琳娜，压低声音。）

"这孩子的信息可能比我们想象的有用得多。"
2026-06-27 01:31:59 [97a2c061] 梅丽莎: （梅丽莎蹲在厨房角落里翻找有用的东西时，手肘不小心撞翻了灶台上一只落满灰尘的铜锅。铜锅砸在地上，发出巨大的"砰——哐当——"声，在寂静的庄园里格外刺耳。）

"！"（她倒吸一口冷气，整个人僵住了。）

（她连忙捂住嘴，瞪大眼睛望向天花板——楼上会不会听到？那些……那些不死生物会不会被声音吸引过来？

（她跪在地上，双手颤抖着将铜锅扶起来。灶台下面似乎有一个地窖的入口——一块方形的木板嵌在地板上，边缘有铁质的提手。她刚才撞翻铜锅的时候，铜锅正好砸在这块木板旁边，震出了一条缝隙。）

（她压低声音朝走廊方向喊道：）

"薇拉！凯恩！你们过来一下……这里好像有个地窖！"

（她盯着那条缝隙，心跳加速。缝隙下面透出一股潮湿阴冷的气息，混杂着某种说不清的、陈腐的气味——像极了那些不死生物身上的味道，但又有些不同。）
2026-06-27 01:32:01 [97a2c061] DM: 达米安看着弗林特粗糙的大手，犹豫了很久，才小心翼翼地将自己的小手放了上去。他的手指冰凉得像石头。

"我不知道过了多久……"他的声音很小。"蜡烛烧完了一支，我就换一支。厨房的柜子里还有几支。"

（他咽了口唾沫，眼神闪烁。）

"地下室……有一个地下室。在厨房后面。但妈妈说不要下去。她说……那下面是'他'的地方。那个叔叔在那里做了什么……很可怕的事情。"

（达米安的手开始发抖。）

"有一次我偷偷靠近地下室的门，听到里面有人在哭。不是一个人……是很多人。很多很多人在哭。然后门自己开了——不是我开的——是门自己动的。里面很黑，我什么都看不见，但……有冷风吹出来。很冷很冷的风。"

就在这时，楼下又传来一声响动——这次不是闷响，而是什么东西碎裂的声音。紧接着是凯恩的喊声：

"梅丽莎！小心——"

各位，楼上和楼下似乎同时出了状况。你们打算怎么做？
2026-06-27 01:32:02 [97a2c061] 薇拉: （薇拉读完那封信，脸色苍白。她将信纸轻轻放回桌面，声音压得极低。）

"地下室的祭坛……摧毁它就能解除诅咒。"（她的手指无意识地摩挲着圣徽，目光在昏暗的书房中扫过。）"这个伊莉莎白·杜兰德——她似乎是这栋房子的主人。她知道真相，但没能逃出去……"

（就在这时，楼下传来一声沉闷的巨响。薇拉猛地转头，圣徽瞬间亮起微弱的金光。）

"什么声音？"（她压低声音，右手按在剑柄上——虽然她不擅长近战，但圣徽本身就是一件武器。）

（她看向凯恩和梅丽莎，眼神警示。）

"凯恩，你刚说的——'房子本身是它的仆人'。那个声音……也许是房子在试探我们。"

（她深吸一口气，朝声音的方向迈了两步，然后又停下，回头看向同伴。）

"我们三个一起过去看看。保持警惕——如果有危险，我先用圣光探路。梅丽莎，你的治疗药水准备好。"

（她的声音虽然镇定，但握着圣徽的手微微发抖——不是因为恐惧，而是因为某种直觉。洛山达的神力正在向她传递一个模糊的警告：这栋房子里的黑暗……比她预想的要古老得多。）
2026-06-27 01:32:11 [97a2c061] DM: 楼上和楼下的声音几乎同时响起，让整栋房子都仿佛震了一下。

楼下——

梅丽莎在厨房角落里翻找有用的东西时，手肘不小心撞翻了灶台上一只落满灰尘的铜锅。铜锅砸在地上，发出巨大的"砰——哐当——"声，在寂静的庄园里格外刺耳。

"！"她倒吸一口冷气，整个人僵住了。

但真正让她尖叫的不是铜锅——而是铜锅砸落的震动，让厨房地板上那块地窖的木板猛地弹开了一条缝。一股冰冷的气流从缝隙中涌出，带着某种令人作呕的甜腻气味。

"薇拉！凯恩！"梅丽莎后退两步，声音发颤，"这里有个地窖！门……门自己开了！"

薇拉和凯恩冲过来，三个人围在地窖入口旁。那条缝隙大约两尺宽，下面一片漆黑。冷风从缝隙中不断涌出，带着一股混合了泥土和某种更深层腐败的气味。

就在这时，楼上传来索伦的喊声：

"楼下出什么事了？！"

紧接着，达米安的声音也从楼上传来——细小而惊恐：

"你们……你们听到了吗？他在下面……那个叔叔在地下室……他醒了……"

整栋房子的烛光同时闪烁了一下，像是某种无形的力量在呼吸。

各位，你们打算怎么做？
2026-06-27 01:32:15 [97a2c061] 凯恩: （凯恩听到薇拉读完那封信的内容，脸色变得凝重。他的手指轻轻摩挲着信纸的边缘，眉头紧锁。）

"地下室的祭坛……摧毁它就能解除诅咒。"（他低声重复着这句话，像是在品味每个字的分量。）"伊莉莎白·杜兰德——她知道真相，但没能逃出去。这封信就是她留下的最后警告。"

（他站起身，目光扫过书房的四壁，然后落在窗外那片翻滚的浓雾上。）

"'房子本身也是它的仆人'——这句话让我想起了之前关于巴洛维亚的判断。如果这个位面本身就被某种力量控制，那么这栋建筑很可能也被同化了。那些走廊、那些画像……它们不是装饰，是感知器官。房子在看着我们。"

（就在这时，楼下传来一声巨大的铜器碰撞声——"砰——哐当——"——在寂静的庄园里格外刺耳。凯恩的身体猛地一僵。）

"梅丽莎！"（他压低声音喊道，同时快步朝书房门口走去。）"那声音太大了——如果房子里还有其他东西，它们肯定听到了！"

（他回头看了薇拉一眼，眼神急切。）

"薇拉，你的圣光还能用几次？我们可能很快需要它。而且——"（他的声音更低了，）"如果楼上那孩子说的是真的，'他'每天晚上都会在走廊里走来走去。我不知道现在算不算'晚上'，但我们制造的这些动静，很可能已经惊动了什么。"

（他握紧蜡烛，朝走廊方向迈步。）

"我们得去厨房看看梅丽莎——然后尽快和其他人汇合。不管楼上的孩子是真是假，那封信里提到的地下室……我们迟早要面对它。"
2026-06-27 01:32:23 [97a2c061] DM: 达米安的话像一盆冷水浇在所有人头上。索伦一把将男孩护在身后，阔剑横在胸前，目光如鹰隼般锐利。

"他在地下室——那个'新爸爸'。"索伦压低声音，"这就是信上说的东西。"

楼上楼下的人迅速在走廊汇合。薇拉将凯恩发现的那封信的内容快速转述给索伦和弗林特——地下室的祭坛，摧毁它就能解除诅咒。

弗林特看了一眼达米安苍白的小脸，又看了一眼通往厨房方向的走廊。他的下颌绷紧了。

"那孩子说地下室有人在哭。很多人在哭。"他的声音低沉而沙哑，"不管下面是什么，那些人……也许还有救。"

梅丽莎紧紧攥着药包，脸色发白。"那封信说……'房子是它的仆人'。我们刚才听到的那些声音——脚步声、门自己开——都是这栋房子在……在试探我们？"

凯恩点了点头，将信纸折好塞进袖中。"更准确地说，是在警告我们——或者引诱我们下去。"

门外，那些不死生物刮挠铁门的声音又响了起来——而且更急促了。它们似乎感知到了什么。

身后是追来的不死生物，脚下是被诅咒的地下室，身边是一个受惊的孩子。

各位，你们打算怎么做？
2026-06-27 01:33:41 [97a2c061] 艾琳娜: （艾琳娜听完达米安的讲述，又听了薇拉转述信中的内容，她的目光变得锐利而冷静。）

"地下室的祭坛是关键——那封信说得很清楚。"（她压低声音，目光扫过在场的每一个人。）"但问题是怎么下去。"

（她转向达米安，蹲下身子，尽量让自己的语气平和。）

"达米安，你刚才说那扇门是自己打开的——你有没有注意到，门是从里面开的，还是从外面？里面有没有灯？"

（她站起身，朝众人继续说。）

"这栋房子是它的'仆人'。刚才梅丽莎撞开地窖门不是巧合——房子在引诱我们下去。这可能意味着地下室的祭坛是它的核心，它急于让我们靠近……也可能意味着它在设陷阱。"

（她的手不自觉地握紧了匕首。）

"我的建议是：我们下去，但要小心。弗林特在前面开路，索伦断后。我跟凯恩走中间——我注意物理陷阱，他注意魔法陷阱。梅丽莎和薇拉留在上面，照看达米安，同时守住退路。"

（她看了一眼楼梯和走廊。）

"如果下面情况不对，我们还能撤上来。但如果我们所有人都钻进地下室，房子把门一锁——我们就成瓮中之鳖了。"
2026-06-27 01:33:44 [97a2c061] 索伦: （索伦的目光在所有人脸上扫过，最后落在达米安苍白的小脸上。他蹲下身，一只手按住男孩的肩膀，语气低沉而坚定。）

"达米安，听我说——我们要去地下室。我知道你害怕，但你妈妈留下的那封信说，摧毁那里的祭坛就能解除诅咒。只有解除诅咒，我们才能带你离开。"

（他站起身，转向众人。他的声音恢复了那种不容置疑的命令口吻——不是商量，而是部署。）

"情况很清楚了。第一，门外那些东西不会走，它们在外面等着。第二，这栋房子本身是那个东西的仆人，我们待得越久越危险。第三——"

（他目光落在薇拉身上。）

"——那封信说地下室的祭坛是关键。那个'新爸爸'就在下面。我们必须下去。"

（他抽出阔剑，剑身在昏暗中泛着冷光。）

"但我不会让所有人一起去送死。我带弗林特和艾琳娜下去——弗林特的力量和锤子能砸碎石头，艾琳娜的身手适合侦察。薇拉，你的圣光是克制不死生物的最好武器，跟在我们后面。凯恩、梅丽莎——"

（他看向两人。）

"你们留在一楼，照顾达米安。如果我们十五分钟内没有回来……或者你们听到什么不对的声音——带着这孩子从后门跑。别回头。"

（他最后看了一眼门外方向——铁门的嘎吱声还在继续。）

"弗林特。"他转向矮人，"你的锤子准备好了吗？"

2026-06-27 01:33:50 [97a2c061] DM: 艾琳娜的话还没说完，达米安突然抓住弗林特的衣袖，小脸煞白。

"不要下去！"他的声音尖锐而恐惧，"那个叔叔……他就在下面！我听见过他的声音——他在跟什么东西说话！他说……他说'很快就好了，很快就能完成仪式'……"

（他的身体在剧烈颤抖。）

"妈妈……妈妈就是下去之后就没有再上来……"

这句话让所有人都沉默了。

薇拉闭上眼睛，低声念了一句简短的祈祷。当她睁开眼时，目光中多了一份决然。

"我们别无选择。"她的声音平静但坚定。"那封信说摧毁祭坛就能解除诅咒。外面那些不死生物越来越多，这扇铁门挡不了多久。地下室的祭坛是唯一的希望。"

（她看向弗林特。）

"而且——如果那个'新爸爸'真的在地下室，我们迟早要面对他。与其等他主动找上门，不如我们先发制人。"

索伦点了点头，手按在剑柄上。"我同意。但我们需要一个计划。"

他看向达米安，语气缓和了一些。"孩子，你留在楼上。找个地方躲起来——如果我们赢了，我们会来接你。如果我们……"

他没有说完，但每个人都明白他的意思。

各位，你们打算怎么做？
2026-06-27 01:34:02 [97a2c061] 弗林特: （弗林特感觉到那只冰凉的小手死死攥着自己的衣袖，心口像被什么东西揪了一下。他没有甩开，反而用粗糙的大手轻轻覆在达米安的手背上。）

"你妈妈……下去之后没再上来？"

（他的声音低沉而沙哑，像是从胸腔深处挤出来的。他闭了一下眼睛，再睁开时，那双深陷的眼睛里多了一种矮人特有的倔强——那是打了一辈子铁的人才会有的东西：越是被锤击，越是坚硬。）

"达米安，听我说。"（他蹲低身子，让自己的脸和男孩平齐，一字一句地说。）"你妈妈下到那个地下室，是为了阻止那个东西。她没有回来，但那不代表她白去了。"

（他轻轻握了握达米安的手。）

"那个祭坛是关键——这房子外面的怪物、被诅咒的一切，都跟那玩意儿有关。我们要下去，不是去送死，是去把这事儿了结。你妈妈没做完的事，我们帮她做完。"

（他站起身，转向索伦和艾琳娜，脸上的表情像是刚刚从炉火中淬过一遍的钢铁——冷硬，但不再犹豫。）

"那孩子说他妈妈下去就没上来。"（他的声音很轻，但每个字都像锤子砸在铁砧上。）"不管下面是什么，有人为了阻止它已经付出了代价。咱们不能缩在这儿等着。"

（他伸手拿起战锤，检查了一下锤头和手柄的接合处——那是他亲手锻造的东西，值得信赖。）

"索伦，你说怎么走，我跟着。但我有个条件——"（他回头看了一眼达米安。）"这孩子不能一个人留在这儿。带上他，或者让他跟薇拉他们在一起。我不管哪种，但不能把他丢下。"

（他最后看了一眼达米安苍白的小脸，粗糙的大手拍了拍男孩的肩膀——力道很轻，像是怕碰碎什么。）

"我们会回来的，小子。等着。"
2026-06-27 01:34:08 [97a2c061] 梅丽莎: （梅丽莎看到达米安惊恐的样子，心里一阵发酸。她蹲下身，尽量让自己和男孩平视，声音放得很轻很柔。）

"达米安……我知道你很害怕。"（她的手轻轻放在男孩的肩膀上，感觉到那小小的身体在剧烈颤抖。）"你妈妈说得对，地下室很危险。但我们必须去——不是为了冒险，而是为了结束这一切。"

（她从药包里掏出一条干净的亚麻手帕，轻轻擦了擦达米安脸上的泪痕。）

"你妈妈留下那封信，就是希望有人能来救你们。她没能做到……但她把信息传递了出去。现在我们来了。"

（她站起身，转向索伦和弗林特，语气变得认真。）

"达米安不能一个人留在楼上——万一房子有什么变化，他跑都来不及。让他跟薇拉待在一起吧……薇拉的圣光能保护他。"

（她深吸一口气，摸了摸腰间的药包。）

"如果下面真的有那个'叔叔'……我需要知道——我们是要摧毁祭坛，还是要打败他？如果要打架，我可能帮不上什么忙，但我至少能保证你们倒下的时候有人拉一把。"
2026-06-27 01:34:12 [97a2c061] 薇拉: （薇拉蹲下身，与达米安平视。她轻轻按住男孩颤抖的双手，掌心传来温暖的光芒。）

"达米安，听我说。"（她的声音轻柔但坚定。）"你妈妈去了地下室没有回来——但她留下了那封信。她在信里告诉了我们怎么结束这一切。"

（她抬头看向弗林特和索伦，目光沉稳。）

"我们别无选择。外面那些不死生物挡住了退路，这栋房子本身也在阻止我们离开。地下室的祭坛是诅咒的核心——摧毁它，或许我们都能活着离开。包括达米安。"

（她站起身来，转向楼梯方向，声音压低。）

"但达米安说得对——那个东西就在下面。我们不能贸然行动。"

（她闭上眼睛，双手合十，低声祈祷。圣徽发出微弱的金色光芒。几秒后，她睁开眼。）

"我还能用一次圣光——如果下面有邪恶的存在，它会告诉我。但之后我就需要休息才能再次使用。"

（她看向众人，语气郑重。）

"我建议我们一起行动——六个人，一个不落。达米安留在楼上太危险了，带上他。索伦和弗林特在前面开路，艾琳娜照顾达米安，凯恩和我殿后。如果遇到那个东西……"

（她深吸一口气。）

"……洛山达的光会为我们争取时间。"
2026-06-27 01:34:13 [97a2c061] DM: 弗林特的话让达米安的颤抖稍微减轻了一些。男孩抬起头，泪眼婆娑地看着这个矮壮的铁匠。

"你……你们真的能打败他吗？"他的声音很小，像是一片随时会被风吹走的落叶。

弗林特没有立刻回答。他站起身，拿起战锤，检查了一下锤头和手柄的接合处——那是他亲手锻造的东西，他信任它，就像信任自己的双手。

"我这辈子锻造过无数把锤子。"他的声音低沉而平稳，"每一把都是为了砸碎该砸碎的东西。"

他转向索伦，目光坚定。"走吧。不管下面是什么，咱们把它了结。"

索伦点了点头，阔剑出鞘。"好。弗林特走前面，我殿后。艾琳娜注意两侧，薇拉准备好圣光。凯恩和梅丽莎——"

他看向那两个相对不擅长战斗的同伴。

"你们在楼梯口等着。如果情况不对，带着达米安从正门冲出去——铁门后面那些东西应该已经被我们甩远了。"

梅丽莎咬着嘴唇点了点头，手紧紧攥着药包。凯恩深吸一口气，将法术书翻开到最新的一页，手指在文字上轻轻滑动，低声念诵着准备法术的咒语。

薇拉闭上眼睛，双手合十。"洛山达……照亮我们的前路。"她低声祈祷，圣徽再次泛起微弱的金色光芒。

达米安缩在楼梯角落里，双手抱膝，目送着这些陌生人走向通往厨房的走廊。

弗林特第一个走到地窖入口旁。那扇木板已经完全弹开，露出一个黑洞洞的方形开口。一架腐朽的木梯向下延伸，消失在黑暗中。冷风从下方涌上来，带着一股浓重的腐败气味。

"准备好了吗？"他回头看了众人一眼。

各位，你们要进入地下室了。你们打算怎么做？
2026-06-27 01:36:22 [97a2c061] DM: 弗林特站在地窖入口旁，冷风从黑暗的洞口涌上来，吹得他的胡须微微飘动。他回头看了众人一眼，等待回应。

门外，那些不死生物刮挠铁门的声音越来越急促——它们似乎感知到了什么，变得躁动不安。

地窖下面，隐约传来一阵低沉的嗡鸣声，像是什么东西在震动。

弗林特，你第一个下去吗？索伦，你的计划是什么？

各位，时间不多了。
2026-06-27 01:36:36 [97a2c061] 凯恩: （凯恩看着达米安苍白的小脸，又看了看手中那封伊莉莎白·杜兰德留下的信，深吸了一口气。他蹲下身，与男孩平视。）

"达米安……你妈妈的信上说，只要摧毁地下室的祭坛，诅咒就会解除。她没能做到，但她把方法告诉了我们。"

（他站起身，转向众人，声音低沉但清晰。）

"各位，我知道这听起来很疯狂。但逻辑很清楚——"

（他竖起一根手指。）"第一，门外那些不死生物不会走，铁门挡不了多久。我们没有退路。"

（竖起第二根手指。）"第二，那封信说'房子本身是它的仆人'——我们在这房子里待得越久，暴露给它的信息就越多。它知道我们有几个人，知道我们的位置，知道我们发现了那封信。"

（竖起第三根手指。）"第三，地下室的祭坛是诅咒的核心。不管那个'新爸爸'是什么东西，祭坛可能是他力量的来源。摧毁它——即使不能完全消灭他，至少能削弱他。"

（他合上法术书，目光扫过每一个人。）

"我不是战士，我的法力也所剩无几。但我在学院里研究过防护学派的理论——诅咒类的法术通常有一个'锚点'，摧毁锚点就能瓦解整个结构。如果这个祭坛就是锚点……"

（他顿了顿，看向索伦和弗林特。）

"我们需要一个计划。谁走前面？谁殿后？谁保护达米安？我们不能一窝蜂冲下去——那正是敌人想要的。"

（他从卷轴筒里抽出一张空白羊皮纸和炭笔，开始在上面快速画着什么。）

"我在画一个简单的楼层平面图——根据我们目前已经探索过的区域。如果有密道或者侧门，我们需要提前知道。"（他的眼神变得锐利。）"而且……那封信提到'不要相信你的眼睛'——如果房子能制造幻象，我们进入地下室后，可能会看到不该看到的东西。我们需要一个识别幻象的方法。"

（他看向薇拉。）"薇拉，你的圣光……它能分辨真实和幻象吗？洛山达是光明之主——他的力量应该能穿透黑暗的遮蔽。"
2026-06-27 01:36:45 [97a2c061] DM: 凯恩的话让所有人都安静了下来。他的逻辑清晰而冷酷，没有任何情感色彩——但正是这种理性，反而让每个人意识到形势的严峻。

"……他说得对。"索伦的声音低沉而平静。"我们没有时间犹豫了。"

他转身面向地窖入口，阔剑在手中微微调整了一下握法。"弗林特，你走前面。你的锤子在这种狭窄的地方比我的剑更有用。艾琳娜在我旁边，注意两侧。薇拉跟在后面，准备好你的圣光——下面可能有不死生物。"

（他回头看了凯恩和梅丽莎一眼。）

"你们两个——照顾好达米安。如果听到我们喊'跑'，就带着孩子从正门冲出去。铁门外面那些东西应该已经被我们甩远了——如果运气好的话。"

弗林特点了点头，矮壮的身躯转向地窖入口。他低头看了一眼那黑洞洞的洞口，冷风从下方涌上来，吹得他的胡须微微飘动。

"在矿坑里摸爬滚打了大半辈子，"他低声说，"这种洞口我钻过无数次了。"

他伸手抓住木梯的第一级横档，试探性地往下踩了一步。木梯发出令人牙酸的嘎吱声，但还算结实。

"能走。"他回头说，"跟上。"

（他开始一步步往下爬，矮壮的身影逐渐消失在黑暗中。）

各位，你们要进入地下室了。弗林特第一个下去，索伦和艾琳娜紧随其后，薇拉殿后。你们打算怎么做？
2026-06-27 01:37:55 [97a2c061] 艾琳娜: （艾琳娜点了点头，匕首在手中翻转了一下，换了个更顺手的握法。她走到索伦身旁，目光落在那个黑洞洞的地窖入口上——冷风裹挟着一股甜腻的腐臭味扑面而来，让她的胃微微翻涌。）

"收到。"

（她简短地应了一声，然后从腰间摸出一小截油脂布条，缠在匕首柄上防滑。她的目光扫过地窖入口的木梯——看起来还算结实，但谁知道下面的台阶已经被腐蚀到了什么程度。）

（她回头看了凯恩和梅丽莎一眼。）

"你们两个——看好达米安。如果有什么不对，不要犹豫，直接带着孩子跑。"

（她又看了看薇拉。）"薇拉，你的圣光准备好了吗？下去之后第一件事可能是照明——下面太黑了。"

（她深吸一口气，一只手扶住地窖边缘，脚踩上木梯的第一级台阶。木梯发出一阵令人牙酸的嘎吱声。）

"……我先探一步。"

（她没有等索伦回应，直接沿着木梯往下走了两阶，匕首横在胸前，眼睛在黑暗中努力适应着。）
2026-06-27 01:37:56 [97a2c061] 索伦: （索伦深吸一口气，手按在剑柄上。他的目光最后扫了一遍在场的每个人——弗林特已经蹲在地窖入口旁，艾琳娜匕首反握，薇拉的圣徽微微发光。）

"走。"

（他只说了一个字，然后跟着弗林特走向地窖入口。他蹲下身，一只手撑着地窖边缘，朝下望了一眼——黑暗像一张巨口，等着吞噬他们。但下面确实有光，微弱的、摇曳的光，从更深处传来。）

"弗林特，慢慢下去。每一步都试一下木梯再踩实——这种老木头经不住猛踩。"

（他回头最后看了一眼凯恩和梅丽莎。）

"十五分钟。如果蜡烛烧到这里——"（他从腰间摸出一支短蜡烛，插在地窖入口旁的地板裂缝里，用弗林特腰间的火折子点燃。）"——蜡烛烧完我们还没回来，就带达米安走。别犹豫。"

（他最后看了一眼达米安苍白的小脸。）

"你妈妈是英雄。我们会替她把事情做完。"

（说完，他翻身踏上木梯，一步步走进黑暗。冷风从下方涌上来，夹杂着泥土和某种更深层的腐败气味。木梯在他脚下嘎吱作响，但还算结实。）

（每下降一步，外界的声音就弱一分——铁门的嘎吱声、风声、所有的一切都在远离。取而代之的是某种低沉的嗡鸣，像是地底深处有什么东西在震动。）

（他在黑暗中低声对弗林特说。）

"听到了吗？那个声音。像是……心跳。"

2026-06-27 01:38:06 [97a2c061] DM: 弗林特的身影消失在黑暗中，木梯在他脚下嘎吱作响。几秒钟后，他的声音从下方传来：

"……下来吧。梯子能走。"

索伦紧随其后，阔剑在手中泛着冷光。艾琳娜第三个下去，匕首反握，目光不断扫视四周。薇拉最后一个踏上木梯，圣徽在胸前泛起微弱的金色光芒，照亮了周围一小片区域。

木梯一共十二级，每一级都像是踩在朽木上。当薇拉的脚踏上最后一级台阶时，她终于看到了地下室的全貌。

那是一个宽敞的石砌房间，天花板很低，只有七尺高——弗林特几乎要弯着腰才能站直。墙壁上挂着几盏早已熄灭的油灯，灰尘和蛛网覆盖了一切。房间中央，一张石制的祭坛矗立在那里，上面布满了暗红色的污渍——那是干涸已久的血迹。

祭坛上放着一本厚重的书，封面是黑色的皮革，上面用银色的符文装饰着。书是打开的，书页在某种看不见的力量下轻轻翻动。

"……那是什么？"索伦压低声音，阔剑指向那本书。

薇拉的圣徽突然剧烈闪烁了一下。"那本书……上面有强大的黑暗魔力。那不是普通的书——那是某种……邪恶的典籍。"

就在这时，祭坛后面的黑暗中传来一声低沉的呻吟。一个佝偻的身影从阴影中缓缓站起——那是一个男人，或者说，曾经是一个男人。他的皮肤呈现出灰白色，眼窝深陷，嘴唇干裂，穿着一件破烂的贵族服饰。他的双手向前伸着，指甲又长又黑。

"……新来的……客人……"他的声音沙哑而破碎，像是很久没有说过话。"欢迎……来到……我的家……"

各位，你们面对的是这栋房子的"主人"——那个曾经被称为"新爸爸"的怪物。你们打算怎么做？
2026-06-27 01:38:15 [97a2c061] 弗林特: （弗林特蹲在地窖入口旁，冷风从黑暗的洞口涌上来，吹得他的胡须微微飘动。他低头看了一眼那黑洞洞的入口——潮湿的泥土气息夹杂着一股更深层的腐败气味扑面而来。）

"矿坑比这深。"（他低声嘟囔了一句，像是在给自己打气。）

（他伸出一只粗糙的大手，抓住木梯的第一根横档，试探性地往下踩了一步。木梯发出令人牙酸的嘎吱声，但还算结实。他又踩了一步——横档微微弯曲，但没有断裂。）

"能走。"（他回头对索伦说。）

（他继续往下爬，矮壮的身躯在狭窄的入口里几乎填满了整个宽度。每下降一步，头上的烛光就暗一分，而下方那股嗡鸣声就重一分——像是有什么东西在地底深处振动。他的战锤别在腰间，左手扶梯，右手随时准备拔出。）

"索伦——下面有微光。不是圣光那种金色的，是另一种。"（他的声音从下方传来，带着回音。）"像是……红色的。很暗，但在动。"

（他继续往下，靴子踩在最底层的木板上，发出一声闷响。地窖比他想象的要大得多——黑暗像潮水一样从四面八方涌来，但远处确实有一团暗红色的光芒在闪烁，映照出模糊的轮廓。）

"……我看到祭坛了。在前面，大概……三十尺？那红色的光就是从那上面来的。"

（他深吸一口气，终于把战锤从腰间拔了出来。锤头在黑暗中泛着冷光。）

"下面闻起来很不对。很臭——不是普通的霉味，是那种……肉烂掉的味道。还有甜味，腻得恶心。"

（他压低声音，朝上方喊道。）

"都下来吧。小心脚下——最下面两级台阶已经腐朽了，踩空了可没人拉你们。"
2026-06-27 01:38:23 [97a2c061] 薇拉: （薇拉踏上最后一级台阶，脚落在冰冷的石板上。圣徽的金光在黑暗中格外醒目，照亮了周围几尺的范围——但她宁愿自己没有看到这些。）

她的目光扫过石室，最后落在那张石制祭坛上。干涸的血迹在圣光下呈现出暗红色的光泽，散发着一股令人作呕的甜腻气味。而祭坛上那本黑色皮革封面的书——

"别碰那本书。"（她的声音突然变得尖锐，圣徽的光芒骤然闪烁了一下。）"那是……某种邪恶的典籍。我能感觉到上面附着的黑暗魔力——它在……脉动。像是活的。"

（她后退一步，目光警惕地扫视四周。嗡鸣声更加清晰了，从祭坛的方向传来，像是那本书在低语。）

"伊莉莎白的信说摧毁祭坛就能解除诅咒。"（她转向索伦和弗林特，语气急切。）"弗林特——你的锤子。集中力量砸碎那张祭坛。但那本书……最好先把它移开。谁去？还是……直接一起砸了？"

（她的手紧握圣徽，金光微微加强——她在积蓄最后的神圣之力，以防那个"叔叔"突然出现。）
2026-06-27 01:38:38 [97a2c061] 梅丽莎: （梅丽莎蹲在地窖入口旁，眼睛死死盯着那根索伦留下的蜡烛。烛火在微风中轻轻摇曳，每一寸缩短都像是在倒计时。她能听到楼下传来模糊的声响——脚步声、低语声、还有金属碰撞的回音。）

（达米安缩在她身后，小手紧紧攥着她的斗篷下摆。男孩的呼吸又急又浅，像是被什么东西吓住了。）

"嘘……"（梅丽莎轻轻拍了拍达米安的头，声音尽可能地柔和。）"他们很厉害。弗林特的锤子能砸碎石头，薇拉有圣光保护。他们不会有事的。"

（她自己的声音却在发抖。她转头看向凯恩，压低声音。）

"凯恩……你听到了吗？下面好像有……有东西在动。"（她的手不自觉地摸向药包，摸到了那瓶治疗药水的冰凉玻璃瓶身。）

"如果下面出事了——我是说，如果他们喊'跑'——我们真的就直接跑吗？什么都不做？"

（她的目光落在地窖入口的黑暗中，喉咙发紧。她讨厌这种无能为力的感觉——别人在战斗，而她只能在这里干等着。）

"我的药水……也许能帮上忙。如果有人受伤被抬上来，我能第一时间处理。"（她深吸一口气，将药包放在地窖入口旁边。）"我把药放在这儿……这样不管谁先上来，都能拿到。"
2026-06-27 01:38:41 [97a2c061] DM: 薇拉的光束击中那个身影的胸膛，金色的火焰在它的身体上燃烧。它发出一声凄厉的嘶吼，向后踉跄几步，撞上祭坛。

"弗林特！你的伤——"艾琳娜一边喊，一边从侧翼包抄过去，匕首反握，寻找攻击的机会。

弗林特低头看了一眼前臂上的三道抓痕，鲜血正顺着手指滴落。但他咬紧牙关，战锤再次举起。

"皮外伤！"他吼道，"先把这东西解决了！"

那个佝偻的身影从祭坛旁站直身体，灰白色的面孔上露出一个扭曲的笑容。它的双手缓缓抬起，黑色的指甲在薇拉的圣光下闪烁着诡异的光泽。

"你们……太迟了……"它的声音沙哑而破碎，"仪式……已经完成了一半……祭坛……会吞噬你们……"

就在这时，祭坛上那本邪恶典籍突然自动翻动起来，书页发出沙沙的声响。一道暗红色的光芒从书中射出，笼罩了整个地下室。

薇拉感到一阵眩晕，圣徽的光芒开始闪烁不定。"那本书……它在干扰我的法术！"

索伦的阔剑再次劈向那个身影，但这次它敏捷地侧身躲开，反手一爪抓向索伦的手臂。索伦及时后退，但袖口被撕裂，皮肤上留下一道浅浅的血痕。

"它比外面那些东西强得多！"索伦压低声音，"艾琳娜，找机会攻击它的腿部——限制它的行动！弗林特，准备好你的锤子，等我给你创造机会！"

那个身影发出低沉的咆哮，身体开始发生变化——它的皮肤变得更加灰白，眼窝中亮起两点暗红色的光芒。它张开嘴，露出一排尖锐的牙齿。

"你们……都会成为……祭品……"

各位，战斗进入了白热化阶段。你们打算怎么做？
2026-06-27 01:39:00 [97a2c061] 凯恩: （凯恩紧跟在薇拉身后踏上最后一级台阶，脚落在冰冷的石板上。薇拉圣徽的金光照亮了石室——他看到了那张布满暗红血迹的祭坛，和祭坛上那本不断翻动的黑色典籍。）

"……我感觉到了。"（他低声说，手指无意识地按在法术书上。那本黑暗典籍散发的魔力波动即使没有侦测魔法也能隐约感知——像是一股冰冷的暗流，从祭坛方向不断涌出，侵蚀着周围的空气。）

（他的目光扫过石室——低矮的天花板、墙上的熄灭油灯、以及祭坛后面那片最浓重的黑暗。当那个佝偻的身影从阴影中站起时，凯恩的瞳孔猛然收缩。）

"那就是……'新爸爸'。"

（他后退了两步，让自己站到弗林特和索伦身后——他知道自己的位置。他不是战士，冲上去只会送命。但他能做别的事。）

（他快速翻到法术书最后几页，那里记录着他为毕业论文准备的几个实验性法术。他的手指在书页上颤抖着滑过，嘴里低声念诵着咒语。一层淡蓝色的微光从他的指尖浮现——那是他仅剩的最后一点魔力。）

"薇拉！"（他压低声音，目光紧盯着那个正在逼近的身影。）"你的圣光能照亮祭坛上那本书吗？如果那本典籍是力量的来源，也许我们不需要先打败它——我们可以先摧毁那本书！"

（他从腰间摸出一根短蜡烛，用颤抖的手点燃，放在脚边的石板上。然后他捡起一块拳头大的碎石，握在手中。）

"弗林特——如果有机会，先砸那本书！别管祭坛，先毁掉典籍！"（他的声音因紧张而微微发颤，但思路依然清晰。）"诅咒类法术的锚点往往不是物理结构，而是媒介！那本书就是媒介！"
2026-06-27 01:39:09 [97a2c061] DM: 凯恩的话在混乱的战斗中划出一道清晰的思路。

"薇拉！"他压低声音，目光紧盯着那个正在逼近的身影。"你的圣光能照亮祭坛上那本书吗？如果那本典籍是力量的来源，也许我们不需要先打败它——我们可以先摧毁那本书！"

（他从腰间摸出一根短蜡烛，点燃后举在手中——微弱的烛光在黑暗中摇曳，但他需要光线来施展法术。他的手指在法术书上快速翻动，嘴唇低声念诵咒语。）

"我能再用一次冷冻射线——但需要有人帮我创造机会！"

与此同时，那个"新爸爸"的身躯再次发生变化。它的脊背弓起，四肢开始扭曲伸长，灰白色的皮肤下浮现出暗红色的血管纹路。它的嘶吼声变成了低沉的咆哮，像是某种野兽在怒吼。

"祭品……新鲜的……祭品……"

它猛地扑向弗林特，速度快得惊人——

弗林特侧身躲开，但它的爪子还是划过了他的肩膀，在皮甲上留下三道深深的划痕。"嘶——"矮人闷哼一声，身体踉跄了一下，但战锤仍然紧握在手中。

"它在变强！"弗林特吼道，"那本书——它在给它力量！"

索伦一边闪避一边寻找攻击的机会。"艾琳娜！趁它攻击弗林特的时候——从后面绕过去！薇拉，用你的光掩护她！"

各位，你们打算怎么做？是集中力量摧毁那本书，还是先解决这个"新爸爸"？
2026-06-27 01:40:03 [97a2c061] 艾琳娜: （艾琳娜趁着怪物被薇拉的圣光击退、撞上祭坛的瞬间，从侧翼疾冲而出。她没有朝怪物的正面冲去——那太蠢了——而是贴着石墙绕到它的身后，匕首在微弱的圣光下划出一道冷芒。）

"凯恩说得对——先毁那本书！"

（她低吼一声，借着助跑的惯性纵身跃上祭坛边缘，右手匕首反握，朝着那本不断翻动的黑色典籍狠狠刺去——）

（与此同时，她用左手撑住祭坛台面，借力翻身到另一侧，与怪物保持距离。如果那本书是力量来源，她的匕首能不能伤到它？）
2026-06-27 01:40:08 [97a2c061] 索伦: （索伦没有犹豫。在薇拉的圣光将那个佝偻的身影击退的瞬间，他猛地踏前一步，阔剑高举过头顶，从上往下狠狠劈向那东西的肩膀——）

"凯恩说得对！"他一边挥剑一边吼道，"那本书是它的力量来源——弗林特，你去砸祭坛！艾琳娜，掩护他！"

（剑刃劈中了怪物的肩膀，切入灰白色的皮肉，但阻力比预想的大——那东西的肌肉下面似乎不是骨头，而是某种坚硬的、像石化了一样的组织。剑刃只切进去不到两寸就被卡住了。）

（索伦咬紧牙关，用力一拧剑柄，将阔剑从怪物的肩膀中拔出来。黑红色的液体从伤口流出，但那东西似乎并不在意——它发出低沉的咆哮，另一只爪子朝索伦的胸口抓来。）

（索伦侧身闪避，爪尖擦过他的皮甲，留下三道浅浅的划痕。他后退半步，重新摆好战斗姿态，阔剑横在胸前。）

"弗林特！趁它受伤——砸了那张祭坛！"

2026-06-27 01:40:22 [97a2c061] DM: 艾琳娜的匕首狠狠刺向那本翻动的典籍——但就在刀尖即将触及书页的瞬间，一道暗红色的光芒从书中爆发出来，像是一只无形的手将她的匕首弹开。

"砰！"匕首击中祭坛石面，溅起一串火星。艾琳娜的手腕被反震得发麻，她踉跄着后退两步，险些摔倒。

"那本书……有防护！"她咬紧牙关，匕首再次举起。"物理攻击伤不了它！"

那个"新爸爸"发出一声低沉的咆哮，转身扑向艾琳娜——它的速度比之前更快了，灰白色的身影在圣光下如同一道幽影。

"艾琳娜！躲开！"索伦大喊，阔剑横扫，试图拦截那个身影。剑刃划过它的后背，切入灰白色的皮肉，但阻力比预想的大——那东西的肌肉下面似乎不是骨头，而是某种坚硬的、像石化了一样的组织。剑刃只切进去不到两寸就被卡住了。

索伦咬紧牙关，用力一拧剑柄，将阔剑从怪物的肩膀中拔出来。黑红色的液体从伤口流出，但那东西似乎并不在意——它发出低沉的咆哮，另一只爪子朝索伦的胸口抓来。

索伦侧身闪避，爪尖擦过他的皮甲，留下三道浅浅的划痕。他后退半步，重新摆好战斗姿态，阔剑横在胸前。

"弗林特！趁它受伤——砸了那张祭坛！"

薇拉举起圣徽，金色的光芒骤然增强——她瞄准祭坛，一道光束射向那张石制的台面。"以洛山达之名——净化！"

金色的光芒击中祭坛，石面上的暗红血迹在圣光下开始蒸发，冒出一缕缕白烟。

各位，你们打算怎么做？是集中力量摧毁祭坛，还是先解决那个"新爸爸"？
2026-06-27 01:40:31 [97a2c061] 弗林特: （战锤重重砸在石制祭坛上！）

"砰——！"

（一声巨响在石室中炸开。锤头与石面撞击的瞬间，弗林特感觉到一股巨大的反震力沿着手臂传遍全身——这石头比他想象的要硬得多。但他是铁匠，他的双臂是用锤子锤炼出来的。）

（祭坛的台面上出现了一道裂纹——从锤击点向四周蔓延，像蛛网一样扩散。暗红色的光芒剧烈闪烁了一下，那本黑色典籍的翻动速度猛然加快，书页发出刺耳的沙沙声。）

"它碎了！"（弗林特吼道，双手高举战锤准备第二击。）"这东西比我想象的硬，但撑不住——"

（他没有说完。祭坛上的裂纹突然爆发出一股灼热的暗红色能量波，像是一记无形的重拳狠狠砸在他的胸口。矮人被震得倒飞出去，背部撞在三尺外的石墙上，发出一声沉闷的撞击声。）

"呃——！"（他滑落在地，战锤脱手落在身旁。胸口像被火烧一样灼痛，呼吸一滞。）

（但他只躺了一秒就咬着牙撑了起来，粗糙的手重新握住锤柄。）

"……还能打。"（他喘着粗气，抹掉嘴角渗出的血丝。）"再来一次！那东西顶不住第二锤！"
2026-06-27 01:40:32 [97a2c061] 薇拉: （薇拉看到艾琳娜的匕首被弹开，心中一紧。那本典籍的防护魔法不是普通的屏障——那是与黑暗力量融为一体的结界。但洛山达的光……是黑暗的天敌。）

"让我来！"

（她大步冲向前方，将圣徽高举过头顶。金色的光芒骤然爆发，照亮了整个地下室——那些墙壁上的阴影像受惊的野兽一样退缩。）

"洛山达！照亮这被遗忘的黑暗！"

（一道纯白色的神圣光柱从她的圣徽中射出，不是朝着怪物，而是直直地射向祭坛上的黑色典籍。金色的圣光与暗红色的魔法屏障猛烈碰撞——空气中发出刺耳的嘶嘶声，像是两种截然相反的力量在撕扯彼此。）

（薇拉感觉到一股巨大的反噬力量沿着手臂涌来，几乎让她松手。但她咬紧牙关，死死握住圣徽，将最后一丝神圣之力倾注进光柱。）

"弗林特！现在！"（她吼道，声音因用力而发颤。）"我正在压制那本书的防护——你的锤子能砸碎石头，也能砸碎它！"

（她的鼻孔渗出一丝鲜血——过度使用神圣之力的代价。但她的目光依然坚定。）
2026-06-27 01:40:40 [97a2c061] DM: 弗林特的战锤在石制祭坛上砸出了第一道裂纹——但祭坛的反击也让他付出了代价。暗红色的能量波击中他的胸口，矮人被震得倒飞出去，背部重重撞在石墙上。

"咳——"弗林特滑落在地，战锤脱手落在身旁。他的胸口像被火烧一样灼痛，呼吸一滞。

"弗林特！"梅丽莎的声音从楼梯口传来——她一直守在上面，听到声音后忍不住探头往下看。

矮人只躺了一秒就咬着牙撑了起来，粗糙的手重新握住锤柄。"……还能打。"他喘着粗气，抹掉嘴角渗出的血丝。

与此同时，那个"新爸爸"已经扑向了艾琳娜。它的爪子划过空气，艾琳娜侧身躲开，但衣袖被撕裂了一角。

"索伦！掩护我！"艾琳娜一边闪避一边喊道，"我要再试一次——用火烧那本书！"

薇拉举起圣徽，金色的光芒在她手中凝聚。"我来掩护！"

她将光束射向那个怪物，金色的火焰在它的身上燃烧，逼得它暂时后退。

凯恩抓住这个机会，从腰间取出一根蜡烛点燃，举在手中。他的手指在法术书上快速翻动，嘴唇低声念诵咒语——

"弗林特！"他喊道，"你还能再砸一下吗？只要再一道裂纹——我就能用冷冻射线从内部冻裂它！"

各位，战斗进入了关键时刻。你们打算怎么做？
2026-06-27 01:40:53 [97a2c061] 梅丽莎: （楼下传来的巨响让梅丽莎整个人猛地弹了起来。锤击石面的声音、圣光爆发的嘶嘶声、还有那怪物刺耳的嘶吼——所有的声音混在一起，像是一场噩梦。）

"他们打起来了……"（她的脸色煞白，双手攥紧药包。）

（她看了一眼达米安——男孩缩在角落里，双手捂住耳朵，整个人蜷成一团。她又看了一眼凯恩。）

"凯恩——你在这里看着达米安。"（她的声音在发抖，但脚步已经朝地窖入口走去。）"如果下面有人受伤了……我不能在这里干等着。"

（她蹲在地窖入口旁，朝下面喊道：）

"薇拉！弗林特！你们听到我吗？！如果有人受伤了——把人往上抬！我把药水准备好了！"

（她从药包里掏出两只治疗药水，瓶身在她颤抖的手中碰撞，发出清脆的声响。她把药水放在入口旁最容易够到的地方，然后又掏出一卷绷带和一小瓶止血散。）

（她的耳朵死死捕捉着下面的每一个声音——锤击声、嘶吼声、还有人喊叫的声音。每当声音变大，她就忍不住往地窖口探身，像是想看清楚下面发生了什么。）

"拜托……拜托你们没事……"（她低声祈祷，虽然她不信任何神明。）
2026-06-27 01:41:05 [97a2c061] DM: 梅丽莎的声音从楼梯口传来，带着颤抖但坚定的决心。"我下来了！如果有人需要治疗——"

薇拉回头喊道："梅丽莎！弗林特受伤了——准备治疗药水！"

弗林特听到凯恩的话，咬紧牙关站稳脚跟。他的胸口还在灼痛，但战锤已经重新握在手中。"再来一次？"他吼道，"那就再来一次！"

他迈开大步，矮壮的身躯像一颗炮弹一样冲向祭坛。战锤高举过头顶，所有的力量都凝聚在这一击上——

"砰——！！"

第二道裂纹从第一道裂纹旁炸开，像闪电一样蔓延到祭坛的整个表面。暗红色的光芒剧烈闪烁，那本黑色典籍的翻动速度猛然加快，书页发出刺耳的沙沙声。

"凯恩！现在！"薇拉大喊，圣光全力压制着那个怪物——金色的火焰在它的身上燃烧，逼得它不断后退。

凯恩深吸一口气，手指在法术书上快速翻动。他的嘴唇念出最后几个音节，指尖凝聚出一团冰冷的蓝色光芒——

"冷冻射线！"

一道冰蓝色的光线从他的指尖射出，穿过混乱的战场，直直击中祭坛上的那本典籍——

"嘶——"

冰蓝色的光芒与暗红色的魔法猛烈碰撞。那本典籍的书页在极寒中冻结、龟裂，然后——

"砰！"

整本典籍炸成了无数碎片，暗红色的光芒在空气中消散。祭坛上的裂纹瞬间扩大，整张石制祭坛开始崩塌——

各位，祭坛被摧毁了。那个"新爸爸"会怎样？
2026-06-27 01:41:14 [97a2c061] 凯恩: （凯恩看到薇拉的圣光正在压制典籍的防护屏障，又看到弗林特被震飞——他的心猛地一沉。但他的大脑在飞速运转。）

"就是现在——！"

（他没有犹豫。他从法术书中翻到那一页，嘴唇快速念出冰霜咒语的最后几个音节。一层淡蓝色的寒气从他的指尖凝聚成形——一根细长的冰锥悬浮在他面前。）

"薇拉压制住了那本书的防护——我的冷冻射线可以从内部冻裂它！"

（他瞄准祭坛上那本不断翻动的黑色典籍，将法力倾注进冰锥。一道冰冷的蓝色光束从他的指尖射出，直直命中那本邪恶典籍——）

（冰霜在黑色皮革封面上迅速蔓延，书页的翻动速度骤然减慢。那层暗红色的防护屏障在圣光和冰霜的双重夹击下剧烈闪烁，开始出现裂纹。）

"有效！"（凯恩喊道，但随即感到一阵眩晕——他的法力已经彻底耗尽了。他的身体晃了一下，险些跌倒，扶住旁边的石墙才稳住。）

"我……我没魔力了。"（他喘着粗气，声音虚弱。）"但那本书的防护正在崩溃——弗林特！薇拉！趁现在，再来一下——砸碎那本书！"

（他回头看了一眼通往木梯的方向——梅丽莎还在上面。如果他们输了，她和达米安就完了。）

"必须成功……"（他低声自语，攥紧了手中的碎石。）
2026-06-27 01:41:25 [97a2c061] DM: 祭坛崩塌的瞬间，整个地下室都在颤抖。那本黑暗典籍炸成碎片后，暗红色的光芒如同退潮般从空气中消散——但那个"新爸爸"的反应才是最剧烈的。

它发出一声凄厉到不似人类的嘶吼，双手死死抱住自己的头颅。它的身体开始剧烈颤抖，灰白色的皮肤上浮现出密密麻麻的裂纹，像是干涸的泥土。暗红色的光芒从那些裂纹中涌出，将它整个人染成了一尊即将碎裂的雕像。

"不……不可能……"它的声音变得支离破碎，"仪式……我的仪式……"

它的目光扫过在场的每一个人——那双空洞的眼窝中，暗红色的光芒正在急剧减弱。

"你们……不知道……自己做了什么……"它的声音越来越低，"他……会来找你们的……那个……真正的……主人……"

话音未落，它的身体猛然崩裂——灰白色的碎屑在空气中飞散，如同被风吹散的灰烬。地下室中那股令人窒息的压迫感瞬间消散，取而代之的是一片寂静。

祭坛的位置只剩下一堆碎裂的石块，和满地的灰尘。

弗林特靠在墙上，大口喘着粗气。梅丽莎冲下楼梯，手忙脚乱地从药包里掏出治疗药水，跪在弗林特身旁。

"让我看看你的伤……"

薇拉放下圣徽，金色的光芒终于熄灭。她闭上眼睛，低声祈祷："洛山达……感谢你的庇护。"

索伦环顾四周，确认没有其他威胁后，终于将阔剑收回鞘中。

就在这时，整栋房子发出一声低沉的轰鸣——像是某种沉睡已久的东西终于被唤醒。楼上传来达米安的惊呼声，紧接着是梅丽莎从楼梯口传来的喊声：

"房子在动！"

各位，祭坛被摧毁了，那个"新爸爸"也消失了。但房子似乎还没有平静下来。你们打算怎么做？
2026-06-27 01:42:40 [97a2c061] 弗林特: （弗林特靠在碎裂的祭坛残骸旁，大口大口地喘着粗气。他的胸口像被铁锤砸过一样灼痛，嘴角的血迹还没干透。但当他看到那个佝偻的身影在暗红色的碎屑中崩裂消散时，他握着锤柄的手终于松了几分。）

"……完事了。"

（他低头看了看祭坛的残骸——那本黑色典籍已经炸成了碎片，散落在碎裂的石块之间。暗红色的光芒彻底消散了，地窖里的空气开始变得……干净了一些。那股甜腻的腐败气味在退去。）

（但那个东西最后的话还在他耳边回荡——"他……会来找你们的……那个……真正的主人……"）

（他皱起眉头，粗糙的大手撑着膝盖，勉强站起身来。）

"它说的'真正的主人'——你们都听到了？"（他的声音沙哑，但每个字都很清楚。）"这东西不是头目。它上面还有人。或者说……有什么东西。"

（他看向薇拉和凯恩。）

"祭坛毁了，诅咒应该能解除。但你们谁给我解释一下——这到底是谁搞的？谁在幕后操纵这一切？这栋房子、外面那些怪物、这个地下室……这不像是随便搞搞的邪教——这是有预谋的。"

（他用手背擦了擦嘴角的血，目光落在梅丽莎身上。）

"药剂师姑娘——你刚才说要治疗？先看看薇拉——她鼻子里在流血。还有凯恩那小子，他站都站不稳了。我这把老骨头撑得住，死不了。"

（他靠在墙上，虽然嘴上说着撑得住，但粗糙的大手不自觉地按在胸口上——那里的疼痛比他愿意承认的要严重得多。）
2026-06-27 01:42:57 [97a2c061] DM: 弗林特的话让所有人都沉默了。那句"真正的主人"像一根刺，扎在每个人心里。

薇拉走上前，蹲在弗林特身旁，从梅丽莎手中接过治疗药水，轻轻递给他。"先喝这个。"

弗林特接过药水，一饮而尽。温热的液体顺着喉咙流下，灼痛感逐渐减轻。他长出一口气，粗糙的手掌擦了擦嘴角的血迹。

"谢了，姑娘。"

就在这时，整栋房子再次震动了一下——但这次不是那种令人窒息的压迫感，而是像某种沉重的东西终于卸下了。墙壁上的裂缝开始愈合，灰尘从天花板上簌簌落下，但空气中的腐败气味正在迅速消散。

楼上传来达米安的声音，这次不再是恐惧，而是……惊讶？

"雾……雾在散！"男孩的声音从楼梯口传来，"你们快来看！"

众人迅速爬上楼梯，回到一楼。透过窗户，他们看到——门外那些浓雾正在缓缓退去，露出一片灰蒙蒙的天空。那些不死生物的身影已经在雾中消失，铁门后面恢复了寂静。

达米安站在窗边，小脸贴在玻璃上，眼睛睁得大大的。"你们……你们真的做到了。"

（他的声音颤抖着，但这次是因为激动。）

"妈妈……妈妈会很高兴的……"

薇拉走上前，轻轻按住男孩的肩膀。"我们做到了，达米安。你妈妈留下的信息帮助了我们。"

索伦环顾四周，确认房子已经不再有危险后，终于将阔剑完全收回鞘中。

"我们安全了。"他的声音低沉而平静，但每个人都听出了其中的释然。

凯恩从书房里拿出那封信，仔细折好放进袖中。"这封信……我们得保管好。那个'真正的主人'——不管他是什么，我们迟早要面对他。"

梅丽莎蹲在达米安身旁，从药包里掏出一块干净的手帕，轻轻擦了擦男孩脸上的泪痕。"你饿了吗？我去厨房看看有没有能吃的东西。"

弗林特靠在墙上，看着这一切，嘴角终于露出一丝微笑。

各位，战斗结束了。你们摧毁了祭坛，解除了诅咒，救出了达米安。但那个"真正的主人"的警告仍在回荡。接下来，你们打算怎么做？
2026-06-27 01:43:02 [97a2c061] 梅丽莎: （梅丽莎听到下面的嘶吼声戛然而止，紧接着是一片寂静。她的心几乎要跳出嗓子眼——赢了？还是……）

（然后她听到了弗林特的声音——"完事了"——她的膝盖一软，差点跌坐在地上。）

"谢天谢地……"（她颤声低语，然后猛地抓起药包，手忙脚乱地顺着木梯往下爬。）

（她的脚刚踏上地下室冰冷的石板，就看到了一片狼藉——碎裂的祭坛残骸散落一地，那本邪恶典籍的碎片还在微微冒着黑烟，而空气中弥漫着一股焦糊和腐败混合的气味。）

（她没有时间去害怕。她的目光扫过每一个人——弗林特靠在墙上，胸口和肩膀都有伤；薇拉鼻血还没止住，嘴唇发白；凯恩扶着墙，脸色惨淡得像张纸；索伦和艾琳娜身上也有大大小小的伤口。）

"让我看看……"（她跪到弗林特身边，快速检查他前臂上的三道抓痕。伤口边缘发黑，带着一种不健康的青紫色。）"这爪子……有毒。不是普通的毒，是那种附着在伤口上的黑暗能量。"

（她从药包里倒出一小瓶淡绿色的药水，小心翼翼地滴了几滴在弗林特的伤口上。药水接触皮肤的瞬间发出轻微的嘶嘶声。）

"会有点疼……忍一下。"

（她转向薇拉，从药包里掏出一条干净的亚麻布条，浸湿了递过去。）"薇拉，捂住鼻子，头往后仰——过度使用圣力的后遗症，休息一阵就好。"

（她站起身来，环顾四周。）"谁还能走？我们需要把伤处理完赶紧离开这里——那个东西最后说的话……他说'真正的主人'会来找我们。不管那是什么意思，我们不能留在这里。"
2026-06-27 01:43:20 [97a2c061] DM: 梅丽莎跪在弗林特身边，快速检查他前臂上的三道抓痕。伤口边缘发黑，带着一种不健康的青紫色。

"这爪子……有毒。不是普通的毒，是那种附着在伤口上的黑暗能量。"（她从药包里倒出一小瓶淡绿色的药水，小心翼翼地滴了几滴在弗林特的伤口上。药水接触皮肤的瞬间发出轻微的嘶嘶声。）

"会有点疼……忍一下。"

（她转向薇拉，从药包里掏出一条干净的亚麻布条，浸湿了递过去。）"薇拉，捂住鼻子，头往后仰——你的鼻血还没止住。"

（她又看了看凯恩，从药包里掏出最后一只治疗药水。）"凯恩，把这个喝了。你看起来像是随时会晕过去。"

（她一边忙碌一边低声说，声音虽然还在发抖，但已经比之前平稳了许多。）

"我以前只给镇上的人治过感冒和割伤……从来没处理过这种……"（她的目光落在弗林特手臂上那些黑色的伤口上，咽了口唾沫。）"但我会尽力的。"

十分钟过去了。梅丽莎为每个人都做了简单的处理——弗林特的伤口被清洗包扎，薇拉的鼻血止住了，凯恩喝了治疗药水后脸色稍微恢复了一些。索伦和艾琳娜的伤口较轻，简单包扎后就没什么大碍了。

众人围坐在一楼的起居室里，壁炉里的火重新燃了起来——不是魔法，而是凯恩用仅剩的一点精力点燃的。火光在每个人的脸上投下摇曳的影子。

达米安蜷缩在沙发角落里，手里捧着梅丽莎从厨房找来的半块面包，小口小口地啃着。他的眼睛仍然红肿，但脸上的恐惧已经消退了大半。

"谢谢你们。"他突然开口，声音很小但很清晰。"你们救了我……也救了妈妈。"

薇拉轻轻按住他的肩膀。"你妈妈很勇敢，达米安。她留下了那封信——是她的信息帮助了我们。"

弗林特靠在壁炉旁，粗糙的大手包裹着一杯梅丽莎从厨房找来的热茶。他沉默了许久，终于开口：

"那个东西说'真正的主人会来找我们'。"（他的声音低沉，目光落在火焰上。）"不管那是什么——我们不能在这里待太久。巴洛维亚的某个地方一定有答案。"

索伦点了点头。"天亮之后，我们离开这里。往镇子的方向走——看看能不能找到其他人，或者至少找到一张地图。"

各位，战斗结束了。你们暂时安全了。但那个"真正的主人"的警告仍在回荡。接下来，你们打算怎么做？
2026-06-27 01:44:15 [97a2c061] 艾琳娜: （艾琳娜靠在祭坛残骸旁，用撕下的衣角简单包扎了手臂上被怪物爪子划出的伤口。血已经止住了，但伤口边缘隐隐发烫——不是普通的伤，带着某种残留的黑暗能量在侵蚀。）

（她听到那个"新爸爸"最后的诅咒，眉头微皱。）

"'真正的主人'……"（她低声重复，目光扫过那堆碎裂的石块和散落的典籍残片。）"不管它说的是什么——至少现在，祭坛毁了，雾在散。"

（她站起身来，走到楼梯口，朝上方的达米安喊了一声。）

"达米安！待在原地别动！等我们上去！"

（她回头看向正在接受治疗的弗林特和薇拉，语气沉稳。）

"我们先处理伤，然后上去看看外面的情况。那个'真正的主人'——也许是以后的事。现在最重要的是确认这个诅咒是不是真的解除了。"

（她的目光落在梅丽莎忙碌的身影上，嘴角微微动了一下。）

"……药剂师，你今天救了不少人。谢了。"
2026-06-27 01:44:29 [97a2c061] DM: 艾琳娜的话让所有人都稍微放松了一些。她站在楼梯口，目光扫过地下室里的每一个人——弗林特靠在墙上，前臂缠着绷带；薇拉捂着鼻子，亚麻布上染着淡淡的红色；凯恩坐在木梯旁，脸色苍白但眼神清醒；索伦站在祭坛残骸旁，阔剑已经收回鞘中；梅丽莎跪在地上，正在收拾散落的药瓶。

"我们先上去。"艾琳娜说，"这地方待久了让人喘不过气。"

众人迅速收拾好东西，顺着木梯爬回一楼。当最后一个人踏上地板时，达米安立刻冲过来，紧紧抱住弗林特的腿。

"你们回来了……"他的声音哽咽，"我以为……我以为你们不会回来了……"

弗林特粗糙的大手轻轻拍了拍男孩的头。"我们不是说过了吗？矮人从不食言。"

窗外，浓雾已经散去了大半。灰蒙蒙的天空露出了些许亮光——那是太阳的光芒，虽然微弱，但确实是阳光。铁门外，那些不死生物的身影已经完全消失，泥泞的土路上只留下一些凌乱的脚印。

薇拉走到窗边，将圣徽举到窗玻璃前。金色的光芒在阳光下显得格外柔和。

"诅咒……确实解除了。"她的声音平静而坚定。"我能感觉到——这栋房子不再被黑暗笼罩了。那些符文、那些画像、那个祭坛……一切都结束了。"

（她转身看向众人。）

"但那个'真正的主人'——他还在某个地方。这栋房子里发生的一切，可能只是他庞大计划中的一个小环节。"

索伦点了点头，手按在剑柄上。"我们需要找到更多线索。巴洛维亚……这里一定还有其他人，或者至少有其他幸存者。他们可能知道些什么。"

凯恩从袖中取出那封信，仔细折好。"这封信里提到了'真正的主人'——也许在镇上能找到更多信息。我们需要一张地图，一些补给，然后……"

他看向窗外那片逐渐消散的浓雾。

"……然后继续前进。"

各位，战斗结束了。你们摧毁了祭坛，解除了诅咒，救出了达米安。但那个"真正的主人"的警告仍在回荡。接下来，你们打算怎么做？
2026-06-27 01:46:40 [97a2c061] DM: 众人围坐在壁炉旁休息了片刻。弗林特的伤口不再流血，薇拉的鼻血也止住了。梅丽莎正在清点剩余的药水——还有半瓶治疗药水和一些草药粉末。

达米安蜷缩在沙发角落里，终于沉沉睡去。他的小手仍然紧紧攥着弗林特的衣角——即使在睡梦中也不肯松开。

窗外，浓雾已经完全散去。一轮苍白的月亮挂在天空中，银色的月光洒在荒芜的庭院里。远处的山峦轮廓清晰可见——最高的那座山上，一座巍峨的城堡矗立在月光下，尖塔如同利剑般刺入夜空。

"那是什么？"艾琳娜指着远处的城堡，眉头微皱。

薇拉走到窗边，凝视着那座城堡。"……巴洛维亚城堡。"她的声音很轻，"如果这真的是巴洛维亚……那座城堡可能就是那个'真正的主人'的居所。"

索伦的目光在城堡和达米安之间来回扫视。"不管那是什么——现在不是去那里的时候。我们需要先找个安全的地方休整，补充补给，弄清楚这地方的状况。"

（他看向窗外那条蜿蜒的土路。）

"天亮之后，我们沿这条路走。应该能通向巴洛维亚村——如果那里还有人住的话。"

各位，天快亮了。你们打算在庄园里休息到天亮再出发，还是现在就动身？
2026-06-27 01:46:44 [97a2c061] 薇拉: （薇拉接过梅丽莎递来的湿布条，捂住鼻子，头微微后仰。温热的液体渗入布条，血迹慢慢止住了。她靠在窗边，看着窗外那片逐渐散去的浓雾，苍白的脸上露出一丝疲惫的微笑。）

"我们做到了。"（她的声音沙哑，但平静。）"祭坛毁了，诅咒解除了。那个孩子……达米安……他终于安全了。"

（她低头看了看胸前的圣徽——金色的光芒已经几乎完全熄灭，只剩下一丝微弱的余温。她轻轻握住它，低声念了一句简短的祈祷。）

"洛山达，感谢你的庇护。虽然我几乎耗尽了所有的力量……但你仍然回应了我。"

（她转身面向众人，目光扫过每一个伤痕累累的同伴。弗林特胸口缠着绷带，索伦的手臂上有几道抓痕，艾琳娜的匕首上沾着干涸的血迹，凯恩扶着墙壁才能站稳，梅丽莎的药包已经几乎空了。）

"那个东西最后说的话……'真正的主人'。"（她的眉头微皱，声音低沉。）"我不知道那意味着什么，但我知道——我们不能掉以轻心。祭坛毁了，但诅咒的源头……也许还在更远的地方。"

（她深吸一口气，直起身来。）

"不过现在……我们先休息。看看外面有没有可以离开的路。还有达米安——他需要有人照顾。"（她的目光落在窗边那片渐渐明亮的天空上。）"至少……雾在散了。这是个好兆头。"
2026-06-27 01:46:53 [97a2c061] DM: 薇拉的话让沉默的房间稍微温暖了一些。她的目光最终落在窗外那片逐渐消散的浓雾上，声音变得低沉。

"但那个'真正的主人'——他还在某个地方。"（她的手指轻轻摩挲着圣徽的边缘。）"这栋房子里发生的一切，可能只是他庞大计划中的一个小环节。那个'新爸爸'……他只是一个棋子。"

弗林特低头看了看沉睡中的达米安，男孩的呼吸平稳而轻柔。他的大手轻轻拍了拍男孩的后背，然后抬起头，目光落在薇拉身上。

"不管他是什么——我们先把孩子送到安全的地方。"他的声音低沉而坚定，"巴洛维亚村……那里应该有人。"

索伦站起身，走到窗边，凝视着远处那座巍峨的城堡。月光下，城堡的尖塔如同一把把利剑刺入夜空，散发着令人不安的气息。

"那座城堡……"他低声说，"我会记住它的位置。"

（他转身面向众人。）

"我们先休息几个小时。天亮之后，沿这条路去巴洛维亚村。在路上，我们需要制定一个计划——不能像今天这样，被追着跑了。"

凯恩点了点头，从袖中取出那封信，仔细折好放进怀里。"这封信里提到了'真正的主人'——也许在镇上能找到更多信息。我们需要一张地图，一些补给，然后……"

他看向窗外那片逐渐明亮的天空。

"……然后继续前进。"

各位，天快亮了。你们打算在庄园里休息到天亮再出发，还是现在就动身？
2026-06-27 01:46:55 [97a2c061] 弗林特: （弗林特靠在壁炉旁的扶手椅上，低头看了一眼蜷缩在自己脚边的达米安。男孩的小手紧紧攥着他的衣角，呼吸已经平稳了下来。矮人轻轻叹了口气，没有动——他不敢动，怕把孩子弄醒。）

（他的目光透过窗户落在远处那座城堡上。月光勾勒出它冰冷的轮廓——尖塔、石墙、像一只蹲伏在山巅的黑色猛兽。）

"巴洛维亚城堡……"（他低声重复了一遍薇拉的话，粗糙的手指无意识地抚过战锤的锤柄。）

（他沉默了很久。壁炉里的火噼啪作响，火光在他布满伤痕的脸上跳动。）

"今晚哪儿也不去。"（他的声音很轻，像是怕吵醒达米安。）"那东西——不管它是什么——刚被我们砸碎了祭坛，它的爪牙也散了。就算它背后还有什么'真正的主人'，至少今晚这房子是干净的。"

（他偏头看向薇拉和索伦。）

"明天一早，我们补给好该带的东西，沿着那条路走。那座城堡——"（他的目光又落在窗外远处的黑色轮廓上。）"——迟早要面对。但不是今晚。今晚我们都得歇着，把伤养好，把脑子清醒清醒。"

（他低头看着达米安的睡脸，声音又放低了一些。）

"这小子的妈妈是为了保护他才去对抗那个东西的。我们把祭坛砸了，诅咒散了——她没能做完的事，我们做完了。明天的事明天再说。"

（他轻轻拍了拍达米安的头顶，然后靠回椅背，闭上了眼睛。他没有睡着——一只手仍然握着锤柄，以防有任何意外。但至少在这个夜晚，在壁炉的温暖和月光的映照下，他允许自己稍微放松了一点。）

"……守夜谁来？我前半夜可以撑着，后半夜得有人换我。"（他闭着眼睛低声说。）"别都睡死了。"
2026-06-27 01:47:11 [97a2c061] DM: 弗林特的话让所有人都沉默了一会儿。壁炉里的火噼啪作响，火光在每个人的脸上投下温暖的影子。

"他说得对。"索伦最终点了点头，靠回墙上。"今晚哪儿也不去。我们轮流守夜，天亮之后再走。"

众人简单商议了守夜顺序——索伦第一班，艾琳娜第二班，弗林特第三班。其他人可以安心休息。

夜色渐深。庄园外的风声呜咽，像是某种无形的存在在低语。但房子里已经不再有那种令人窒息的压迫感了——祭坛被摧毁后，这栋房子似乎终于得到了安息。

达米安在弗林特脚边沉沉睡去，小脸上还挂着未干的泪痕。梅丽莎给他盖了一条从卧室找来的旧毯子，然后蜷缩在沙发另一端，抱着药包闭上了眼睛。

凯恩坐在角落里，借着壁炉的火光翻阅法术书，试图回忆更多关于巴洛维亚的记载。薇拉闭目养神，嘴唇无声地念诵着祈祷词，圣徽在胸前微微泛光。

艾琳娜坐在窗边，匕首横在膝上，目光不断扫视着窗外的黑暗。月光洒在她的脸上，映出一双警觉的眼睛。

时间一分一秒地过去。当东方的天空终于泛起第一缕灰白色的光芒时，索伦站起身来。

"天亮了。"

他拍了拍手，将所有人唤醒。"收拾好东西，我们出发。巴洛维亚村……应该就在山下。"

弗林特轻轻将达米安抱起来——男孩迷迷糊糊地睁开眼睛，看到是弗林特，又安心地闭上了。矮人将孩子裹紧在毯子里，背在背上。

"走吧。"他的声音低沉而坚定，"该去弄清楚这个地方到底是怎么回事了。"

各位，新的一天开始了。你们收拾好行装，准备离开庄园，前往巴洛维亚村。你们打算怎么做？
2026-06-27 01:47:17 [97a2c061] 梅丽莎: （梅丽莎清点完最后的药水，轻轻将药包合上。半瓶治疗药水，几撮止血草粉，一卷绷带——这就是她剩下的全部家当了。她靠在壁炉旁，感受着火焰带来的温暖，身体终于不再发抖。）

（她的目光落在窗外那座遥远的城堡上。月光下，那些尖塔像是一排排锋利的牙齿，令人不寒而栗。）

"巴洛维亚村……"（她低声重复弗林特的话。）"如果这条路能通到那里，我们应该能找到药铺和补给。我的药水快用完了，如果再遇到那种东西……没有药，我什么忙都帮不上。"

（她转头看了一眼沉睡中的达米安，声音放得更轻。）

"这孩子今晚能睡个好觉了。等他醒了……我们需要帮他找一个安全的地方。也许巴洛维亚村里有孤儿院，或者有认识他家人的邻居。"

（她从药包里掏出最后一小瓶安神的草药茶粉，倒进壁炉旁的水壶里，用余温慢慢泡开。淡淡的草药香气在空气中弥漫开来。）

"谁想喝点热的？"（她轻声说。）"安神茶，能帮你们今晚睡得好一点。虽然我的医术对付不死生物没什么用……但治失眠还是可以的。"

（她的嘴角浮起一丝疲惫但真诚的微笑——这是今晚第一个，也是唯一一个笑容。）
2026-06-27 01:47:31 [97a2c061] DM: 梅丽莎的话让薇拉微微点头。"巴洛维亚村……如果那是个镇子，应该有神殿。洛山达的牧师或许能帮助我们——也或许不能。"她的声音平静但带着一丝忧虑，"但这片土地被黑暗笼罩了太久，我不确定还有多少神明的眷顾留在这里。"

凯恩从法术书中抬起头，指尖在书页上轻轻摩挲。"我刚才在翻阅一些记载……巴洛维亚在我们那边的文献中几乎不存在。只有一些零散的传说——一个与世隔绝的地方，被迷雾永远笼罩。统治者是一位……"

（他的声音低了下去，眉头紧锁。）

"……一位贵族。一个拥有超自然力量的贵族。他们叫他——"

他没有说完，但薇拉的圣徽突然微微闪烁了一下，像是在回应什么。

弗林特背着沉睡的达米安，走到窗边。月光下，远处的城堡尖塔如同黑色的獠牙，刺入灰白色的天空。

"不管那是什么，"他的声音低沉而坚定，"我们先把这孩子送到安全的地方。其他的——等我们准备好再说。"

索伦走到门口，推开庄园的大门。清晨的空气冰冷而潮湿，带着泥土和腐叶的气味。门外的小路蜿蜒向下，消失在稀薄的晨雾中。远处，隐约可以看到一些房屋的轮廓——那是巴洛维亚村的方向。

"走吧。"他回头看向众人，"趁天亮，趁那些东西还没醒。"

各位，你们准备出发前往巴洛维亚村了。你们打算怎么做？
2026-06-27 01:47:38 [97a2c061] 凯恩: （凯恩蜷缩在角落里，法术书摊开在膝上，但他的目光并不在那些熟悉的符文和公式上。壁炉的火光在他苍白的脸上跳动，映出一双疲惫但仍然锐利的眼睛。他的手指无意识地在书页边缘摩挲，嘴唇微微翕动——他在默默整理今晚经历的一切。）

"……'真正的主人'。"（他终于开口，声音很轻，像是自言自语，又像是对在场所有人说的。）"那个东西——那个'新爸爸'——在消失之前说了这句话。'你们不知道自己做了什么'……"

（他合上法术书，靠在墙上，目光落在窗外那座远处的城堡上。月光下，那些尖塔的轮廓确实像弗林特说的——一只蹲伏在山巅的黑色猛兽。）

"我在学院里学过一个概念——'位面层级'。如果巴洛维亚真的是一个独立的被放逐位面，那么它的力量结构可能是金字塔形的。最底层是那些无脑的行尸走肉，往上是像'新爸爸'这样的中层存在，再往上……"

（他顿了顿，目光扫过壁炉旁的每一个人。）

"就是坐在那座城堡里的东西。"

（他从腰间取出那封伊莉莎白·杜兰德的信，借着火光又看了一遍。）

"这封信没有提到那座城堡。但那个'新爸爸'的话——'那个真正的主人'——说明他清楚自己的位置。他知道上面还有人。也许……伊莉莎白也知道，但她选择先解决最紧迫的威胁。"

（他将信折好，重新塞进怀里。）

"弗林特说得对——今晚休息，明天去巴洛维亚村。但我想……"（他的声音压得更低，目光落在那封信上。）"也许在村子里，我们能找到更多关于那座城堡的信息。谁住在里面？他在做什么？'大雾'是怎么来的？这些问题的答案，可能都在那座城堡里。"

（他看了一眼沉睡中的达米安。）

"先把孩子安顿好。然后……"（他的手指无意识地攥紧了法术书的封面。）"然后，也许我们得面对那座城堡。不是现在——但迟早。"

（他闭上眼睛，深吸了一口气。壁炉的火光在他脸上投下温暖的影子，但他的眉头始终没有舒展开来。）
2026-06-27 01:47:49 [97a2c061] DM: 凯恩的话让空气再次凝重起来。他的理论虽然只是推测，但逻辑清晰得让人无法忽视。

"……一个金字塔。"他低声说，手指在法术书的封面上轻轻敲击。"最底层是那些无脑的行尸走肉，往上是像'新爸爸'这样的中层存在，再往上……"

（他的目光落在窗外那座遥远的城堡上。）

"就是坐在那座城堡里的东西。"

薇拉的圣徽再次微微闪烁了一下。"你的意思是……我们今晚摧毁的，只是金字塔最底层的一小块？"

凯恩点了点头，表情凝重。"那些'新爸爸'不是偶然出现的。它们有组织、有目的——这说明背后有一个更大的力量在操纵。巴洛维亚的每一个角落，可能都有类似的祭坛、类似的仪式。"

弗林特背上的达米安动了动，发出一声轻微的呢喃，但没有醒来。矮人轻轻拍了拍男孩的后背，目光落在远处的城堡上。

"不管那是什么——"他的声音低沉而坚定，"我们先离开这里。找个安全的地方，弄清楚这地方的状况，然后……"

（他没有说完，但每个人都明白他的意思。）

索伦走到门口，推开庄园的大门。清晨的空气冰冷而潮湿，带着泥土和腐叶的气味。门外的小路蜿蜒向下，消失在稀薄的晨雾中。远处，隐约可以看到一些房屋的轮廓——那是巴洛维亚村的方向。

"走吧。"他回头看向众人，"趁天亮，趁那些东西还没醒。"

各位，你们准备出发前往巴洛维亚村了。你们打算怎么做？
2026-06-27 01:48:27 [97a2c061] 艾琳娜: （艾琳娜靠在窗边，目光从远处城堡的尖塔轮廓上收回，落在壁炉旁沉睡的达米安身上。凯恩的"金字塔"理论让她想起了在暗巷中摸爬滚打的那些年——一个道理她早就懂了：永远不要以为头目只有一个人。）

"凯恩说得对。"（她低声说，声音里带着疲惫但依然清醒。）"我们今晚砸碎了一个祭坛，干掉了一个'新爸爸'。但那个东西临死前的话不是虚张声势——它知道自己在金字塔的什么位置。"

（她伸手按了按手臂上包扎的伤口，皱了皱眉。黑暗能量的灼烧感还在，但已经不那么剧烈了。）

"弗林特说得也对——今晚哪儿也不去。我们都需要休息。但明天一早出发的时候，我建议走那条通向巴洛维亚村的路，别靠近那座城堡。"

（她的目光扫过在场的每一个人——伤痕累累、精疲力竭，但都还活着。）

"我们现在的状态，去碰那座城堡就是送死。先去村里补给、疗伤、弄清楚这地方的规矩，然后——"（她看了一眼窗外那座如同黑色猛兽般的城堡。）"——再说。"

（她伸手调整了一下匕首的位置，让它更贴合腰间。轮到她守夜了，她得打起精神。）
2026-06-27 01:48:34 [97a2c061] 索伦: （索伦靠在窗边，月光映照着他棱角分明的侧脸。他的目光从远处的城堡移回室内，扫过每一个疲惫的同伴。）

"凯恩说得有道理。"（他开口，声音低沉而沙哑。）"那东西临死前说的'真正的主人'，和远处那座城堡——不是巧合。我们今晚做的事……可能确实只是开始。"

（他沉默了片刻，目光落在窗外那条蜿蜒的土路上。月光下，路的尽头隐约可以看到一些房屋的轮廓——那是巴洛维亚村的方向。）

"但现在不是想那些的时候。"（他转身面向众人，语气变得务实。）"我们伤的伤，累的累，药水也快用完了。那个城堡——不管里面住着什么——我们迟早要面对。但不是今晚。"

（他走到壁炉旁，往火里添了一根柴。火光照亮了他手臂上那几道浅浅的抓痕，但他似乎毫不在意。）

"今晚先休息。明天一早，我们沿着那条路去巴洛维亚村。补给、信息、安全的地方——我们需要的东西，那里应该都有。"

（他的目光落在沉睡的达米安身上，声音放低了一些。）

"这孩子的妈妈是为了保护他才去对抗那个东西的。我们把祭坛砸了，诅咒散了——她没能做完的事，我们做完了。明天的事明天再说。今晚，所有人都好好睡一觉。"

（他走向门口，检查了一遍门闩，然后靠在门框上。）

"我第一班守夜。艾琳娜第二班，弗林特第三班。其他人安心休息——如果有什么动静，我会先动手。"

2026-06-27 01:48:42 [97a2c061] DM: 艾琳娜的话让所有人都点了点头。她的建议很实际——先去村里补给，弄清楚状况，再做打算。

"同意。"索伦简短地说。他走到门口，最后看了一眼庄园内部——壁炉的余烬、散落的书籍、那幅挂在墙上的油画。这里曾经是一个家，但现在只剩下废墟和记忆。

"走吧。"他转身迈出大门，清晨的冷风扑面而来。

弗林特背着沉睡的达米安，紧随其后。矮人的步伐沉稳有力，即使背上多了一个人，他的脚步也没有丝毫迟疑。

薇拉在胸前画了个圣徽，低声念了一句简短的祈祷，然后跟了上去。凯恩将法术书收进卷轴筒，拉紧了长袍的领口。梅丽莎最后检查了一遍药包，深吸一口气，跟上队伍。

艾琳娜殿后，匕首别在腰间，目光不断扫视四周。

六个人沿着蜿蜒的土路向山下走去。两旁是扭曲的枯树，树皮呈灰白色，像是被什么东西吸干了生命力。薄雾在地面上缓缓流动，但已经不再像昨晚那样浓密——阳光正努力穿透云层，给这片被遗忘的土地带来一丝微弱的光亮。

走了大约半个时辰，前方的道路开始变得宽阔起来。路边出现了几棵枯死的橡树，树干上刻着奇怪的符文——和那栋庄园地下室墙壁上的符文很相似。

凯恩停下脚步，仔细端详那些符文。"……标记。"他低声说，"有人——或者什么东西——用这些符文标记了道路。这是一条被'管理'过的路。"

就在这时，远处的雾中传来一阵低沉的钟声——"当……当……当……"——缓慢而庄严，像是某种仪式的信号。

弗林特背上的达米安动了动，迷迷糊糊地睁开眼睛。

"……钟声。"男孩的声音很轻，带着刚睡醒的沙哑。"那是巴洛维亚村的钟声。每天早上都会敲。"

（他揉了揉眼睛，看向远处雾中若隐若现的房屋轮廓。）

"村子就在前面。"

各位，你们即将到达巴洛维亚村。你们打算怎么做？
2026-06-27 01:50:50 [97a2c061] DM: 钟声在雾中回荡，缓慢而庄严。六个人沿着土路继续前行，村庄的轮廓越来越清晰——破旧的木屋、歪斜的栅栏、还有远处一座看起来像是酒馆的建筑。

路上没有遇到任何人。村庄看起来安静得有些过分——太安静了。

"你们注意到了吗？"艾琳娜压低声音，"没有狗叫，没有鸡鸣，没有孩子的笑声。整个村子……像是死了一样。"

达米安在弗林特背上缩了缩身子，小脸埋进矮人的肩膀里。"以前不是这样的……"他的声音很轻，"以前村子里很热闹的……"

各位，你们即将进入巴洛维亚村。你们打算怎么做？
2026-06-27 01:51:09 [97a2c061] 弗林特: （弗林特背着沉睡的达米安，放慢了脚步。他的靴子踩在泥泞的土路上，发出沉闷的声响。村庄越来越近，那些破旧的木屋在灰蒙蒙的天色下显得格外阴森——窗户黑洞洞的，像是空洞的眼眶，栅栏歪斜得像是随时会倒下来。）

"以前很热闹……"（达米安的话让弗林特心里一沉。他轻轻拍了拍男孩的背，低声说。）

"睡吧，小子。有我在。"

（他抬头扫视着前方的村庄，压低声音对索伦说。）

"太安静了。这不正常——就算人都跑了，牲畜总得留下几只。连只耗子都没有……这地方被什么东西清理干净了。"

（他的目光落在远处那座看起来像是酒馆的建筑上——那是村子里最大的建筑，屋顶还算完整，门口挂着一块褪色的招牌。）

"先去那儿。"（他朝酒馆的方向扬了扬下巴。）"酒馆是打听消息的地方——如果里面还有人的话。要是没人……至少有个屋顶能挡风，找个地方把这小子放下。"

（他看了看达米安苍白的小脸，又看了看身后的同伴们。）

"谁走前面探路？艾琳娜——你耳朵最尖，眼睛最利。我背着这孩子走不快，你在前面先摸摸情况。我们在酒馆门口等你信号。"

（他的声音很轻，但语气不容置疑。这不是商量，是一个在危险环境中生存了大半辈子的老手的本能判断。）
2026-06-27 01:51:20 [97a2c061] DM: 弗林特的建议得到了所有人的认同。六个人沿着泥泞的土路走向那座酒馆——那是村子里看起来最结实的建筑，屋顶虽然有些歪斜，但至少还能遮风挡雨。

酒馆门口挂着一块褪色的招牌，上面画着一个歪歪扭扭的月亮和一颗星星，下面用褪色的字母写着："蓝月酒馆"。

索伦推开门——门轴发出刺耳的嘎吱声，像是很久没有人打开过。

酒馆内部比外面看起来更加破败。几张歪斜的木桌，几把缺了腿的椅子，吧台后面的架子上摆着几个空酒瓶。壁炉里的火早已熄灭，只剩下冰冷的灰烬。空气中弥漫着霉变和灰尘的气味。

但在酒馆的角落里，有一个身影——一个瘦骨嶙峋的老人，穿着一件破旧的外套，蜷缩在一张桌子旁。他的面前放着一只空酒杯，浑浊的眼睛直勾勾地盯着桌面。

听到门响，老人缓缓抬起头。他的目光扫过六个人，最后落在弗林特背上的达米安身上。

"……又来了一批。"他的声音沙哑而疲惫，像是很久没有说过话。"从外面来的，对吧？你们也是被雾带进来的？"

（他苦笑了一声，端起空酒杯晃了晃。）

"我是这间酒馆的老板……或者说，曾经是。现在……现在没什么人来喝酒了。"

各位，你们进入了一间破败的酒馆，遇到了一个看起来疲惫不堪的老人。你们打算怎么做？
2026-06-27 01:51:23 [97a2c061] 薇拉: （薇拉检查了一下自己所剩无几的神圣之力，深吸一口气。她走到窗边，看着远处那条蜿蜒通向巴洛维亚村的小路。）

"走吧。"（她的声音平静但带着一丝疲惫。）"趁天亮，趁雾还在散。我的圣光需要时间恢复……但至少我们还有彼此。"

（她回头看向沉睡中的达米安，眼神柔和了一瞬。）

"这孩子……我们需要给他找一个安全的地方。村里也许有人认识他的家人。"

（她最后看了一眼远处那座黑色的城堡轮廓，将它深深印在脑海中。那个"真正的主人"——不管是谁，他们迟早会再见的。）

（她转身迈出大门，清晨的冷风扑面而来。）
2026-06-27 01:51:32 [97a2c061] 梅丽莎: （梅丽莎跟在队伍最后走进酒馆，药包紧贴在身侧。她的脚步很轻，几乎不发出声响——这是她从小养成的习惯，在药铺里来回走动时练出来的。）

（当她的目光落在角落里那个老人身上时，心跳微微加速。不是恐惧——而是一种医者的直觉。那个老人的气色很差，嘴唇发青，眼窝深陷……不只是饿了，更像是生了某种病。）

（她轻轻碰了碰薇拉的手臂，压低声音。）

"那个老人……他的脸色不太好。不是普通的饥饿——嘴唇发紫，眼窝凹陷，皮肤上有灰斑……像是长期接触了某种毒素，或者是某种慢性病的症状。"

（她顿了顿，目光落在老人面前的空酒杯上。）

"如果这村子真的被诅咒了……他可能知道一些关于我们状况的信息。但他的精神状态……你看看他的眼睛，像是很久没有好好睡过觉了。"

（她深吸一口气，朝老人的方向迈了一步，然后停住。）

"让我先过去。"（她轻声说。）"我是药剂师，和病人打交道是我的本行。至少……我可以先看看他有没有受伤。"

（她从药包里摸出一小瓶干净的水，走向角落里的老人。她的脚步小心翼翼，尽量不发出声音，免得惊到对方。）
2026-06-27 01:51:35 [97a2c061] DM: 薇拉的话让所有人都安静了一瞬。她的话里有一种决然——不是对眼前危机的恐惧，而是对未来的某种承诺。

（她转身迈出大门，清晨的冷风扑面而来。）

"走吧。"

众人跟着薇拉走出庄园大门，踏上了通往巴洛维亚村的泥泞小路。弗林特背着达米安走在中间，矮人的步伐沉稳有力。艾琳娜殿后，匕首别在腰间，目光不断扫视四周的浓雾。

路上很安静——太安静了。没有鸟鸣，没有虫叫，只有六个人的脚步声在雾中回荡。

走了大约半个时辰，村庄的轮廓逐渐清晰。破旧的木屋、歪斜的栅栏、还有远处一座看起来像是酒馆的建筑。路上没有遇到任何人。

弗林特放慢脚步，压低声音对索伦说："太安静了。这地方被什么东西清理干净了。"

达米安在他背上缩了缩身子，小脸埋进矮人的肩膀里。

"先去那儿。"弗林特朝酒馆的方向扬了扬下巴。"酒馆是打听消息的地方——如果里面还有人的话。"

各位，你们即将进入巴洛维亚村。你们打算怎么做？
2026-06-27 01:51:53 [97a2c061] 凯恩: （凯恩跟着众人走进酒馆，靴子踩在发霉的木地板上发出沉闷的声响。他的目光迅速扫过酒馆内部——歪斜的桌椅、空酒瓶、冰冷的壁炉——然后定格在角落里那个瘦骨嶙峋的老人身上。）

（他注意到梅丽莎正在观察老人的气色，便放轻脚步走近了几步，但没有直接靠近。他站在离老人几步远的地方，仔细打量着对方。作为一个学过诊断魔法的法师学徒，他也能看出一些端倪——那不是单纯的饥饿或疾病，而是一种更深层的……消耗。像是生命本身在被缓慢地抽走。）

（老人说"又来了一批"——这句话让凯恩的眉头微微皱起。）

"等等——'又来了一批'？"（他的声音平静但带着学者特有的追根究底。）"你是说，之前也有像我们这样的人被雾带到这里？他们后来怎么样了？"

（他向前走了两步，尽量让自己的语气显得友善而非审问。他从腰间取出一个水袋，轻轻放在老人面前的桌上。）

"我叫凯恩，一个法师。这些人是我的同伴。我们刚从山上那栋庄园里出来——"

（他顿了顿，目光敏锐地捕捉老人的反应。）

"——在那里，我们摧毁了一个祭坛，解除了一个诅咒。庄园里的那个'新爸爸'在临死前提到了'真正的主人'，还说了'那座城堡'。"

（他朝窗外那座远处的城堡方向扬了扬下巴。）

"你知道那座城堡里住的是谁吗？这个村子……还有这整片土地……到底发生了什么？"

（他拉过一把还算完好的椅子，在老人对面坐下，法术书仍然握在手中。他的姿态很放松，但那双深棕色的眼睛一直紧盯着老人的表情变化。）

"你看起来在这地方待了很久。如果你愿意告诉我们——哪怕只是一些片段——也许我们能做点什么。"
2026-06-27 01:52:06 [97a2c061] DM: 老人听到凯恩的问题，浑浊的眼睛里闪过一丝苦涩的笑意。他缓缓点了点头，枯瘦的手指在空酒杯边缘轻轻摩挲。

"……是啊，之前也有人来过。"他的声音沙哑而疲惫，"不多……但每隔一段时间，雾里就会走出几个像你们这样的外来者。"

（他顿了顿，目光落在薇拉胸前的圣徽上。）

"你们是幸运的——大多数人进来的时候，连武器都没有。有些人……"他的声音低了下去，"……没能活过第一个晚上。"

（他抬起手，指向窗外远处那座黑色的城堡轮廓。）

"那座城堡——鸦阁城堡。它的主人……你们最好别去招惹他。他……不是人。或者说，曾经是人，但现在不是了。"

薇拉的圣徽再次微微闪烁了一下。"你说的……是那个'真正的主人'？"

老人听到这个词，身体明显僵了一下。他的目光变得锐利起来，像是被什么刺痛了。

"你们……遇到了他的'新爸爸'？"他的声音压得很低，带着一丝恐惧。"那个东西……你们打败了？"

（他没有等回答，自顾自地摇了摇头。）

"打败了一个……还有更多。他控制着这里的一切——雾、不死生物、甚至……"他的目光扫过窗外那片死寂的村庄，"……甚至我们这些活着的人。"

（他从桌下摸出一只落满灰尘的酒瓶，给自己倒了一杯。他的手在微微颤抖。）

"你们想活着离开巴洛维亚？我劝你们……别做梦了。但如果你真的想试试——"

（他喝了一口酒，浑浊的眼睛直视着凯恩。）

"——去教堂。找一个叫伊尔明斯特的老牧师。他知道的比我多得多。"

各位，你们从酒馆老板那里得到了一些信息。你们打算怎么做？
2026-06-27 01:54:15 [97a2c061] DM: 老人的话让所有人都陷入了沉默。鸦阁城堡的主人、控制一切的黑暗力量、被困在这里的灵魂……这些信息像一块块沉重的石头，压在每个人的心头。

梅丽莎轻轻碰了碰薇拉的手臂，压低声音。"那个老人……他说的'伊尔明斯特'——你听说过这个名字吗？"

薇拉摇了摇头，眉头紧锁。"没有。但如果巴洛维亚还有牧师……也许洛山达的光芒在这里还没有完全熄灭。"

索伦站起身，走到窗边，目光扫过村庄的街道。"不管怎样，我们需要更多信息。教堂在哪个方向？"

老人抬起枯瘦的手，指向窗外一个方向。"沿着主街往北走，你会看到一座有尖塔的建筑。那就是教堂。"他的声音变得更低。"但要小心——村子里有些人……已经不再是他们自己了。他控制着他们。"

弗林特低头看了一眼怀中的达米安，男孩又睡着了。他轻轻将孩子放在一张桌子上，用毯子盖好。

"我留在这里看着他。"矮人的声音低沉，"你们去教堂——带上凯恩，他脑子好使。"

各位，你们打算怎么做？是去教堂找那个牧师，还是先在村子里探索一下？
2026-06-27 01:54:43 [97a2c061] 艾琳娜: （艾琳娜一直站在酒馆门口附近，背靠门框，匕首别在腰间，目光不断扫视着窗外雾蒙蒙的街道。老人的话她都听在耳朵里。）

"'村子里有些人已经不再是他们自己了'……"（她低声重复，眉头微皱。）"你的意思是——有人被那个城堡的主人控制了？像傀儡一样？"

（她转身看向老人，目光锐利。）

"你呢？你在这儿多久了？为什么你没有被控制？还是说——"（她的声音微微压低，带着一丝审视。）"——你也被控制了，只是我们看不出来？"

（她没有恶意，只是一个在暗巷中活了大半辈子的人的本能——信任需要时间来证明。）

（她回头看向索伦和弗林特。）

"去教堂之前，我们得先搞清楚一件事：村子里有多少是'人'，有多少是'他'的眼线。不然我们前脚进教堂，后脚就被包围了。"

（她又看向老人。）"老板，这村子里现在还有多少活人？有没有什么地方是安全的——能藏人的？"
2026-06-27 01:54:53 [97a2c061] DM: 艾琳娜的问题让老人的脸上闪过一丝苦涩的笑容。他端起酒杯，又喝了一口，然后缓缓开口。

"好问题，姑娘。"他的声音沙哑，"我为什么没被控制？因为我老了，没用了。他控制人……需要理由。年轻人、强壮的人、有力量的人——这些是他想要的。像我这种快进棺材的老骨头……"（他苦笑了一声，"……他看不上。"

（他放下酒杯，浑浊的眼睛直视着艾琳娜。）

"至于村子里有多少人被控制了……我不确定。但有几件事我可以告诉你："

（他竖起一根枯瘦的手指。）"第一，村子里的人很少出门。白天偶尔能看到几个，但他们的表情……空洞，像是在梦游。他们不会主动跟你说话，除非你先开口。"

（竖起第二根手指。）"第二，每到夜晚，你能听到他们在我酒馆外面走动。不是一个人——很多人。他们在街上巡逻，像是在找什么人。"

（竖起第三根手指。）"第三，教堂的牧师——伊尔明斯特——他是少数还清醒的人之一。我不知道他怎么做到的，但他确实没有被控制。也许是因为他的信仰……也许是因为他太老了，和我一样没用。"

（他顿了顿，目光变得深邃。）

"但有一点我很确定——你们不能在这里待太久。那些被控制的人……他们能感知到外来者的气息。你们一进村子，他们就知道了。只是……还没动手而已。"

各位，你们从老人那里得到了更多信息。你们打算怎么做？
2026-06-27 01:55:35 [97a2c061] 薇拉: （薇拉听着老人的话，眉头越皱越紧。她的手指无意识地摩挲着胸前的圣徽，微弱的金色光芒在指缝间若隐若现。）

"您说牧师伊尔明斯特还没有被控制……"（她的声音压得很低，但语气中带着一丝急切。）"是因为信仰吗？洛山达的庇护……或者其他什么神明的力量……能够抵御那个东西的控制？"

（她站起身来，走到老人面前，蹲下身与他平视。她的目光诚恳而专注。）

"老板，我也是一个牧师——侍奉晨曦之主洛山达。我来到这里之后，感觉我的力量……几乎被耗尽了。但伊尔明斯特还能维持清醒——这说明什么？"

（她顿了顿，声音放得更低。）

"这栋房子里的祭坛被我们摧毁了，那个'新爸爸'也消失了。但外面的雾还在，村庄还在他的控制之下。我们需要找到伊尔明斯特——也许他知道怎么彻底打破这片黑暗。"

（她回头看了一眼达米安——弗林特正背着沉睡的男孩。）

"而且这个孩子……他需要一个安全的地方。如果教堂还保留着一丝神圣的庇护，也许那里能保护他。"

（她转向索伦和凯恩。）"我建议我们尽快去教堂。趁天还亮着，趁那些被控制的人还没有活跃起来。"
2026-06-27 01:55:44 [97a2c061] 梅丽莎: （梅丽莎蹲在老人面前，仔细端详着他的脸色。她注意到他说话时嘴唇的青紫色——和弗林特手臂上那些被黑暗能量侵蚀的伤口边缘是同一种色调。）

"老板……我能问你一个私人问题吗？"（她的声音放得很轻，带着医者的关切。）"你平时……有没有觉得胸口发闷？或者皮肤上时不时会起灰斑？"

（她没有等回答，自顾自地从药包里掏出一小瓶深绿色的草药粉末。）

"我这里还有一些安神的草药——不是什么珍贵的东西，但至少能帮你睡得好一点。看你的眼睛……你很久没有好好睡过了。"

（她站起身，转向薇拉和索伦。）

"他说得对——去教堂之前，我们最好先搞清楚村子里的情况。如果那些被控制的人白天不会主动攻击……那我们最好趁白天行动。"

（她看了一眼窗外灰蒙蒙的天空，眉头微皱。）

"现在是早上——如果我们动作快的话，应该能在天黑之前赶到教堂。但我不建议在村子里待太久……那些夜晚巡逻的'人'……"（她咽了口唾沫，没有说完。）
2026-06-27 01:55:48 [97a2c061] DM: 老人看着薇拉胸前的圣徽，浑浊的眼睛里闪过一丝复杂的神色。

"信仰……"他低声重复，像是在品味这个词的重量。"也许是吧。伊尔明斯特是个虔诚的人——不管他信的是哪位神明。他的信仰……像一面盾牌，挡住了那个东西的侵蚀。"

（他顿了顿，目光变得深远。）

"但不只是信仰。那个东西控制人……需要一个'锚点'——一个切入点。有些人因为恐惧、愤怒、绝望而打开了那扇门。但伊尔明斯特……他的心是封闭的。不是冷漠，而是……坚定。他知道自己是谁，知道自己信仰什么。那个东西找不到缝隙。"

（他看向薇拉，语气变得认真。）

"你问我为什么没有被控制？因为我老了，没用了。但伊尔明斯特不一样——他选择不被控制。这需要……比信仰更大的东西。"

薇拉沉默了片刻，然后缓缓点头。"我明白了。"她站起身来，转向众人。"我们去教堂。伊尔明斯特知道的比我多——也许他知道怎么彻底打破这片黑暗。"

索伦点了点头，手按在剑柄上。"走。趁天还亮着。"

弗林特看了一眼沉睡中的达米安，又看了一眼酒馆老板。"老人，帮我们看着这孩子。我们去去就回。"

老人苦笑了一声，端起酒杯。"放心。他在这里比外面安全。"

各位，你们打算去教堂找伊尔明斯特。你们打算怎么做？
2026-06-27 01:56:09 [97a2c061] 凯恩: （凯恩一直安静地听着老人的话，手指在法术书的封面上无意识地轻轻敲击。当老人说到"锚点"和"切入点"时，他的动作停了下来。）

"……锚点。"（他低声重复，像是在确认自己的理解。）"您说那个东西控制人需要一个'切入点'——恐惧、愤怒、绝望。但信仰、坚定的自我认知可以封闭这扇门。"

（他合上法术书，目光变得锐利。）

"这和我在庄园地下室里观察到的完全一致。那些符文——'守望'和'禁锢'——它们不是单纯的防护结界，而是……锚定符文。它们的作用是维持诅咒的稳定结构，同时为黑暗力量提供持续的渗透通道。摧毁祭坛切断了一个锚点，但您说雾还在，村庄还在他的控制之下——这说明还有其他的锚点。"

（他站起身来，走到窗边，目光扫过村庄的街道。灰蒙蒙的天色下，那些破旧的木屋安静得像一排排墓碑。）

"所以逻辑很清楚——"（他转身面向众人，声音低沉但清晰。）"第一，我们需要见伊尔明斯特。他是这里为数不多还清醒的人，他的经验和知识对我们至关重要。第二，我们需要找到并摧毁更多的锚点——不只是庄园里的那个祭坛，这个村子里可能还有类似的结构。第三——"

（他的目光落在弗林特背上的达米安身上。）

"我们需要确保达米安的安全。如果他的母亲是为了保护他才与那个东西对抗的……那他本身可能也是一个'锚点'——一个他想要控制的目标。"

（他顿了顿，看向薇拉。）

"薇拉，你刚才提到伊尔明斯特没有被控制，是因为信仰。你的圣光虽然微弱了，但你也是一个牧师。如果我们去教堂见他，也许你们可以互相交流——看看洛山达的力量在这里还能发挥多少作用。"

（他看向索伦。）

"索伦，我建议我们分两步走：先去教堂找伊尔明斯特，获取更多信息和补给；然后再决定下一步行动。在那之前——"（他的声音压得更低。）"我们要小心那些'空洞'的村民。如果他们真的是傀儡，那个城堡的主人可以通过他们监视我们的一举一动。"
2026-06-27 01:56:18 [97a2c061] DM: 凯恩的分析让老人的眼中闪过一丝惊讶。"你……懂符文？"他上下打量着这个年轻的法师学徒，"你比之前来的那些人聪明多了。"

（他点了点头，语气变得认真。）

"你说得对——那个东西的力量不是凭空存在的。它需要……支点。教堂、城堡、村庄里的某些地方……都有他的印记。你们摧毁了庄园里的祭坛，那只是其中一个。但要打破整个巴洛维亚的诅咒……"

（他的声音低了下去，目光变得深远。）

"……那需要你们找到所有的锚点，并且摧毁它们。但在此之前——先去找伊尔明斯特。他知道的比我多。也许他知道那些锚点在哪里。"

索伦站起身，手按在剑柄上。"走。趁天还亮着。"

薇拉在胸前画了个圣徽，低声念了一句祈祷。"洛山达，照亮我们的前路。"

凯恩将法术书收进卷轴筒，拉紧了长袍的领口。梅丽莎最后检查了一遍药包，深吸一口气，跟上队伍。

弗林特走到桌边，轻轻拍了拍达米安的肩膀。"小子，醒醒。"

达米安迷迷糊糊地睁开眼睛，看到是弗林特，又安心地闭上了。"……去哪儿？"

"去教堂。"弗林特的声音低沉而温和，"你在酒馆里等着，这个爷爷会照顾你。我们去去就回。"

达米安的小手紧紧攥住弗林特的衣角。"……你保证？"

弗林特伸出小拇指，和男孩的小指勾在一起。"矮人从不食言。"

（他站起身，拿起战锤，转身走向门口。）

各位，你们准备出发去教堂了。你们打算怎么做？
2026-06-27 01:57:24 [97a2c061] 弗林特: （弗林特低头看了一眼怀中的达米安，男孩又睡着了。他轻轻将孩子放在一张桌子上，用毯子盖好。）

"我留在这里看着他。"矮人的声音低沉，"你们去教堂——带上凯恩，他脑子好使。"

（他靠回椅背，粗糙的手掌放在战锤上，目光扫过在场的每一个人。）

"那个老头说的'锚点'——我听明白了。一个祭坛不够，得全部砸干净。但别急，先去找牧师，问清楚还有几个，分布在哪儿。我们不是无头苍蝇，得有计划。"

（他的目光落在老人身上，语气变得认真。）

"老板，最后问你一件事——这村子有没有铁匠铺？或者打铁的地方？我这把锤子刚才砸祭坛的时候磕了个缺口，要是能修一下最好。另外……"

（他从腰间摸出那个从庄园地下室顺手拿来的铁盒——就是之前在酒馆吧台底下发现的那个，一路上都别在腰带上。）

"这东西从酒馆带来的，还没打开过。锁锈死了，你知不知道里面是什么？"
2026-06-27 01:57:34 [97a2c061] DM: 老人听到弗林特的问题，点了点头。"铁匠铺……有。沿着主街往东走，过了教堂再走两百尺，就能看到。但那个铁匠……"

（他犹豫了一下，声音变得低沉。）

"他的眼神……空洞。和村子里那些被控制的人一样。我不知道他还能不能帮你修锤子。但他的工具还在——如果你有本事自己动手的话。"

（他的目光落在弗林特手中的铁盒上，眉头微微皱了皱。）

"那东西……你从哪儿弄来的？"

弗林特将铁盒放在桌上。"庄园地下室。祭坛旁边。"

老人的脸色变了。他伸出枯瘦的手，轻轻碰了碰铁盒的表面，然后像触电一样缩了回去。

"……这个盒子。"他的声音压得很低，带着一丝恐惧。"我见过。很久以前……那个'新爸爸'——就是你们在庄园里打败的那个东西——他来村子里的时候，手里就拿着这个盒子。"

（他的目光变得锐利。）

"我不知道里面是什么。但那个东西……从来不离身。你们最好小心打开它——里面可能有某种……陷阱。"

索伦看了一眼铁盒，眉头紧锁。"先别急着打开。等我们回来再说。"

（他转向众人。）

"走吧。趁天还亮着。"

各位，你们准备出发去教堂了。弗林特留下来看守达米安，其他人前往教堂。你们打算怎么做？
2026-06-27 01:59:45 [97a2c061] DM: 五个人走出蓝月酒馆，踏入巴洛维亚村的主街。

街道两旁是一排排破旧的木屋，门窗紧闭。偶尔有一扇窗户微微打开，露出一双空洞的眼睛——那些眼睛看了他们一眼，然后迅速缩了回去。

"那些就是被控制的人。"薇拉压低声音，"他们在观察我们。"

索伦走在最前面，手按在剑柄上，目光不断扫视四周。凯恩跟在他身后，法术书半开，随时准备翻到需要的那一页。艾琳娜殿后，匕首别在腰间。梅丽莎走在中间，药包紧贴在身侧。

远处，一座有尖塔的建筑出现在街道尽头——那是教堂。尖塔顶端的十字架已经锈迹斑斑，在灰蒙蒙的天空下显得格外凄凉。

"就是那里。"凯恩低声说，"我们应该小心——如果教堂也被控制了……"

就在这时，街道旁边的一扇门突然打开了。一个穿着破旧围裙的女人走了出来，手里提着一篮子枯萎的蔬菜。她看到五个人，身体明显僵了一下，然后低下头，匆匆朝相反的方向走去。

"等一下——"薇拉迈步想追上去，但那个女人走得更快了，几乎是小跑着消失在一条小巷里。

"她……害怕我们？"梅丽莎的声音有些困惑。

"不是害怕我们。"凯恩的声音低沉，"是害怕被人看到和我们说话。"

各位，你们继续向教堂前进。你们打算怎么做？
2026-06-27 02:01:56 [97a2c061] 梅丽莎: （梅丽莎注意到那个女人匆忙离去的背影，眉头微微皱起。她的医者本能让她想追上去看看——那个女人的脸色看起来也不太好，也许需要帮助。）

"她……她跑得真快。"（梅丽莎低声说，目光追随着那条小巷的方向。）"她不是怕我们——她是怕被'他们'看到和我们说话。"

（她深吸一口气，将目光转回前方的教堂。尖塔在灰蒙蒙的天色下显得格外阴沉，但她注意到教堂的石墙比周围的木屋要结实得多。）

"至少教堂还在。"（她轻声说。）"如果伊尔明斯特真的还在里面……我们得赶紧过去。趁天还亮着。"

（她加快脚步，跟上队伍。）
2026-06-27 02:01:56 [97a2c061] DM: 五个人加快脚步，穿过空荡荡的街道。那些躲在窗后的目光像无形的针，扎在每个人的后背上。没有人说话，只有急促的脚步声在寂静中回响。

终于，教堂出现在眼前——一座灰石砌成的建筑，尖塔虽然已经锈迹斑斑，但墙壁上隐约可以看到一些刻痕……不是符文，而是某种古老的圣徽。薇拉停下脚步，仔细端详那些刻痕。

"这些是……洛山达的圣徽。"她的声音微微颤抖，"虽然已经很模糊了，但确实是晨曦之主的标记。"

（她抬起头，望向教堂的大门。）

"这座教堂……曾经是供奉洛山达的。"

教堂的大门是厚重的橡木门，上面钉着几排铁钉，铁钉已经锈蚀。门缝中透出微弱的烛光。

索伦伸手推门——门没有锁，缓缓打开。门轴发出轻微的嘎吱声，但不像酒馆那样刺耳——有人在维护这扇门。

门内是一条昏暗的走廊，两旁的墙壁上挂着几盏油灯，灯火微弱但稳定。空气中弥漫着蜡烛和焚香的气味——不是腐败，而是某种……神圣的气息。

走廊尽头是一扇半掩的门，烛光从门缝中透出来。一个低沉的声音从里面传来——像是在祈祷。

"……洛山达，黎明之父，光明的守护者。请照亮这些迷途的灵魂……"

薇拉的圣徽猛然亮了起来——金色的光芒在昏暗的走廊中格外醒目。

各位，你们到达了教堂。里面似乎有人在祈祷。你们打算怎么做？
2026-06-27 02:04:05 [97a2c061] DM: 薇拉的圣徽亮了起来——金色的光芒在昏暗的走廊中格外醒目。她低下头，看着胸前闪烁的圣徽，眼中闪过一丝惊讶和感动。

"……洛山达在这里还有回应。"她低声说，声音微微颤抖。

走廊尽头的祈祷声停顿了一下，然后那个低沉的声音再次响起，这次带着一丝警惕：

"……是谁？"

索伦举起双手，示意没有敌意。"我们是外来者。"他压低声音，"我们从庄园里来——那里有一个祭坛，我们摧毁了它。"

走廊尽头沉默了几秒钟。然后，一扇门缓缓打开，烛光从门缝中涌出来，照亮了一个佝偻的身影——一个瘦削的老人，穿着一件褪色的牧师袍，胸前挂着一个已经模糊的洛山达圣徽。他的头发花白，眼睛深陷但仍然锐利。

"你们……摧毁了祭坛？"他的声音沙哑而惊讶，"那个'新爸爸'……也死了？"

（他没有等回答，自顾自地点了点头。）

"进来吧。"他退后一步，让开门口。"我等你们……等了很久了。"

各位，你们找到了伊尔明斯特牧师。他似乎在等待着什么人。你们打算怎么做？
2026-06-27 02:04:31 [97a2c061] 凯恩: （凯恩跟在索伦身后走进教堂，他的目光迅速扫过昏暗的走廊——墙壁上的油灯、那些已经模糊的洛山达圣徽、以及走廊尽头那个佝偻的身影。当薇拉胸前的圣徽亮起时，他的眼中闪过一丝欣慰——至少在这里，神圣的力量还没有完全熄灭。）

（当伊尔明斯特从房间里走出来时，凯恩仔细打量着这位老牧师。花白的头发、深陷的眼睛、褪色的牧师袍——但那双眼睛仍然锐利，像两颗不肯熄灭的余烬。他能感觉到这位老人身上残存的神圣之力——虽然微弱，但仍然存在。）

（伊尔明斯特的惊讶让凯恩上前一步，声音平静而清晰。）

"是的，牧师先生。我们从山上那栋庄园来。那里的地下室有一个祭坛，我们摧毁了它。"（他顿了顿，从腰间取出那封伊莉莎白·杜兰德的信，递向老人。）"我们也找到了这封信——伊莉莎白·杜兰德留下的。她提到了你——也提到了那个祭坛。"

（他的目光紧盯着伊尔明斯特的反应。）

"我们需要你的帮助。"（他的声音放低了，语气变得认真。）"酒馆老板告诉我们，你是这里少数还清醒的人之一。他提到了'锚点'——那个黑暗力量控制这里的方式。我们在庄园里摧毁了一个锚点，但那个'新爸爸'在临死前提到了'真正的主人'，还提到了那座城堡。"

（他朝窗外远处那座巍峨城堡的方向看了一眼。）

"我们是外来的——被雾带到了这里。我想知道：怎么才能离开巴洛维亚？那个城堡里的'真正的主人'到底是谁？还有——"（他的声音更低了，目光落在薇拉身上。）"薇拉的圣光几乎耗尽了，但她仍然能在这里感受到洛山达的回应。这座教堂……还有多少神圣的力量？"
2026-06-27 02:04:42 [97a2c061] DM: 凯恩将那封伊莉莎白·杜兰德的信递给伊尔明斯特。老牧师接过信，借着烛光仔细阅读。他的表情从惊讶变成了沉痛，最后变成了某种……释然。

"伊莉莎白……"他低声念着这个名字，枯瘦的手指轻轻抚过信纸上的字迹。"她终究还是没能逃出去。"

（他将信纸折好，放回凯恩手中。）

"她是杜兰德庄园的女主人。一个善良的女人——比这村子大多数人都要勇敢。当那个东西开始控制村民时，她是第一个站出来反抗的人。她把孩子藏了起来，然后……下到地下室，试图摧毁祭坛。"

（他的声音变得低沉。）

"她没能成功。那个'新爸爸'发现了她……她再也没有上来。但她在死之前留下了这封信——她知道总有一天，会有人需要这些信息。"

薇拉走上前，双手合十。"牧师先生，我是薇拉——侍奉晨曦之主洛山达的牧师。我来到这里之后，感觉我的力量几乎被耗尽了。但您……您是如何保持清醒的？"

伊尔明斯特看着她胸前的圣徽，浑浊的眼睛里闪过一丝温柔。

"孩子……你的力量没有消失。它只是被这片土地的黑暗压制了。"（他的声音变得缓慢而沉重。）"洛山达的光芒在这里从未熄灭——只是变得微弱了。但只要你坚守信仰，它就不会消失。"

（他转身走向走廊尽头的房间，示意众人跟上。）

"进来吧。我有很多事情要告诉你们——关于这片土地，关于那个'主人'，关于……如何离开这里。"

各位，你们找到了伊尔明斯特牧师。他似乎知道很多关于巴洛维亚的秘密。你们打算怎么做？
2026-06-27 02:06:07 [97a2c061] 薇拉: （薇拉走上前，双手合十，向老牧师深深鞠了一躬。她的圣徽仍在微微发光，与伊尔明斯特胸前那枚模糊的圣徽遥相呼应。）

"牧师先生……我是薇拉，同样侍奉晨曦之主洛山达的牧师。"（她的声音带着一丝颤抖——不是恐惧，而是某种更深层的情感。在这片被黑暗笼罩的土地上，她太久没有见过洛山达的同道了。）

"我的力量……来到巴洛维亚之后几乎被完全压制。刚才在走廊里，我的圣徽突然亮起来——那是洛山达的回应。在这里，他的光芒还没有完全熄灭。"

（她直起身，目光诚恳地看着老牧师。）

"伊莉莎白的信里提到了一个地下室的祭坛——我们摧毁了它。但那个'新爸爸'在临死前提到了'真正的主人'和鸦阁城堡。这说明……祭坛只是冰山一角。"

（她的眉头紧锁，声音压低。）

"您在这里多久了？您知道这片土地的真相吗？洛山达的信仰……是否还有其他人坚守？还有——"（她顿了顿，目光落在窗外那片灰蒙蒙的天空。）"——有没有办法离开巴洛维亚？"
2026-06-27 02:06:17 [97a2c061] DM: 伊尔明斯特将众人领进一间狭小的书房。房间里只有一张木桌、几把椅子和一个落满灰尘的书架。桌上点着两支蜡烛，烛光在昏暗中摇曳。

老牧师坐在桌旁，枯瘦的手指交叉放在膝上。他的目光扫过每一个人，最后落在薇拉身上。

"孩子，你说得对——祭坛只是冰山一角。"他的声音缓慢而沉重，像是在讲述一个古老的故事。

"巴洛维亚……已经被黑暗笼罩了数百年。那个'主人'——他的名字叫斯特拉德·冯·扎洛维奇。曾经是一位贵族，一位领主。但现在……他已经不再是人了。"

（他顿了顿，目光变得深远。）

"他是一个吸血鬼。一个拥有超自然力量的存在。他用迷雾将巴洛维亚与外界隔绝，用不死生物控制着这片土地上的一切。那些被控制的村民……他们不是死了，而是被他的意志奴役了。"

薇拉的脸色变得苍白。"吸血鬼……那不是普通的不死生物。"

"是的。"伊尔明斯特点了点头。"斯特拉德不是普通的吸血鬼。他拥有智慧、策略、以及……无尽的耐心。他不急于消灭我们——他在玩一个游戏。一个他已经玩了几百年的游戏。"

（他的目光落在窗外那片灰蒙蒙的天空上。）

"至于离开巴洛维亚……我研究了很多年，只找到一种方法——穿过迷雾。但迷雾不是普通的雾……它有意志。它会选择谁能离开，谁必须留下。"

（他转向薇拉，语气变得认真。）

"但首先——你们需要活着。斯特拉德不会坐视你们摧毁他的祭坛而不采取行动。他很快就会知道你们的存在。"

各位，你们从伊尔明斯特那里得到了关于巴洛维亚的更多信息。你们打算怎么做？
2026-06-27 02:07:51 [97a2c061] 弗林特: （弗林特坐在酒馆角落里，背部靠着冰凉的石墙，粗壮的手臂环抱在胸前。达米安蜷缩在他脚边的毯子里，呼吸均匀——终于睡踏实了。矮人低头看了一眼男孩，确认他没有踢被子，然后将目光转向壁炉旁那个瘦骨嶙峋的酒馆老板。）

"老头。"（他的声音压得很低，像是怕吵醒达米安。）"趁我那帮同伴还没回来，你跟我说说——这村子的情况，你到底知道多少？"

（他伸手从怀里摸出一小块从庄园里顺手带出来的干面包，掰了一半放在达米安的毯子边，另一半塞进嘴里嚼着。）

"那个吸血鬼——斯特拉德——他控制这个村子多久了？几十年？几百年？你在这里活了多久？"

（他用粗糙的手指揉了揉前臂上的绷带，梅丽莎包扎的伤口还在隐隐发痛。）

"还有——你说村子里有些被控制的人，白天像梦游，晚上出来巡逻。他们是活人还是死人？被控制之后……还有没有恢复的可能？"

（他的目光落在那个铁盒上——老人之前说那个"新爸爸"总是随身携带的东西。他把铁盒放在桌上，用指节敲了敲。）

"这盒子你真不知道是什么？那个'新爸爸'从来不离身——里面要是装着什么重要的东西，我们得想办法打开。我刚才试了，锁锈死了。你这儿有没有什么能用的工具？钳子、铁丝、或者哪怕一根硬铁钉？"

（他的语气很实际——不是在闲聊，是在为接下来的行动做准备。不管教堂那边的同伴带回来什么消息，他们总得有些能用的东西。）
2026-06-27 02:08:05 [97a2c061] DM: 老人听到弗林特的问题，沉默了很久。他端起酒杯，发现已经空了，便将杯子倒过来，让最后一滴酒滴落在桌面上。

"多久？"他的声音沙哑而疲惫，"……我不记得了。也许五十年，也许一百年。时间在这里……变得模糊。太阳升起来，又落下去，但日子……日子像是被什么东西粘住了，一天和一天没有区别。"

（他苦笑了一声，将空酒杯放在桌上。）

"我出生在这间酒馆里。我父亲是酒馆老板，我父亲的父亲也是。我们家……世代经营这间酒馆。但自从那个东西来了之后……一切都变了。"

（他的目光变得深远，像是在回忆什么遥远的事情。）

"他刚来的时候，是一个英俊的年轻人。穿着华丽的衣服，骑着黑色的马。村里的人……都很欢迎他。他有钱，有势，有魅力。但很快……我们发现他不是人。"

（他的声音低了下去。）

"他开始……控制我们。先是几个人，然后是更多。到了最后，整个村子都成了他的……牧场。我们是他的羊，他是牧羊人。他想什么时候来取，就什么时候来取。"

弗林特听到"牧场"这个词，眉头紧锁。"……他吸血？"

老人点了点头，枯瘦的手指抚过脖子上的旧伤疤。"每隔一段时间，他就会来。选几个人……带走。有些人回来了，有些人……没有。"

（他抬起手，指向窗外那片死寂的村庄。）

"那些被控制的人……他们就是那些被带回来的人。他们还活着，但已经不是他们自己了。他们的眼睛……空洞，像是被什么东西掏空了。"

弗林特沉默了片刻，目光落在沉睡中的达米安身上。"……那个孩子呢？他怎么没被控制？"

老人摇了摇头。"我不知道。也许是因为他太小了……也许是因为他的母亲保护了他。但不管怎样——他是这个村子里少数还清醒的孩子之一。"

（他顿了顿，目光变得锐利。）

"矮人，你和你的同伴……你们摧毁了庄园里的祭坛。那是第一步。但要彻底打破斯特拉德的控制……你们需要摧毁更多的锚点。而最终——你们需要面对他本人。"

弗林特沉默了很久，最终只是点了点头。"……我知道。"

各位，弗林特在酒馆里从老板那里得到了更多信息。与此同时，其他人还在教堂和伊尔明斯特牧师交谈。你们打算怎么做？
2026-06-27 02:08:14 [97a2c061] 梅丽莎: （梅丽莎听到"吸血鬼"这个词时，脸色变得煞白。她的手不自觉地摸向药包——那里装着她的全部家当，但对付吸血鬼……草药和绷带能有什么用？）

"几百年……"（她低声重复，声音几乎听不见。）"我们被困在一个被吸血鬼控制了几百年的地方……"

（她深吸一口气，强迫自己冷静下来。恐惧解决不了任何问题——这是她在药铺里学到的。遇到烫伤先浇冷水，遇到毒蛇先保持距离，遇到恐慌先深呼吸。）

"牧师先生……"（她转向伊尔明斯特，声音虽然还在发抖，但努力保持平稳。）"那些被控制的村民……他们还有救吗？如果祭坛的力量是控制他们的'锚点'——我们摧毁了庄园里的祭坛，他们有没有可能恢复清醒？"

（她的目光落在自己药包上那些所剩无几的草药上。）

"我不懂什么圣光或者黑暗魔法……但我是一个治疗者。如果他们的身体还在正常运转，如果他们的意识只是被压制而不是被摧毁……也许有什么办法能帮他们。"

（她顿了顿，语气变得更加认真。）

"还有——您在这里这么多年……有没有见过类似的症状？比如嘴唇发青、皮肤上有灰斑、精神恍惚但不是完全失去意识的？酒馆里那个老人……我觉得他可能只是精神上的创伤，不是被控制。如果能证明这些人还有自主意识，我们也许能找到唤醒他们的方法。"
2026-06-27 02:08:25 [97a2c061] DM: 梅丽莎的问题让伊尔明斯特的目光柔和了一些。他看着这个年轻的人类女孩——手在发抖，但眼神中有一种不肯放弃的光。

"你是个治疗者。"他说，不是疑问，而是陈述。

梅丽莎点了点头。"我是药剂师……也是草药师。我治不了什么大病，但……如果他们的身体还在正常运转，如果他们的意识只是被压制而不是被摧毁……"

伊尔明斯特沉默了片刻，然后缓缓开口。

"你的直觉是对的。那些被控制的村民……他们的灵魂并没有被摧毁。斯特拉德控制他们的方式更像是……奴役。他用黑暗的力量压制了他们的意志，但他们的意识仍然存在——就像被关在笼子里的囚徒。"

（他从书架上抽出一本泛黄的书籍，翻到某一页。）

"摧毁祭坛……确实切断了他们与斯特拉德之间的一个锚点。但问题是——每个被控制的人都有一个独立的锚点。一个祭坛能影响整个区域的控制力，但要真正解放一个人……需要单独切断他身上的连接。"

（他合上书，看着梅丽莎。）

"但有一种方法——洛山达的净化仪式。如果我能恢复足够的力量，也许可以尝试……但这需要时间。而且——"

（他的声音低了下去。）

"——这需要斯特拉德不在场的情况下进行。如果他在仪式中途发现……后果不堪设想。"

薇拉站起身，双手合十。"牧师先生，如果您愿意教导我……我愿意协助您。洛山达的光芒虽然微弱，但我相信——只要我们坚守信仰，它就不会熄灭。"

伊尔明斯特看着她，浑浊的眼睛里闪过一丝欣慰。"好孩子。也许……也许你们的到来，就是洛山达的回应。"

（他站起身来，走到窗边。窗外，灰蒙蒙的天空中，太阳正在缓慢地西沉。）

"天快黑了。你们今晚留在教堂里——这里有洛山达的庇护，斯特拉德的力量会被削弱。明天……我们再商量下一步。"

各位，你们从伊尔明斯特那里得到了关于巴洛维亚的更多信息。你们打算怎么做？
2026-06-27 02:08:48 [97a2c061] 凯恩: （凯恩一直在仔细聆听伊尔明斯特的每一句话，手指无意识地在法术书的封面上轻轻摩挲。当听到"净化仪式"和"摧毁所有锚点"时，他的眼睛亮了一下——那是学者在听到关键线索时的本能反应。）

"牧师先生——"（他向前倾了倾身子，声音沉稳但带着急切。）"您提到了'净化仪式'和'洛山达的净化仪式'。如果我没理解错的话——这个仪式需要恢复足够的神圣力量才能执行，而且必须在斯特拉德不在场的情况下进行？"

（他站起身来，走到书架旁，目光扫过那些落满灰尘的书籍。）

"我在学院里研究过类似的概念——大规模的解除诅咒法术通常需要一个'锚定物'和一个'施法者'。如果净化仪式是关键……那我们需要的不仅是力量，还有时间和信息。"

（他转身面向伊尔明斯特，目光锐利。）

"我有几个问题——第一，净化仪式的具体要求是什么？需要什么材料、什么条件？第二，斯特拉德的活动规律是什么？他什么时候最不可能出现？第三——"

（他的声音压得更低。）

"那些被控制的村民——如果我们能在净化仪式中切断他们与斯特拉德的连接，他们有可能恢复清醒吗？我的同伴梅丽莎是个治疗者，她一直在关心那些村民的状况。如果净化仪式不只是'摧毁力量'，而是'恢复意志'……那这场战斗的意义就完全不同了。"

（他顿了顿，目光落在薇拉身上。）

"薇拉，你的圣光虽然微弱了，但在这座教堂里仍然有洛山达的回应。伊尔明斯特牧师在这里坚守了这么多年……也许净化仪式的第一步，就是恢复你们的力量。"
2026-06-27 02:09:00 [97a2c061] DM: 凯恩的问题让伊尔明斯特的眼中闪过一丝赞许。他缓缓点头，枯瘦的手指在桌面上轻轻敲击。

"你的理解很准确，年轻人。"他的声音低沉而缓慢。"净化仪式需要三个条件："

（他竖起一根枯瘦的手指。）"第一，足够的神圣力量。洛山达的光芒虽然微弱，但只要有一个足够虔诚的施法者，就能汇聚足够的力量。"

（竖起第二根手指。）"第二，所有的锚点必须被摧毁。只要还有一个锚点存在，斯特拉德的力量就会不断渗透，仪式就会被打断。"

（竖起第三根手指。）"第三——也是最重要的——斯特拉德必须不在场。他的力量太强大了，如果他在仪式进行时发现……他会轻易摧毁一切。"

（他站起身来，走到窗边。窗外，太阳已经沉入了地平线，灰蒙蒙的天空开始变暗。）

"摧毁锚点……我知道其中几个的位置。庄园里的祭坛——你们已经摧毁了。还有几个分布在巴洛维亚的不同地方：教堂的地下室、村外的一座磨坊、还有一座废弃的宅邸……"

（他转身面向众人，目光深邃。）

"但最大的锚点……在鸦阁城堡。那是斯特拉德的巢穴，也是他力量的核心。要彻底打破巴洛维亚的诅咒……最终你们必须面对他。"

薇拉站起身，双手合十。"牧师先生，如果您愿意教导我……我愿意协助您。洛山达的光芒虽然微弱，但我相信——只要我们坚守信仰，它就不会熄灭。"

伊尔明斯特看着她，浑浊的眼睛里闪过一丝欣慰。"好孩子。也许……也许你们的到来，就是洛山达的回应。"

（他顿了顿，语气变得严肃。）

"但今晚——你们需要休息。斯特拉德的力量在夜晚最强，教堂的庇护会在天黑后激活。在这里，你们是安全的。明天……我们再商量下一步。"

各位，你们从伊尔明斯特那里得到了关于净化仪式和锚点的信息。你们打算怎么做？
2026-06-27 02:09:12 [97a2c061] 艾琳娜: （艾琳娜一直站在书房门口，背靠门框，双臂交叉抱在胸前。她没有插话——老牧师说的每一个字她都听进去了，像在暗巷中记路一样，把关键信息刻进脑子里。）

（当伊尔明斯特说完三个条件后，她终于开口了。声音不高，但清晰。）

"三个条件——力量、锚点、斯特拉德不在场。"（她竖起三根手指。）"第一个条件，薇拉和你能解决。第二个条件，需要知道所有锚点的位置。第三个条件——"

（她的目光变得锐利。）

"——谁来引开一个活了几百年的吸血鬼？这不是去酒馆偷酒，这是去骗一个全知全能的怪物离开自己的领地。"

（她从门框上直起身，走近几步。）

"牧师先生，您在这里这么多年，您知道他的活动规律吗？他什么时候会离开城堡？或者——有没有什么东西能把他引出来？"

（她顿了顿，目光扫过窗外逐渐暗下来的天色。）

"还有……天快黑了。我们今晚能留在教堂吗？如果外面那些被控制的村民在夜间巡逻——我可不想在雾里和他们玩捉迷藏。"
2026-06-27 02:09:21 [97a2c061] DM: 伊尔明斯特听到艾琳娜的问题，沉默了很久。他的目光落在窗外那片逐渐变暗的天空上，像是在回忆什么遥远的事情。

"……他不经常离开城堡。"他的声音低沉而缓慢，"鸦阁城堡是他的巢穴，也是他力量的核心。他……更喜欢待在那里，俯瞰他统治的一切。"

（他转过身，目光扫过每一个人。）

"但每隔一段时间——也许是几个月，也许是一年——他会离开城堡，去巡视他的领地。不是因为需要，而是因为……他享受恐惧。他喜欢看到村民在他面前颤抖的样子。"

（他的声音变得低沉。）

"至于什么时候……我不确定。但有一个规律——每逢满月，他最有可能离开城堡。满月之夜，他的力量最强，他会出去……狩猎。"

艾琳娜的眼睛微微眯起。"满月……下一个满月是什么时候？"

伊尔明斯特摇了摇头。"我不确定。这里的月亮……和外面的不一样。它不受自然规律的控制——斯特拉德可以随意改变它。但如果你想利用他的出行……我们需要一个诱饵。一个能让他离开城堡足够久的东西。"

（他的目光变得深远。）

"也许……一件他一直在寻找的东西。一件他以为已经失传的东西。"

（他看向薇拉胸前的圣徽。）

"也许……一件属于洛山达的东西。"

薇拉的圣徽在昏暗中微微闪烁了一下，像是在回应什么。

各位，你们从伊尔明斯特那里得到了关于斯特拉德活动规律的信息。你们打算怎么做？
2026-06-27 02:09:27 [97a2c061] 索伦: （索伦一直沉默地靠在书房的墙角，双臂抱胸。其他人都在说话——薇拉的虔诚、凯恩的学识、艾琳娜的警觉、梅丽莎的关怀——而他只是听着，像一个在战场上观察地形的斥候，把每一条信息都刻进脑子里。

当艾琳娜问出那个问题时，他终于开口了。）

"艾琳娜说得对。第三个条件是最难的。"

（他从墙角直起身，走到窗边。窗外，太阳已经完全沉入地平线，最后一缕余晖正在消失。远处那座城堡的轮廓在暮色中更加清晰——黑色的尖塔像一只蹲伏的猛兽。）

"我在边防军的时候，遇到过类似的情况——不是吸血鬼，是一头盘踞在山谷里的巨蜥。它杀了我们三个人，但我们不能正面硬拼。所以我的队长想了一个办法——用火把和声响把它引出巢穴，然后一支小队从后方绕进去，烧了它的窝。"

（他转身面向众人，目光落在伊尔明斯特身上。）

"牧师先生，我有两个问题。第一——斯特拉德有没有什么他不得不回应的东西？比如说，如果城堡遭到攻击，他会回去救？第二——您说的净化仪式需要多久？如果我们有人能引开他……其他人有多长时间去摧毁剩下的锚点？"

（他的声音低沉而务实，没有任何感情色彩——纯粹的战术评估。）

"我们需要一个时间窗口。不是无限的——可能只有几个小时，甚至更短。所以每一步都得算清楚。"

2026-06-27 02:09:39 [97a2c061] DM: 索伦的话让所有人都安静下来，目光集中在他身上。

"……用火把和声响把它引出巢穴，然后一支小队从后方绕进去，烧了它的窝。"他的声音低沉而冷静，"那头巨蜥比我们任何人都强——但我们不需要杀死它。我们只需要让它离开足够久。"

（他转身面向众人，目光落在伊尔明斯特身上。）

"牧师先生，我有两个问题。第一——斯特拉德有没有什么他不得不回应的东西？比如说，如果城堡遭到攻击，他会回去救？第二——您说的净化仪式需要多久？如果我们有人能引开他……其他人有多长时间去摧毁剩下的锚点？"

（他的声音低沉而务实，没有任何感情色彩——纯粹的战术评估。）

"我们需要一个时间窗口。不是无限的——可能只有几个小时，甚至更短。我们需要知道：引开他需要多长时间？净化仪式需要多长时间？摧毁锚点需要多长时间？"

（他看向每一个人。）

"然后——我们需要一个计划。谁去引开他？谁去摧毁锚点？谁来执行净化仪式？我们需要分工。"

伊尔明斯特听到索伦的话，浑浊的眼睛里闪过一丝赞许。"你是个战士。"他说，不是疑问，而是陈述。

索伦点了点头。"边防军斥候。五年。"

"好。"伊尔明斯特站起身来，走到书架旁，从最底层抽出一本厚重的书。"让我告诉你们……我知道的所有关于斯特拉德的信息。"

（他翻开书，烛光照亮了泛黄的书页。）

"斯特拉德……他有一个弱点。不是阳光——虽然阳光会削弱他，但不会杀死他。不是银器——虽然银能伤害他，但不是致命的。"

（他的手指停在书页的某一段上。）

"他的弱点……是他的过去。他曾经是一个人——一个贵族，一个领主，一个……爱人。他为了一个女人背叛了自己的血脉，变成了现在这个样子。那个女人的名字……叫做塔利亚。"

（他抬起头，目光扫过每一个人。）

"如果有什么东西能让他离开城堡……也许是与塔利亚有关的东西。一件信物，一段记忆，一个……他无法忽视的诱饵。"

各位，你们得到了关于斯特拉德弱点的信息。你们打算怎么做？
2026-06-27 02:10:18 [97a2c061] 薇拉: （薇拉一直安静地听着伊尔明斯特的解释和索伦的战术分析。当索伦问完两个问题后，她沉思了片刻，然后缓缓开口。）

"牧师先生，关于净化仪式……"（她的声音平稳但带着一丝凝重。）"如果我来执行这个仪式，我需要知道——仪式本身需要多长时间？在那段时间里，我是否完全无法行动？"

（她转向索伦，目光中带着一种坦诚。）

"索伦，你说得对——我们需要一个时间窗口。如果净化仪式需要几个小时，那意味着我们需要有人在鸦阁城堡附近引开斯特拉德至少那么久。但如果我们能找到他巡视领地的时机……也许我们不需要去城堡——我们只需要在他离开的时候行动。"

（她站起身来，走到窗边。窗外，夜色已经完全降临，远处那座黑色城堡的轮廓在月光下显得格外阴森。）

"还有——"（她的声音压低，目光落在窗外那些偶尔闪过的身影上。）"那些被控制的村民……如果我们能在净化仪式中同时解除他们的束缚，那不只是打破诅咒——那是拯救数百个灵魂。"

（她转身面向伊尔明斯特，双手合十。）"牧师先生，我愿意承担这个仪式。洛山达的力量虽然微弱，但我相信……只要我们找到所有锚点，只要斯特拉德不在场……我们能做到。"

（她的目光扫过每一个人，语气变得坚定。）"但我们今晚需要休息。明天……我们去寻找那些锚点。"
2026-06-27 02:10:30 [97a2c061] DM: 伊尔明斯特听到薇拉的问题，沉默了片刻。他的手指在书页上轻轻摩挲，像是在衡量每个字的分量。

"净化仪式……需要大约两个小时。"他的声音缓慢而沉重。"在那段时间里，施法者会完全沉浸在神圣之力中，无法移动、无法战斗、无法自卫。薇拉……你会像一尊雕像一样站在那里，任由任何东西靠近你。"

（他抬起头，目光扫过每一个人。）

"这就是为什么我们需要斯特拉德不在场——不是因为他会干扰仪式，而是因为……如果他在仪式进行时发现你们，他会轻而易举地杀死施法者。而薇拉在那段时间里毫无防备。"

薇拉的脸色微微苍白，但她没有退缩。"我明白。"她的声音平静而坚定。"如果这是打破诅咒的唯一方法……我愿意承担这个风险。"

索伦点了点头，目光落在窗外那片漆黑的夜色中。"所以我们的计划是——引开斯特拉德，确保他至少两个小时不会回来。然后薇拉执行仪式，其他人保护她。"

（他转身面向众人，语气变得严肃。）

"但问题是谁去引开他。那不是普通的任务——面对一个活了几百年的吸血鬼，引开他意味着……可能会死。"

弗林特的声音从酒馆方向传来——他通过一扇打开的窗户听到了他们的对话。"我去。"他的声音低沉而坚定。"我的锤子砸了祭坛，我知道怎么吸引那东西的注意力。而且……"

（他看了一眼身旁沉睡的达米安。）

"……这孩子需要一个安全的地方。如果仪式成功，巴洛维亚的诅咒就会解除，他就不用再躲躲藏藏了。"

薇拉走到窗边，看着远处那座黑色的城堡轮廓。"弗林特……那可能是单程票。你确定吗？"

矮人沉默了片刻，然后露出一个粗犷的笑容。"矮人从不食言——但也没人说过矮人不能死得轰轰烈烈。"

各位，弗林特主动提出去引开斯特拉德。你们打算怎么做？
2026-06-27 02:12:27 [97a2c061] 梅丽莎: （梅丽莎听到"两个小时"时，心猛地一沉。两个小时无法移动、无法自卫……在那种状态下，哪怕是一只老鼠都能致命。）

"两个小时……"（她低声重复，目光落在薇拉身上。）"薇拉，你确定吗？如果你在仪式中途被打断——不只是仪式失败，你自己也可能……"

（她咬了咬嘴唇，没有说完。但她的话已经说得很清楚了。）

（她站起身来，走到薇拉面前，蹲下身子检查她的状态。薇拉的嘴唇仍然苍白，鼻血虽然止住了，但眼窝下方有明显的青黑色——那是过度使用神圣力量的后遗症。）

"你的身体状况……如果要执行两个小时的仪式，你现在的体力够吗？"（她的声音带着医者的严肃。）"你已经消耗了太多神圣之力。如果仪式需要持续两个小时的高强度输出……你需要休息，需要进食，需要我帮你调整到最佳状态。"

（她转向伊尔明斯特，语气变得认真。）

"牧师先生——仪式进行时，需要有人守护薇拉。我不会战斗，但我可以在仪式现场待命。如果薇拉的身体出现任何异常——心率过快、呼吸困难、体温骤降——我可以第一时间处理。我是治疗者……保护施法者的身体，应该是我能做的事。"

（她站起身来，扫视在场的每一个人。）

"其他人负责挡住任何靠近的东西。我负责确保薇拉在两个小时里不会因为身体崩溃而死掉。这样分工合理吗？"
2026-06-27 02:12:39 [97a2c061] DM: 梅丽莎的话让薇拉沉默了。她低下头，看着自己颤抖的双手——指尖还残留着使用圣光后的微弱金色光泽，但已经暗淡得几乎看不见了。

"……我不确定。"她的声音很轻，带着一丝诚实的疲惫。"在庄园里，我几乎耗尽了所有的力量。如果仪式需要两个小时的高强度输出……"

（她抬起头，目光落在伊尔明斯特身上。）

"牧师先生，有没有什么方法……能让我在短时间内恢复一些神圣之力？"

伊尔明斯特站起身，走到书架旁，从最上层取出一只落满灰尘的小瓶子。瓶子里装着某种金色的液体，在烛光下微微闪烁。

"这是……洛山达的圣水。"他的声音低沉，"我自己配制的——用清晨的第一缕阳光和纯净的泉水。它不能恢复你的力量，但可以……净化你体内的黑暗残留，让你的身体更快恢复。"

（他将瓶子递给薇拉。）

"今晚喝下它，好好睡一觉。明天早上，你应该能恢复一些力量。不是全部——但足够执行仪式。"

薇拉接过瓶子，金色的液体在她手中微微发光。"谢谢您，牧师先生。"

梅丽莎站起身，拍了拍薇拉的肩膀。"今晚我来守着你。如果你的身体出现任何异常——心率过快、呼吸困难、体温骤降——我会第一时间处理。我是治疗者……保护施法者的身体，应该是我能做的事。"

（她转向众人，语气变得认真。）

"其他人负责挡住任何靠近的东西。我不会战斗，但我可以在仪式现场待命。如果薇拉的身体出现任何问题……我可以第一时间处理。"

索伦点了点头，目光落在窗外那片漆黑的夜色中。"好。分工明确了——弗林特去引开斯特拉德，薇拉执行净化仪式，梅丽莎保护薇拉，凯恩提供法术支援，我和艾琳娜负责战斗。"

（他看向每一个人。）

"但我们有一个问题——仪式在哪里执行？教堂？还是别的地方？"

各位，你们正在制定计划。你们打算怎么做？
2026-06-27 02:13:42 [97a2c061] 索伦: （索伦看了一眼窗外已经完全暗下来的天色，又看了看薇拉苍白的脸和伊尔明斯特手中的金色小瓶。他的眉头紧锁，但声音仍然平稳。）

"天黑了。"

（他转向伊尔明斯特，语气直接而务实。）

"牧师先生，外面那些被控制的村民——您说过他们夜晚会在街上巡逻。我们现在出去不现实。今晚我们能留在教堂吗？"

（他扫了一眼在场的每一个人——薇拉需要恢复，梅丽莎的药水几乎耗尽，凯恩体力透支，艾琳娜的手臂上还有浅浅的伤口。）

"薇拉需要时间恢复力量。我们所有人也需要休息。如果教堂还有神圣力量的庇护……这里应该是整个村子最安全的地方。"

（他的目光落在伊尔明斯特身上，语气变得认真。）

"明天一早，我们需要知道那些锚点的位置。您说庄园的祭坛只是一个——还有哪些？它们分布在什么地方？"

（他顿了顿，补充道。）

"还有——弗林特和达米安还在酒馆。天黑之前，我需要想办法通知他们一声。如果外面太危险，也许明天一早我们先回酒馆接他们，再一起行动。"

2026-06-27 02:13:57 [97a2c061] DM: 伊尔明斯特点了点头。"当然可以。教堂虽然破旧，但洛山达的庇护仍然存在——在这里，斯特拉德的力量会被削弱，那些被控制的村民也不会靠近。"

（他站起身来，走到走廊尽头，推开一扇小门。）

"这里有几间简陋的客房。不是什么舒适的地方——但至少有床和毯子。"

薇拉将那瓶金色的圣水一饮而尽。温热的液体顺着喉咙流下，她的身体微微一颤——不是痛苦，而是某种温暖的感觉正在从体内扩散开来。她闭上眼睛，低声念了一句祈祷。

"洛山达……感谢你的恩赐。"

梅丽莎帮她检查了一下身体状况，确认没有异常后，才放心地让她去休息。

凯恩靠在书架旁，法术书摊开在膝上，但他的目光并不在那些符文上——他在思考。关于净化仪式、关于斯特拉德的弱点、关于那封信里提到的一切……

艾琳娜坐在窗边，匕首横在膝上，目光扫视着窗外的黑暗。月光透过玻璃洒进来，将她的影子拉得很长。

索伦走到酒馆门口，推开门看了一眼外面。街道上空无一人——只有偶尔传来的脚步声在远处回荡，那是被控制的村民在巡逻。

"……暂时安全。"他低声说，将门关上。"但别放松警惕。"

弗林特的声音从酒馆方向传来——他通过那扇打开的窗户听到了他们的对话。

"……我去。"他的声音低沉而坚定。"我的锤子砸了祭坛，我知道怎么吸引那东西的注意力。而且……"

（他看了一眼身旁沉睡的达米安。）

"……这孩子需要一个安全的地方。如果仪式成功，巴洛维亚的诅咒就会解除，他就不用再躲躲藏藏了。"

薇拉走到窗边，看着远处那座黑色的城堡轮廓。"弗林特……那可能是单程票。你确定吗？"

矮人沉默了片刻，然后露出一个粗犷的笑容。"矮人从不食言——但也没人说过矮人不能死得轰轰烈烈。"

各位，弗林特主动提出去引开斯特拉德。你们打算怎么做？
